TAP version 13
# Subtest: aim cursor slows while focused, stays bounded, and accelerates smoothly on release
ok 1 - aim cursor slows while focused, stays bounded, and accelerates smoothly on release
  ---
  duration_ms: 1.117716
  type: 'test'
  ...
# Subtest: hipfire reaches a mid-range target promptly while focused aim keeps its weight
ok 2 - hipfire reaches a mid-range target promptly while focused aim keeps its weight
  ---
  duration_ms: 1.841217
  type: 'test'
  ...
# Subtest: Static carries more weight than the rifle but less than its sights
ok 3 - Static carries more weight than the rifle but less than its sights
  ---
  duration_ms: 0.590838
  type: 'test'
  ...
# Subtest: an unknown weapon falls back to the loose profile
ok 4 - an unknown weapon falls back to the loose profile
  ---
  duration_ms: 0.213779
  type: 'test'
  ...
# Subtest: Sightline scoped cursor has slight weight, lighter than normal focused aim
ok 5 - Sightline scoped cursor has slight weight, lighter than normal focused aim
  ---
  duration_ms: 0.408358
  type: 'test'
  ...
# Subtest: only the point-aimed weapons are damped
ok 6 - only the point-aimed weapons are damped
  ---
  duration_ms: 1.147831
  type: 'test'
  ...
# Subtest: a cursor beyond the cutoff is followed exactly once the turn settles
ok 7 - a cursor beyond the cutoff is followed exactly once the turn settles
  ---
  duration_ms: 2.627807
  type: 'test'
  ...
# Subtest: outside the cutoff the focus point keeps the cursor depth
ok 8 - outside the cutoff the focus point keeps the cursor depth
  ---
  duration_ms: 0.157437
  type: 'test'
  ...
# Subtest: rotation continues inside the cutoff rather than stopping
ok 9 - rotation continues inside the cutoff rather than stopping
  ---
  duration_ms: 0.126791
  type: 'test'
  ...
# Subtest: the same cursor sweep turns less the closer it is
ok 10 - the same cursor sweep turns less the closer it is
  ---
  duration_ms: 0.261057
  type: 'test'
  ...
# Subtest: a still cursor inside the cutoff never drifts or snaps
ok 11 - a still cursor inside the cutoff never drifts or snaps
  ---
  duration_ms: 0.267419
  type: 'test'
  ...
# Subtest: entering the cutoff contributes no rotation on the first frame
ok 12 - entering the cutoff contributes no rotation on the first frame
  ---
  duration_ms: 0.179235
  type: 'test'
  ...
# Subtest: inside the cutoff the focus point is floored at the cutoff depth
ok 13 - inside the cutoff the focus point is floored at the cutoff depth
  ---
  duration_ms: 0.111787
  type: 'test'
  ...
# Subtest: a reversal is a brief turn, not an instant flip
ok 14 - a reversal is a brief turn, not an instant flip
  ---
  duration_ms: 0.363307
  type: 'test'
  ...
# Subtest: an ordinary adjustment still lands within a couple of frames
ok 15 - an ordinary adjustment still lands within a couple of frames
  ---
  duration_ms: 0.385637
  type: 'test'
  ...
# Subtest: the turn ceiling is never exceeded on any single frame
ok 16 - the turn ceiling is never exceeded on any single frame
  ---
  duration_ms: 1.129391
  type: 'test'
  ...
# Subtest: the simulation turns the character smoothly through a close sweep
ok 17 - the simulation turns the character smoothly through a close sweep
  ---
  duration_ms: 210.497189
  type: 'test'
  ...
# Subtest: every house approach reaches a road without crossing any house footprint
ok 18 - every house approach reaches a road without crossing any house footprint
  ---
  duration_ms: 282.680697
  type: 'test'
  ...
# Subtest: boxcars do not generate dirt access paths
ok 19 - boxcars do not generate dirt access paths
  ---
  duration_ms: 73.63441
  type: 'test'
  ...
# Subtest: the indexed approach lookup agrees with a full scan everywhere
ok 20 - the indexed approach lookup agrees with a full scan everywhere
  ---
  duration_ms: 1104.370164
  type: 'test'
  ...
# Subtest: a nova cut short by death still owes its cooldown, and ends (surgeEnd)
ok 21 - a nova cut short by death still owes its cooldown, and ends (surgeEnd)
  ---
  duration_ms: 10.150483
  type: 'test'
  ...
# Subtest: a joiner's own copy mirrors the nova and blast but never runs them
ok 22 - a joiner's own copy mirrors the nova and blast but never runs them
  ---
  duration_ms: 0.976462
  type: 'test'
  ...
# Subtest: shells already fired keep flying after the shooter dies
ok 23 - shells already fired keep flying after the shooter dies
  ---
  duration_ms: 2.95165
  type: 'test'
  ...
# Subtest: the dev damage multiplier cannot push a blast past its cap
ok 24 - the dev damage multiplier cannot push a blast past its cap
  ---
  duration_ms: 6.202121
  type: 'test'
  ...
# Subtest: the hex reads as not ready without ten orbs in hand
ok 25 - the hex reads as not ready without ten orbs in hand
  ---
  duration_ms: 0.489381
  type: 'test'
  ...
# Subtest: auto-range picks what the aim points at, and nothing outside a narrow cone
ok 26 - auto-range picks what the aim points at, and nothing outside a narrow cone
  ---
  duration_ms: 1.064998
  type: 'test'
  ...
# Subtest: a lock holds while two targets sit side by side, so the aim point does not flicker
ok 27 - a lock holds while two targets sit side by side, so the aim point does not flicker
  ---
  duration_ms: 0.365647
  type: 'test'
  ...
# Subtest: assist slides the reach out and bends the aim toward the target, without snapping
ok 28 - assist slides the reach out and bends the aim toward the target, without snapping
  ---
  duration_ms: 11.620064
  type: 'test'
  ...
# Subtest: touch assist sticks to the target while strafing, and lets go when the player turns away
ok 29 - touch assist sticks to the target while strafing, and lets go when the player turns away
  ---
  duration_ms: 4.201045
  type: 'test'
  ...
# Subtest: players outrank props and dummies, and touch gets a slightly wider cone than keys
ok 30 - players outrank props and dummies, and touch gets a slightly wider cone than keys
  ---
  duration_ms: 0.188803
  type: 'test'
  ...
# Subtest: every Ballast kill is the headless death, however the damage built up
ok 31 - every Ballast kill is the headless death, however the damage built up
  ---
  duration_ms: 2.836913
  type: 'test'
  ...
# Subtest: headless knee death removes head, drops gun, splatters forward and cleans up
ok 32 - headless knee death removes head, drops gun, splatters forward and cleans up
  ---
  duration_ms: 18.061954
  type: 'test'
  ...
# Subtest: point-blank hits need a tighter center, with an independent glancing chance
ok 33 - point-blank hits need a tighter center, with an independent glancing chance
  ---
  duration_ms: 0.219515
  type: 'test'
  ...
# Subtest: three regular birds plus a vulture, all sharing one silhouette language
ok 34 - three regular birds plus a vulture, all sharing one silhouette language
  ---
  duration_ms: 2.806505
  type: 'test'
  ...
# Subtest: the vulture soars where the small birds beat
ok 35 - the vulture soars where the small birds beat
  ---
  duration_ms: 0.194848
  type: 'test'
  ...
# Subtest: about one crossing a minute, never bunched and never a long silence
ok 36 - about one crossing a minute, never bunched and never a long silence
  ---
  duration_ms: 0.528087
  type: 'test'
  ...
# Subtest: closest approach is measured over the window both are still flying
ok 37 - closest approach is measured over the window both are still flying
  ---
  duration_ms: 0.276643
  type: 'test'
  ...
# Subtest: a path that would bring two birds close is refused outright
ok 38 - a path that would bring two birds close is refused outright
  ---
  duration_ms: 0.166425
  type: 'test'
  ...
# Subtest: birds never share the sky within the clearance, over a long run
ok 39 - birds never share the sky within the clearance, over a long run
  ---
  duration_ms: 135.768678
  type: 'test'
  ...
# Subtest: a crossing actually passes the camera and then leaves
ok 40 - a crossing actually passes the camera and then leaves
  ---
  duration_ms: 2.288354
  type: 'test'
  ...
# Subtest: wings beat and the bird faces its heading
ok 41 - wings beat and the bird faces its heading
  ---
  duration_ms: 6.520083
  type: 'test'
  ...
# Subtest: birds are decoration: no shadows, and they fly on every preset
ok 42 - birds are decoration: no shadows, and they fly on every preset
  ---
  duration_ms: 59.374189
  type: 'test'
  ...
# Subtest: a roof hides the sky without emptying it
ok 43 - a roof hides the sky without emptying it
  ---
  duration_ms: 5.167606
  type: 'test'
  ...
# Subtest: vultures are the occasional one, not the usual one
ok 44 - vultures are the occasional one, not the usual one
  ---
  duration_ms: 1601.862695
  type: 'test'
  ...
# Subtest: a crossing is unhurried, and takes the same time at any height
ok 45 - a crossing is unhurried, and takes the same time at any height
  ---
  duration_ms: 4.403479
  type: 'test'
  ...
# Subtest: crossings run level and rake shallowly, never climbing and never steep
ok 46 - crossings run level and rake shallowly, never climbing and never steep
  ---
  duration_ms: 16.87832
  type: 'test'
  ...
# Subtest: no path is ever laid across the player
ok 47 - no path is ever laid across the player
  ---
  duration_ms: 31.855504
  type: 'test'
  ...
# Subtest: the solid build is low poly and carries a beak and eyes
ok 48 - the solid build is low poly and carries a beak and eyes
  ---
  duration_ms: 3.399158
  type: 'test'
  ...
# Subtest: the flat build is what Performance flies
ok 49 - the flat build is what Performance flies
  ---
  duration_ms: 0.514262
  type: 'test'
  ...
# Subtest: the vulture was brought down in size
ok 50 - the vulture was brought down in size
  ---
  duration_ms: 0.099722
  type: 'test'
  ...
# Subtest: birds fly at a spread of heights, not one ceiling
ok 51 - birds fly at a spread of heights, not one ceiling
  ---
  duration_ms: 11.408054
  type: 'test'
  ...
# Subtest: the Performance build is flat: no part stands off the plane it is drawn on
ok 52 - the Performance build is flat: no part stands off the plane it is drawn on
  ---
  duration_ms: 1.388696
  type: 'test'
  ...
# Subtest: each flat bird trails one soft slipstream behind it
ok 53 - each flat bird trails one soft slipstream behind it
  ---
  duration_ms: 0.459078
  type: 'test'
  ...
# Subtest: the dev spawn cycles through every shape in turn
ok 54 - the dev spawn cycles through every shape in turn
  ---
  duration_ms: 1.91125
  type: 'test'
  ...
# Subtest: a deliberate spawn is never refused, only moved clear
ok 55 - a deliberate spawn is never refused, only moved clear
  ---
  duration_ms: 1.631598
  type: 'test'
  ...
# Subtest: a wing beat reports itself once per beat, and not while hidden
ok 56 - a wing beat reports itself once per beat, and not while hidden
  ---
  duration_ms: 1.210754
  type: 'test'
  ...
# Subtest: a crossing starts just outside the view, and a distant bird is not heard
ok 57 - a crossing starts just outside the view, and a distant bird is not heard
  ---
  duration_ms: 0.962385
  type: 'test'
  ...
# Subtest: every bird flies nose first, with its wake behind it
ok 58 - every bird flies nose first, with its wake behind it
  ---
  duration_ms: 2.533583
  type: 'test'
  ...
# Subtest: birds read large and calm rather than small and busy
ok 59 - birds read large and calm rather than small and busy
  ---
  duration_ms: 0.162228
  type: 'test'
  ...
# Subtest: plumage is light enough to read against dark ground
ok 60 - plumage is light enough to read against dark ground
  ---
  duration_ms: 0.231065
  type: 'test'
  ...
# Subtest: only the vulture carries extra anatomy
ok 61 - only the vulture carries extra anatomy
  ---
  duration_ms: 1.103444
  type: 'test'
  ...
# Subtest: a beating wing stays on its own side of the bird, in both builds
ok 62 - a beating wing stays on its own side of the bird, in both builds
  ---
  duration_ms: 3.137472
  type: 'test'
  ...
# Subtest: the sky flows both ways: crossings alternate rather than repeat
ok 63 - the sky flows both ways: crossings alternate rather than repeat
  ---
  duration_ms: 2.51064
  type: 'test'
  ...
# Subtest: a bird summoned from the dev tools is on screen within a second
ok 64 - a bird summoned from the dev tools is on screen within a second
  ---
  duration_ms: 1.991743
  type: 'test'
  ...
# Subtest: switching graphics preset does not strand bird geometry on the GPU
ok 65 - switching graphics preset does not strand bird geometry on the GPU
  ---
  duration_ms: 4.320235
  type: 'test'
  ...
# Subtest: the tail and finger outlines are closed, sized and forked per species
ok 66 - the tail and finger outlines are closed, sized and forked per species
  ---
  duration_ms: 0.406049
  type: 'test'
  ...
# Subtest: a crossing reaches past the map when one is known, and far past the view otherwise
ok 67 - a crossing reaches past the map when one is known, and far past the view otherwise
  ---
  duration_ms: 0.115893
  type: 'test'
  ...
# Subtest: a player on the move actually sees most crossings
ok 68 - a player on the move actually sees most crossings
  ---
  duration_ms: 101.080112
  type: 'test'
  ...
# Subtest: small orb blasts do not push; six to twelve orbs progressively increase knockback
ok 69 - small orb blasts do not push; six to twelve orbs progressively increase knockback
  ---
  duration_ms: 33.283318
  type: 'test'
  ...
# Subtest: close grenade pushes about 2.8 metres, less than a dash, without costing stamina
ok 70 - close grenade pushes about 2.8 metres, less than a dash, without costing stamina
  ---
  duration_ms: 3.281036
  type: 'test'
  ...
# Subtest: blast knockback falls off, is blocked by cover, respects walls and resets with spawn speed
ok 71 - blast knockback falls off, is blocked by cover, respects walls and resets with spawn speed
  ---
  duration_ms: 6.289229
  type: 'test'
  ...
# Subtest: thrown blood finds the first wall face along its line, skipping windows and the box it starts in
ok 72 - thrown blood finds the first wall face along its line, skipping windows and the box it starts in
  ---
  duration_ms: 2.405464
  type: 'test'
  ...
# Subtest: drops are one instanced draw, capped per preset; a broken crate takes its drops, a reset takes all
ok 73 - drops are one instanced draw, capped per preset; a broken crate takes its drops, a reset takes all
  ---
  duration_ms: 3.549592
  type: 'test'
  ...
# Subtest: solo RESET MAP puts props, crops and targets back and leaves the player be
ok 74 - solo RESET MAP puts props, crops and targets back and leaves the player be
  ---
  duration_ms: 155.323495
  type: 'test'
  ...
# Subtest: walking through a pool soaks you in stages, leaves prints after, and dries off
ok 75 - walking through a pool soaks you in stages, leaves prints after, and dries off
  ---
  duration_ms: 4.544901
  type: 'test'
  ...
# Subtest: an unseen indoor player does not create a location or building memory, including see-all and callouts
ok 76 - an unseen indoor player does not create a location or building memory, including see-all and callouts
  ---
  duration_ms: 29.173658
  type: 'test'
  ...
# Subtest: watching a doorway entry remembers only the entrance, never hidden movement
ok 77 - watching a doorway entry remembers only the entrance, never hidden movement
  ---
  duration_ms: 8.190066
  type: 'test'
  ...
# Subtest: disappearing elsewhere or moving alongside a door does not invent a room entry
ok 78 - disappearing elsewhere or moving alongside a door does not invent a room entry
  ---
  duration_ms: 8.74692
  type: 'test'
  ...
# Subtest: same-room sight reacquires normally; an observed exit clears building memory
ok 79 - same-room sight reacquires normally; an observed exit clears building memory
  ---
  duration_ms: 2.4456
  type: 'test'
  ...
# Subtest: entry plans can push, wait, or probe and expire without new sightings
ok 80 - entry plans can push, wait, or probe and expire without new sightings
  ---
  duration_ms: 9.126832
  type: 'test'
  ...
# Subtest: probing aims at the entrance lane and has long pauses, with no blind abilities
ok 81 - probing aims at the entrance lane and has long pauses, with no blind abilities
  ---
  duration_ms: 7.187693
  type: 'test'
  ...
# Subtest: indoor firing has fewer attack frames for every loadout, while outdoor fights retain cadence
ok 82 - indoor firing has fewer attack frames for every loadout, while outdoor fights retain cadence
  ---
  duration_ms: 217.361497
  type: 'test'
  ...
# Subtest: the south woodshed hides its occupant and cannot open a position-revealing roof patch
ok 83 - the south woodshed hides its occupant and cannot open a position-revealing roof patch
  ---
  duration_ms: 171.93115
  type: 'test'
  ...
# Subtest: laser warning requires a loaded visible scoped rifle, a beam reaching the bot, and unobstructed height
ok 84 - laser warning requires a loaded visible scoped rifle, a beam reaching the bot, and unobstructed height
  ---
  duration_ms: 10.4826
  type: 'test'
  ...
# Subtest: a normal bot takes time to notice, then sidesteps if no cover exists; it does not reroll each frame
ok 85 - a normal bot takes time to notice, then sidesteps if no cover exists; it does not reroll each frame
  ---
  duration_ms: 24.324782
  type: 'test'
  ...
# Subtest: cautious and wounded bots choose real solid cover; low or destructible props are not sniper cover
ok 86 - cautious and wounded bots choose real solid cover; low or destructible props are not sniper cover
  ---
  duration_ms: 30.50423
  type: 'test'
  ...
# Subtest: healthy aggressive bots charge diagonally but respect allies and treat Breach more cautiously
ok 87 - healthy aggressive bots charge diagonally but respect allies and treat Breach more cautiously
  ---
  duration_ms: 10.682464
  type: 'test'
  ...
# Subtest: a beam from another observed enemy can interrupt an unrelated fight, while hidden shooters cannot
ok 88 - a beam from another observed enemy can interrupt an unrelated fight, while hidden shooters cannot
  ---
  duration_ms: 3.3433
  type: 'test'
  ...
# Subtest: a complete brain moves out of the beam with normal inputs and spends real dodge stamina
ok 89 - a complete brain moves out of the beam with normal inputs and spends real dodge stamina
  ---
  duration_ms: 16.314626
  type: 'test'
  ...
# Subtest: sniper plants to scan empty lanes, sweeps with pauses, then returns to travel
ok 90 - sniper plants to scan empty lanes, sweeps with pauses, then returns to travel
  ---
  duration_ms: 63.191078
  type: 'test'
  ...
# Subtest: scoped perception has no rear proximity vision or tracking across its 45 degree boundary
ok 91 - scoped perception has no rear proximity vision or tracking across its 45 degree boundary
  ---
  duration_ms: 5.343973
  type: 'test'
  ...
# Subtest: tracking waits for setup and scope, leads by commitment and flight, and fires a physical round
ok 92 - tracking waits for setup and scope, leads by commitment and flight, and fires a physical round
  ---
  duration_ms: 22.585203
  type: 'test'
  ...
# Subtest: a lost sniper target triggers only a remembered lane scan, and close pressure returns Sidekick
ok 93 - a lost sniper target triggers only a remembered lane scan, and close pressure returns Sidekick
  ---
  duration_ms: 14.260093
  type: 'test'
  ...
# Subtest: snipers use passable low and breakable cover correctly but never shoot through a solid wall
ok 94 - snipers use passable low and breakable cover correctly but never shoot through a solid wall
  ---
  duration_ms: 1.90336
  type: 'test'
  ...
# Subtest: interiors and crops prevent sniper scans, and an empty rifle is reloaded using normal stance inputs
ok 95 - interiors and crops prevent sniper scans, and an empty rifle is reloaded using normal stance inputs
  ---
  duration_ms: 6.573004
  type: 'test'
  ...
# Subtest: the collider index answers exactly as a full scan does, on the real map
ok 96 - the collider index answers exactly as a full scan does, on the real map
  ---
  duration_ms: 1363.113363
  type: 'test'
  ...
# Subtest: it also matches the axis-aligned margin test the path grid uses
ok 97 - it also matches the axis-aligned margin test the path grid uses
  ---
  duration_ms: 219.075611
  type: 'test'
  ...
# Subtest: the camera moves the ground by whole screen pixels, so thin lines stop shimmering
ok 98 - the camera moves the ground by whole screen pixels, so thin lines stop shimmering
  ---
  duration_ms: 2.250043
  type: 'test'
  ...
# Subtest: every Hollow Wick style has a layout, and each pad room gets one
ok 99 - every Hollow Wick style has a layout, and each pad room gets one
  ---
  duration_ms: 185.838583
  type: 'test'
  ...
# Subtest: the big rooms are furnished whatever walls their doors are in
ok 100 - the big rooms are furnished whatever walls their doors are in
  ---
  duration_ms: 475.774394
  type: 'test'
  ...
# Subtest: no room stands empty: every one places three pieces or more
ok 101 - no room stands empty: every one places three pieces or more
  ---
  duration_ms: 0.527144
  type: 'test'
  ...
# Subtest: every house tells its own story
ok 102 - every house tells its own story
  ---
  duration_ms: 1.716418
  type: 'test'
  ...
# Subtest: a hearth or forge stands under its chimney's stack
ok 103 - a hearth or forge stands under its chimney's stack
  ---
  duration_ms: 0.847734
  type: 'test'
  ...
# Subtest: pieces stand inside the walls, off each other, with heights, and doorways stay clear
ok 104 - pieces stand inside the walls, off each other, with heights, and doorways stay clear
  ---
  duration_ms: 22.578948
  type: 'test'
  ...
# Subtest: a round fired straight in through every open window flies 1.5 m past the wall line
ok 105 - a round fired straight in through every open window flies 1.5 m past the wall line
  ---
  duration_ms: 139.022045
  type: 'test'
  ...
# Subtest: robots reach all of every room's open floor on the nav grid
ok 106 - robots reach all of every room's open floor on the nav grid
  ---
  duration_ms: 658.881644
  type: 'test'
  ...
# Subtest: every room is walkable: a 1.4 m walkway joins its doors and no floor is cut off
ok 107 - every room is walkable: a 1.4 m walkway joins its doors and no floor is cut off
  ---
  duration_ms: 905.088419
  type: 'test'
  ...
# Subtest: a body walks in from every door and right round every piece without sticking
ok 108 - a body walks in from every door and right round every piece without sticking
  ---
  duration_ms: 2424.910724
  type: 'test'
  ...
# Subtest: nothing changes for rooms that are not Hollow Wick styles
ok 109 - nothing changes for rooms that are not Hollow Wick styles
  ---
  duration_ms: 0.332886
  type: 'test'
  ...
# Subtest: Performance and Balanced draw at their internal size and write a larger, smoothed and sharpened picture
ok 110 - Performance and Balanced draw at their internal size and write a larger, smoothed and sharpened picture
  ---
  duration_ms: 3.864868
  type: 'test'
  ...
# Subtest: crop occupants and their health bars are hidden from outside, even at point blank range
ok 111 - crop occupants and their health bars are hidden from outside, even at point blank range
  ---
  duration_ms: 1.025739
  type: 'test'
  ...
# Subtest: inside crops only nearby entities in the same field are revealed
ok 112 - inside crops only nearby entities in the same field are revealed
  ---
  duration_ms: 0.230612
  type: 'test'
  ...
# Subtest: standing in a cleared patch does not reveal occupants of intact crops
ok 113 - standing in a cleared patch does not reveal occupants of intact crops
  ---
  duration_ms: 0.12128
  type: 'test'
  ...
# Subtest: crop edge masks stay field-only until the entire body enters, including cleared holes
ok 114 - crop edge masks stay field-only until the entire body enters, including cleared holes
  ---
  duration_ms: 0.676132
  type: 'test'
  ...
# Subtest: 56 varied crop sections tile the field exactly and have reciprocal neighbors
ok 115 - 56 varied crop sections tile the field exactly and have reciprocal neighbors
  ---
  duration_ms: 4.414116
  type: 'test'
  ...
# Subtest: each section burns eight seconds from its own ignition; spread is staged and reset restores it
ok 116 - each section burns eight seconds from its own ignition; spread is staged and reset restores it
  ---
  duration_ms: 22.371715
  type: 'test'
  ...
# Subtest: C ignites crops only after windup, and cover blocks ignition
ok 117 - C ignites crops only after windup, and cover blocks ignition
  ---
  duration_ms: 24.070252
  type: 'test'
  ...
# Subtest: explosions ignite touched sections, single orbs do not, cover blocks both fire and spread
ok 118 - explosions ignite touched sections, single orbs do not, cover blocks both fire and spread
  ---
  duration_ms: 3.165583
  type: 'test'
  ...
# Subtest: hex pulses and rotating edges destroy crops as dust without fire; burning crops extinguish
ok 119 - hex pulses and rotating edges destroy crops as dust without fire; burning crops extinguish
  ---
  duration_ms: 2.40385
  type: 'test'
  ...
# Subtest: remote farm has only one nearby house and sparse solid cover across the expanded land
ok 120 - remote farm has only one nearby house and sparse solid cover across the expanded land
  ---
  duration_ms: 168.689014
  type: 'test'
  ...
# Subtest: fire deals exactly 25 health per second to the player and targets, including self-lit fire and dodging
ok 121 - fire deals exactly 25 health per second to the player and targets, including self-lit fire and dodging
  ---
  duration_ms: 6.012409
  type: 'test'
  ...
# Subtest: burning boundaries do not stack damage and only remaining fire time causes damage
ok 122 - burning boundaries do not stack damage and only remaining fire time causes damage
  ---
  duration_ms: 0.625042
  type: 'test'
  ...
# Subtest: fire kills fragile dummies once, scorch grows gradually, and electricity preserves existing scorch
ok 123 - fire kills fragile dummies once, scorch grows gradually, and electricity preserves existing scorch
  ---
  duration_ms: 0.767036
  type: 'test'
  ...
# Subtest: broken crates are a stable minority, and only crates are ever broken
ok 124 - broken crates are a stable minority, and only crates are ever broken
  ---
  duration_ms: 2.295994
  type: 'test'
  ...
# Subtest: damage popup follows rendered position and does not switch sides when turning
ok 125 - damage popup follows rendered position and does not switch sides when turning
  ---
  duration_ms: 1.943803
  type: 'test'
  ...
# Subtest: hits in a row add up into one number that pops back in with a new tilt
ok 126 - hits in a row add up into one number that pops back in with a new tilt
  ---
  duration_ms: 1.659522
  type: 'test'
  ...
# Subtest: damage text scales to each individual hit and has a restrained entry slam
ok 127 - damage text scales to each individual hit and has a restrained entry slam
  ---
  duration_ms: 0.194925
  type: 'test'
  ...
# Subtest: player damage feedback reports actual lost HP and ignores invulnerability
ok 128 - player damage feedback reports actual lost HP and ignores invulnerability
  ---
  duration_ms: 1.505452
  type: 'test'
  ...
# Subtest: damage numbers are whole and rounded down, never fractions
ok 129 - damage numbers are whole and rounded down, never fractions
  ---
  duration_ms: 0.453007
  type: 'test'
  ...
# Subtest: a burn number is born once and climbs, rather than restarting every merge
ok 130 - a burn number is born once and climbs, rather than restarting every merge
  ---
  duration_ms: 0.236562
  type: 'test'
  ...
# Subtest: a running burn figure changes on a readable beat, not every frame
ok 131 - a running burn figure changes on a readable beat, not every frame
  ---
  duration_ms: 0.330489
  type: 'test'
  ...
# Subtest: a gunshot landing mid burn adds onto the same running number
ok 132 - a gunshot landing mid burn adds onto the same running number
  ---
  duration_ms: 0.313145
  type: 'test'
  ...
# Subtest: a burn feeds one number instead of stacking dozens
ok 133 - a burn feeds one number instead of stacking dozens
  ---
  duration_ms: 0.412003
  type: 'test'
  ...
# Subtest: a fraction too small to show is carried, not discarded
ok 134 - a fraction too small to show is carried, not discarded
  ---
  duration_ms: 0.41402
  type: 'test'
  ...
# Subtest: a single large hit is unaffected by the carry
ok 135 - a single large hit is unaffected by the carry
  ---
  duration_ms: 0.169328
  type: 'test'
  ...
# Subtest: the burn timings hold their intended relationship
ok 136 - the burn timings hold their intended relationship
  ---
  duration_ms: 0.199592
  type: 'test'
  ...
# Subtest: a new life starts with no damage or kill pops from the last one
ok 137 - a new life starts with no damage or kill pops from the last one
  ---
  duration_ms: 1.756028
  type: 'test'
  ...
# Subtest: damage arc is immediate, red, thinner and just inside the slower pink arc on desktop and phone
ok 138 - damage arc is immediate, red, thinner and just inside the slower pink arc on desktop and phone
  ---
  duration_ms: 2.642171
  type: 'test'
  ...
# Subtest: damage bearings coexist, repeated hits flash again, and fading/clear leave an idle canvas
ok 139 - damage bearings coexist, repeated hits flash again, and fading/clear leave an idle canvas
  ---
  duration_ms: 0.664932
  type: 'test'
  ...
# Subtest: damage projection follows the rendered player, compensates hills and rejects absent bearings
ok 140 - damage projection follows the rendered player, compensates hills and rejects absent bearings
  ---
  duration_ms: 0.255912
  type: 'test'
  ...
# Subtest: underfoot fire has eight pulsing segments with clear gaps, even during continuous damage
ok 141 - underfoot fire has eight pulsing segments with clear gaps, even during continuous damage
  ---
  duration_ms: 1.519987
  type: 'test'
  ...
# Subtest: fire pulse leaves directional hits prominent and does not extend their lifetime
ok 142 - fire pulse leaves directional hits prominent and does not extend their lifetime
  ---
  duration_ms: 3.156919
  type: 'test'
  ...
# Subtest: hit events point toward incoming fire, retain lethal force, and survive network packing
ok 143 - hit events point toward incoming fire, retain lethal force, and survive network packing
  ---
  duration_ms: 124.280787
  type: 'test'
  ...
# Subtest: force-free curse/stream damage uses the caster; rejected damage has no indicator event
ok 144 - force-free curse/stream damage uses the caster; rejected damage has no indicator event
  ---
  duration_ms: 5.112177
  type: 'test'
  ...
# Subtest: a solo robot curse passes its real caster bearing through damage transfer
ok 145 - a solo robot curse passes its real caster bearing through damage transfer
  ---
  duration_ms: 133.901377
  type: 'test'
  ...
# Subtest: distinct lethal damage types drop the gun and preserve a fallen corpse without explosion scatter
ok 146 - distinct lethal damage types drop the gun and preserve a fallen corpse without explosion scatter
  ---
  duration_ms: 67.699074
  type: 'test'
  ...
# Subtest: fatal projectiles and blasts preserve the direction away from their impact
ok 147 - fatal projectiles and blasts preserve the direction away from their impact
  ---
  duration_ms: 11.074086
  type: 'test'
  ...
# Subtest: lethal overkill emits one death, stops movement and attacks, and reset restores the player
ok 148 - lethal overkill emits one death, stops movement and attacks, and reset restores the player
  ---
  duration_ms: 0.670992
  type: 'test'
  ...
# Subtest: five distinct pool profiles remain compact and the death screen comes up quickly
ok 149 - five distinct pool profiles remain compact and the death screen comes up quickly
  ---
  duration_ms: 0.752844
  type: 'test'
  ...
# Subtest: death drops a visible gun, spreads blood, lands particles and cleans resources on restart
ok 150 - death drops a visible gun, spreads blood, lands particles and cleans resources on restart
  ---
  duration_ms: 62.630625
  type: 'test'
  ...
# Subtest: every player death leaves blood on the floor: your own and other players online
ok 151 - every player death leaves blood on the floor: your own and other players online
  ---
  duration_ms: 9.329979
  type: 'test'
  ...
# Subtest: each player leaves at most one bloodstain: their last death stays, the one before fades away
ok 152 - each player leaves at most one bloodstain: their last death stays, the one before fades away
  ---
  duration_ms: 1.69784
  type: 'test'
  ...
# Subtest: small props break at their configured health from launched hits, removing its collider and preserving impact direction
ok 153 - small props break at their configured health from launched hits, removing its collider and preserving impact direction
  ---
  duration_ms: 28.232525
  type: 'test'
  ...
# Subtest: drifting orbs dissipate against props and targets without damaging them
ok 154 - drifting orbs dissipate against props and targets without damaging them
  ---
  duration_ms: 12.108806
  type: 'test'
  ...
# Subtest: fences and permanent fixtures survive full volleys
ok 155 - fences and permanent fixtures survive full volleys
  ---
  duration_ms: 3.867174
  type: 'test'
  ...
# Subtest: one orb has no explosion; two through twelve produce one increasingly sized blast at the captured point
ok 156 - one orb has no explosion; two through twelve produce one increasingly sized blast at the captured point
  ---
  duration_ms: 8.753298
  type: 'test'
  ...
# Subtest: orb blasts increase strongly after three and reach 145 (x1.75, the volley boost) without changing radius
ok 157 - orb blasts increase strongly after three and reach 145 (x1.75, the volley boost) without changing radius
  ---
  duration_ms: 0.248418
  type: 'test'
  ...
# Subtest: oversized developer volleys scale splash radius and damage with matching visual event
ok 158 - oversized developer volleys scale splash radius and damage with matching visual event
  ---
  duration_ms: 1.372309
  type: 'test'
  ...
# Subtest: splash damage falls off and cannot reach outside its radius
ok 159 - splash damage falls off and cannot reach outside its radius
  ---
  duration_ms: 1.46527
  type: 'test'
  ...
# Subtest: solid cover blocks splash damage and intercepted orbs cannot explode beyond it
ok 160 - solid cover blocks splash damage and intercepted orbs cannot explode beyond it
  ---
  duration_ms: 1.926751
  type: 'test'
  ...
# Subtest: only arriving orbs contribute to explosion size
ok 161 - only arriving orbs contribute to explosion size
  ---
  duration_ms: 0.944744
  type: 'test'
  ...
# Subtest: splash breaks nearby props with an outward impulse
ok 162 - splash breaks nearby props with an outward impulse
  ---
  duration_ms: 1.347118
  type: 'test'
  ...
# Subtest: stationary refilling uses the increased rate after the same launch delay
ok 163 - stationary refilling uses the increased rate after the same launch delay
  ---
  duration_ms: 10.52218
  type: 'test'
  ...
# Subtest: both saloon and supplies doors are open while the intervening walls still collide
ok 164 - both saloon and supplies doors are open while the intervening walls still collide
  ---
  duration_ms: 165.500128
  type: 'test'
  ...
# Subtest: volleys aimed at permanent structures converge and explode on the near face
ok 165 - volleys aimed at permanent structures converge and explode on the near face
  ---
  duration_ms: 1.21894
  type: 'test'
  ...
# Subtest: stone arch opening is walkable while its pillars remain solid
ok 166 - stone arch opening is walkable while its pillars remain solid
  ---
  duration_ms: 0.432772
  type: 'test'
  ...
# Subtest: quick shot creates and immediately launches one orb, spending one ammo
ok 167 - quick shot creates and immediately launches one orb, spending one ammo
  ---
  duration_ms: 0.762517
  type: 'test'
  ...
# Subtest: quick shot dry fires without ammo and regular launch commands still need placed orbs
ok 168 - quick shot dry fires without ammo and regular launch commands still need placed orbs
  ---
  duration_ms: 0.180223
  type: 'test'
  ...
# Subtest: splash lands a little harder at the core and the rim than it used to
ok 169 - splash lands a little harder at the core and the rim than it used to
  ---
  duration_ms: 0.386765
  type: 'test'
  ...
# Subtest: the core bonus belongs to heavy volleys, the rim bonus to all of them
ok 170 - the core bonus belongs to heavy volleys, the rim bonus to all of them
  ---
  duration_ms: 0.22161
  type: 'test'
  ...
# Subtest: splash still stops dead at the blast boundary
ok 171 - splash still stops dead at the blast boundary
  ---
  duration_ms: 0.128704
  type: 'test'
  ...
# Subtest: P disables a mixed set of overrides, then enables every current weapon override
ok 172 - P disables a mixed set of overrides, then enables every current weapon override
  ---
  duration_ms: 1.307693
  type: 'test'
  ...
# Subtest: practice orb override bypasses supply and capacity without changing normal rules
ok 173 - practice orb override bypasses supply and capacity without changing normal rules
  ---
  duration_ms: 2.267352
  type: 'test'
  ...
# Subtest: practice invulnerability, cooldown and movement overrides can be disabled
ok 174 - practice invulnerability, cooldown and movement overrides can be disabled
  ---
  duration_ms: 10.984298
  type: 'test'
  ...
# Subtest: the tools open with Shift+P from the pause menu and the access code, and are silent before that
ok 175 - the tools open with Shift+P from the pause menu and the access code, and are silent before that
  ---
  duration_ms: 62.220061
  type: 'test'
  ...
# Subtest: every option has a home section, a unique key and a short label; P only touches everyday overrides
ok 176 - every option has a home section, a unique key and a short label; P only touches everyday overrides
  ---
  duration_ms: 0.694251
  type: 'test'
  ...
# Subtest: one-hit kills, frozen targets, respawn and rebuild work from sim.dev
ok 177 - one-hit kills, frozen targets, respawn and rebuild work from sim.dev
  ---
  duration_ms: 172.507718
  type: 'test'
  ...
# Subtest: removing your own player: no body to bump, nothing hurts it
ok 178 - removing your own player: no body to bump, nothing hurts it
  ---
  duration_ms: 7.12862
  type: 'test'
  ...
# Subtest: the host can remove a joiner, who is told why and cannot come back
ok 179 - the host can remove a joiner, who is told why and cannot come back
  ---
  duration_ms: 96.604586
  type: 'test'
  ...
# Subtest: weapons live in one Weapons dropdown, one dropdown each, taken from the item registry
ok 180 - weapons live in one Weapons dropdown, one dropdown each, taken from the item registry
  ---
  duration_ms: 0.67809
  type: 'test'
  ...
# Subtest: both dev surfaces offer solo target health with per-target defaults, outside bulk overrides
ok 181 - both dev surfaces offer solo target health with per-target defaults, outside bulk overrides
  ---
  duration_ms: 2.609247
  type: 'test'
  ...
# Subtest: the window is kept wholly on screen, whatever was saved
ok 182 - the window is kept wholly on screen, whatever was saved
  ---
  duration_ms: 0.40965
  type: 'test'
  ...
# Subtest: a first open lands somewhere sensible without a saved position
ok 183 - a first open lands somewhere sensible without a saved position
  ---
  duration_ms: 0.126283
  type: 'test'
  ...
# Subtest: corrupt or missing storage never breaks the window
ok 184 - corrupt or missing storage never breaks the window
  ---
  duration_ms: 0.222242
  type: 'test'
  ...
# Subtest: every toggle names a real override the simulation reads
ok 185 - every toggle names a real override the simulation reads
  ---
  duration_ms: 3.98023
  type: 'test'
  ...
# Subtest: restore fills health, ammo and every cooldown
ok 186 - restore fills health, ammo and every cooldown
  ---
  duration_ms: 150.972123
  type: 'test'
  ...
# Subtest: O opens the window, and only once the tools are unlocked
ok 187 - O opens the window, and only once the tools are unlocked
  ---
  duration_ms: 0.873537
  type: 'test'
  ...
# Subtest: developer controls opt out of the stretched display lettering
ok 188 - developer controls opt out of the stretched display lettering
  ---
  duration_ms: 0.193769
  type: 'test'
  ...
# Subtest: the aim cone carries a faint but unmistakably red interior
ok 189 - the aim cone carries a faint but unmistakably red interior
  ---
  duration_ms: 1.157582
  type: 'test'
  ...
# Subtest: both Ballast and Nominal draw the zone, and only while loaded and ready
ok 190 - both Ballast and Nominal draw the zone, and only while loaded and ready
  ---
  duration_ms: 0.962286
  type: 'test'
  ...
# Subtest: every graphics tier is offered by the dev window and the settings tab
ok 191 - every graphics tier is offered by the dev window and the settings tab
  ---
  duration_ms: 0.563797
  type: 'test'
  ...
# Subtest: a host that denies storage access still yields a usable dev window
ok 192 - a host that denies storage access still yields a usable dev window
  ---
  duration_ms: 0.504906
  type: 'test'
  ...
# Subtest: freeze game: the world holds still (shots in the air, timers) while you still walk
ok 193 - freeze game: the world holds still (shots in the air, timers) while you still walk
  ---
  duration_ms: 23.26343
  type: 'test'
  ...
# Subtest: Human AI is explicitly named and spawnable in the O-menu and settings, outside bulk overrides
ok 194 - Human AI is explicitly named and spawnable in the O-menu and settings, outside bulk overrides
  ---
  duration_ms: 0.297364
  type: 'test'
  ...
# Subtest: dodge moves a modest fixed distance, with equal cardinal and diagonal travel
ok 195 - dodge moves a modest fixed distance, with equal cardinal and diagonal travel
  ---
  duration_ms: 8.857234
  type: 'test'
  ...
# Subtest: one dodge (Static) uses the stamina, a second is blocked, and it replenishes over time
ok 196 - one dodge (Static) uses the stamina, a second is blocked, and it replenishes over time
  ---
  duration_ms: 2.943461
  type: 'test'
  ...
# Subtest: a standing dodge rolls the way the player faces, and the direction is captured
ok 197 - a standing dodge rolls the way the player faces, and the direction is captured
  ---
  duration_ms: 0.49555
  type: 'test'
  ...
# Subtest: a moving dodge follows the movement, and is captured rather than steered
ok 198 - a moving dodge follows the movement, and is captured rather than steered
  ---
  duration_ms: 0.307356
  type: 'test'
  ...
# Subtest: dodge respects walls and the expanding hex boundary
ok 199 - dodge respects walls and the expanding hex boundary
  ---
  duration_ms: 3.997263
  type: 'test'
  ...
# Subtest: dodge shrinks the attack hitbox and reduces damage, without granting invulnerability
ok 200 - dodge shrinks the attack hitbox and reduces damage, without granting invulnerability
  ---
  duration_ms: 1.279424
  type: 'test'
  ...
# Subtest: Nominal refills dodges faster while standing still
ok 201 - Nominal refills dodges faster while standing still
  ---
  duration_ms: 3.553877
  type: 'test'
  ...
# Subtest: the stationary dodge bonus is Nominal only
ok 202 - the stationary dodge bonus is Nominal only
  ---
  duration_ms: 0.223892
  type: 'test'
  ...
# Subtest: VS ROBOTS choices survive the URL and bad values fall back
ok 203 - VS ROBOTS choices survive the URL and bad values fall back
  ---
  duration_ms: 2.744477
  type: 'test'
  ...
# Subtest: first to N ends it once, endless never does
ok 204 - first to N ends it once, endless never does
  ---
  duration_ms: 0.312147
  type: 'test'
  ...
# Subtest: skill runs rookie to perfect, each better than the last
ok 205 - skill runs rookie to perfect, each better than the last
  ---
  duration_ms: 0.402716
  type: 'test'
  ...
# Subtest: a blend mixes styles; a temper gives a mood that shifts and leans the style
ok 206 - a blend mixes styles; a temper gives a mood that shifts and leans the style
  ---
  duration_ms: 29.415593
  type: 'test'
  ...
# Subtest: a 1V1 has one robot as asked, no targets, and scores both ways
ok 207 - a 1V1 has one robot as asked, no targets, and scores both ways
  ---
  duration_ms: 295.758827
  type: 'test'
  ...
# Subtest: the 1V1 page remembers sane choices only
ok 208 - the 1V1 page remembers sane choices only
  ---
  duration_ms: 0.879581
  type: 'test'
  ...
# Subtest: VS ROBOTS 2V2 / 3V3: your robots and theirs as asked, friendly fire at half, points for each side
ok 209 - VS ROBOTS 2V2 / 3V3: your robots and theirs as asked, friendly fire at half, points for each side
  ---
  duration_ms: 104.278808
  type: 'test'
  ...
# Subtest: kicked dust is lighter than the ground it came from
ok 210 - kicked dust is lighter than the ground it came from
  ---
  duration_ms: 1.107245
  type: 'test'
  ...
# Subtest: Quality lays down more dust than Balanced, and Potato none
ok 211 - Quality lays down more dust than Balanced, and Potato none
  ---
  duration_ms: 75.469516
  type: 'test'
  ...
# Subtest: Quality and Balanced get extra footfall particles, lower tiers do not
ok 212 - Quality and Balanced get extra footfall particles, lower tiers do not
  ---
  duration_ms: 0.243691
  type: 'test'
  ...
# Subtest: walking dust clears itself shortly after the player stops
ok 213 - walking dust clears itself shortly after the player stops
  ---
  duration_ms: 1.212424
  type: 'test'
  ...
# Subtest: a dash lays a streak along the path travelled, not a single puff
ok 214 - a dash lays a streak along the path travelled, not a single puff
  ---
  duration_ms: 1.133742
  type: 'test'
  ...
# Subtest: the dash streak outlives a single step but still expires
ok 215 - the dash streak outlives a single step but still expires
  ---
  duration_ms: 5.950579
  type: 'test'
  ...
# Subtest: the pool is bounded however long the player runs
ok 216 - the pool is bounded however long the player runs
  ---
  duration_ms: 147.104359
  type: 'test'
  ...
# Subtest: Potato emits nothing at all
ok 217 - Potato emits nothing at all
  ---
  duration_ms: 0.622382
  type: 'test'
  ...
# Subtest: break dust is coloured by what broke, over the ground it stood on
ok 218 - break dust is coloured by what broke, over the ground it stood on
  ---
  duration_ms: 1.019624
  type: 'test'
  ...
# Subtest: small clutter throws its own colour and no dust at all
ok 219 - small clutter throws its own colour and no dust at all
  ---
  duration_ms: 1.681857
  type: 'test'
  ...
# Subtest: every live arc is drawn, through four shared objects
ok 220 - every live arc is drawn, through four shared objects
  ---
  duration_ms: 102.904171
  type: 'test'
  ...
# Subtest: the low presets shed detail and the high ones add it
ok 221 - the low presets shed detail and the high ones add it
  ---
  duration_ms: 4.363744
  type: 'test'
  ...
# Subtest: a recoloured arc keeps its colour to itself
ok 222 - a recoloured arc keeps its colour to itself
  ---
  duration_ms: 1.392039
  type: 'test'
  ...
# Subtest: a pulse leaves the shared shapes intact when it finishes
ok 223 - a pulse leaves the shared shapes intact when it finishes
  ---
  duration_ms: 60.143872
  type: 'test'
  ...
# Subtest: a short arc is seen at full strength even on a slow frame
ok 224 - a short arc is seen at full strength even on a slow frame
  ---
  duration_ms: 1.473862
  type: 'test'
  ...
# Subtest: a frozen root is computed once and then skipped, until it moves or grows
ok 225 - a frozen root is computed once and then skipped, until it moves or grows
  ---
  duration_ms: 2.866002
  type: 'test'
  ...
# Subtest: a movable frozen group carries its children only on the frames it moves
ok 226 - a movable frozen group carries its children only on the frames it moves
  ---
  duration_ms: 0.68456
  type: 'test'
  ...
# Subtest: Extreme surface detail compiles in only while Extreme is on, and ground and surfaces never share a program
ok 227 - Extreme surface detail compiles in only while Extreme is on, and ground and surfaces never share a program
  ---
  duration_ms: 0.847454
  type: 'test'
  ...
# Subtest: Extreme builds on Quality: never less of anything, more of the things that show
ok 228 - Extreme builds on Quality: never less of anything, more of the things that show
  ---
  duration_ms: 0.196294
  type: 'test'
  ...
# Subtest: the view is fair on every screen shape: nobody sees further than a 16:9 screen, and most see as much ground
ok 229 - the view is fair on every screen shape: nobody sees further than a 16:9 screen, and most see as much ground
  ---
  duration_ms: 0.856311
  type: 'test'
  ...
# Subtest: one flight voice persists until the final orb lands and reset stops outstanding flights
ok 230 - one flight voice persists until the final orb lands and reset stops outstanding flights
  ---
  duration_ms: 2.293386
  type: 'test'
  ...
# Subtest: flight audio is not created before audio is ready or while muted
ok 231 - flight audio is not created before audio is ready or while muted
  ---
  duration_ms: 0.179049
  type: 'test'
  ...
# Subtest: a curse click has a short strike and a low hollow tail, without a half-second damage click
ok 232 - a curse click has a short strike and a low hollow tail, without a half-second damage click
  ---
  duration_ms: 0.514148
  type: 'test'
  ...
# Subtest: curse clicks respect mute, pause and hearing distance
ok 233 - curse clicks respect mute, pause and hearing distance
  ---
  duration_ms: 0.211324
  type: 'test'
  ...
# Subtest: Nominal report is short, unpitched, and respects mute and pause
ok 234 - Nominal report is short, unpitched, and respects mute and pause
  ---
  duration_ms: 0.259956
  type: 'test'
  ...
# Subtest: each health-loss event starts its short cue immediately with the damage popup
ok 235 - each health-loss event starts its short cue immediately with the damage popup
  ---
  duration_ms: 0.339446
  type: 'test'
  ...
# Subtest: death cue starts on death itself and finishes before the delayed menu
ok 236 - death cue starts on death itself and finishes before the delayed menu
  ---
  duration_ms: 0.258884
  type: 'test'
  ...
# Subtest: health and death cues respect mute, pause, and audio not being started
ok 237 - health and death cues respect mute, pause, and audio not being started
  ---
  duration_ms: 0.165274
  type: 'test'
  ...
# Subtest: Ichor uses a steel scrape with a longer higher tail as blood rises, and wet kills stay human-only
ok 238 - Ichor uses a steel scrape with a longer higher tail as blood rises, and wet kills stay human-only
  ---
  duration_ms: 1.913368
  type: 'test'
  ...
# Subtest: Ichor deflections have a contact strike and metal ring, obey mute and never run before audio starts
ok 239 - Ichor deflections have a contact strike and metal ring, obey mute and never run before audio starts
  ---
  duration_ms: 0.913176
  type: 'test'
  ...
# Subtest: the clearing always keeps the old inner radii clear, whatever its lobes, grain and wake
ok 240 - the clearing always keeps the old inner radii clear, whatever its lobes, grain and wake
  ---
  duration_ms: 22.733828
  type: 'test'
  ...
# Subtest: the clearing is not a circle: its edge wanders with direction and with time
ok 241 - the clearing is not a circle: its edge wanders with direction and with time
  ---
  duration_ms: 0.613111
  type: 'test'
  ...
# Subtest: a moving centre leaves a wake that closes in behind it
ok 242 - a moving centre leaves a wake that closes in behind it
  ---
  duration_ms: 3.149338
  type: 'test'
  ...
# Subtest: flat maps: the sheets ride with the camera as before, in Deadwater's own dust
ok 243 - flat maps: the sheets ride with the camera as before, in Deadwater's own dust
  ---
  duration_ms: 2.481002
  type: 'test'
  ...
# Subtest: terrain maps: a sheet keeps the world height it formed at, and forms over low ground with lowBias
ok 244 - terrain maps: a sheet keeps the world height it formed at, and forms over low ground with lowBias
  ---
  duration_ms: 199.169243
  type: 'test'
  ...
# Subtest: the sheets' shader: an uneven clearing everywhere, the air fade only on terrain maps, each warmed as one program
ok 245 - the sheets' shader: an uneven clearing everywhere, the air fade only on terrain maps, each warmed as one program
  ---
  duration_ms: 2.855123
  type: 'test'
  ...
# Subtest: the ladder runs one to two forty, with uncapped one past the top
ok 246 - the ladder runs one to two forty, with uncapped one past the top
  ---
  duration_ms: 1.969293
  type: 'test'
  ...
# Subtest: the weighted stops are the rates people actually target
ok 247 - the weighted stops are the rates people actually target
  ---
  duration_ms: 1.822419
  type: 'test'
  ...
# Subtest: the handle is pulled onto a stop from either side
ok 248 - the handle is pulled onto a stop from either side
  ---
  duration_ms: 0.590463
  type: 'test'
  ...
# Subtest: past the pull it keeps moving and settles anywhere
ok 249 - past the pull it keeps moving and settles anywhere
  ---
  duration_ms: 0.629226
  type: 'test'
  ...
# Subtest: the pull is narrow enough to keep neighbouring stops separate
ok 250 - the pull is narrow enough to keep neighbouring stops separate
  ---
  duration_ms: 0.167562
  type: 'test'
  ...
# Subtest: uncapped sits at the very top and cannot be pulled off it
ok 251 - uncapped sits at the very top and cannot be pulled off it
  ---
  duration_ms: 0.128824
  type: 'test'
  ...
# Subtest: slider position and frame cap round-trip
ok 252 - slider position and frame cap round-trip
  ---
  duration_ms: 0.207207
  type: 'test'
  ...
# Subtest: a nonsense stored setting falls back rather than breaking the slider
ok 253 - a nonsense stored setting falls back rather than breaking the slider
  ---
  duration_ms: 0.468533
  type: 'test'
  ...
# Subtest: the markup is a continuous range with a prong for every stop
ok 254 - the markup is a continuous range with a prong for every stop
  ---
  duration_ms: 0.810164
  type: 'test'
  ...
# Subtest: the prongs are drawn in the interface accent
ok 255 - the prongs are drawn in the interface accent
  ---
  duration_ms: 1.53415
  type: 'test'
  ...
# Subtest: Space shoots, E is the secondary key everywhere the controls are described
ok 256 - Space shoots, E is the secondary key everywhere the controls are described
  ---
  duration_ms: 1.094278
  type: 'test'
  ...
# Subtest: locked on a player: accurate and smooth, drifts off on a dodge or behind a wall, glides back, disengages indoors or off screen
ok 257 - locked on a player: accurate and smooth, drifts off on a dodge or behind a wall, glides back, disengages indoors or off screen
  ---
  duration_ms: 4.316807
  type: 'test'
  ...
# Subtest: key bindings: a new key for an action reads as its token, the old key does nothing, a taken key swaps, defaults come back
ok 258 - key bindings: a new key for an action reads as its token, the old key does nothing, a taken key swaps, defaults come back
  ---
  duration_ms: 2.11481
  type: 'test'
  ...
# Subtest: Deadwater replays exactly as before the hills system: static
ok 259 - Deadwater replays exactly as before the hills system: static
  ---
  duration_ms: 2069.479538
  type: 'test'
  ...
# Subtest: Deadwater replays exactly as before the hills system: rifle
ok 260 - Deadwater replays exactly as before the hills system: rifle
  ---
  duration_ms: 1747.753889
  type: 'test'
  ...
# Subtest: Deadwater replays exactly as before the hills system: shotgun
ok 261 - Deadwater replays exactly as before the hills system: shotgun
  ---
  duration_ms: 1584.567185
  type: 'test'
  ...
# Subtest: Deadwater replays exactly as before the hills system: robots
ok 262 - Deadwater replays exactly as before the hills system: robots
  ---
  duration_ms: 3782.20336
  type: 'test'
  ...
# Subtest: Deadwater replays exactly as before the hills system: hosted
ok 263 - Deadwater replays exactly as before the hills system: hosted
  ---
  duration_ms: 6818.662449
  type: 'test'
  ...
# Subtest: grenade has a wide full-damage center and bounded splash falloff
ok 264 - grenade has a wide full-damage center and bounded splash falloff
  ---
  duration_ms: 1.361916
  type: 'test'
  ...
# Subtest: Nominal grenade releases from the free hand, caps range and uses a 1.4-second fuse
ok 265 - Nominal grenade releases from the free hand, caps range and uses a 1.4-second fuse
  ---
  duration_ms: 9.107771
  type: 'test'
  ...
# Subtest: grenade cooldown lasts 25 seconds, resets, and has a separate developer override
ok 266 - grenade cooldown lasts 25 seconds, resets, and has a separate developer override
  ---
  duration_ms: 34.571196
  type: 'test'
  ...
# Subtest: grenade damages exposed targets and the player but solid cover blocks splash
ok 267 - grenade damages exposed targets and the player but solid cover blocks splash
  ---
  duration_ms: 3.46747
  type: 'test'
  ...
# Subtest: grenade flight stops at tall walls and clears low cover
ok 268 - grenade flight stops at tall walls and clears low cover
  ---
  duration_ms: 3.739586
  type: 'test'
  ...
#   172 x 160 m: ground layers at .25 m (688 x 640) 198 ms {"base":100,"layers":30,"low":11,"paths":37,"finish":20}; hill shade (172 x 160) 35 ms
#   Test Hill: ground layers at .25 m 21 ms, hill shade 19 ms
# Subtest: ground layers: base, layers, paths, damp and hollow land where the map puts them
ok 269 - ground layers: base, layers, paths, damp and hollow land where the map puts them
  ---
  duration_ms: 105.004214
  type: 'test'
  ...
# Subtest: path edges are soft but crisp: under 1.5 m from path to ground, at every preset texel
ok 270 - path edges are soft but crisp: under 1.5 m from path to ground, at every preset texel
  ---
  duration_ms: 209.761449
  type: 'test'
  ...
# Subtest: the texel budget and the bake cost on a 172 x 160 m map
ok 271 - the texel budget and the bake cost on a 172 x 160 m map
  ---
  duration_ms: 588.835484
  type: 'test'
  ...
# Subtest: hill shade: behind a crest, from a low sun, softly; nothing on open ground
ok 272 - hill shade: behind a crest, from a low sun, softly; nothing on open ground
  ---
  duration_ms: 31.100175
  type: 'test'
  ...
# Subtest: per-map sun: Deadwater keeps its sun, blob lean and shadow box exactly
ok 273 - per-map sun: Deadwater keeps its sun, blob lean and shadow box exactly
  ---
  duration_ms: 5.285284
  type: 'test'
  ...
# Subtest: terrain mesh: one patched material, no vertex colours, textures baked at load
ok 274 - terrain mesh: one patched material, no vertex colours, textures baked at load
  ---
  duration_ms: 251.258501
  type: 'test'
  ...
# Subtest: patches chain: one onBeforeCompile, each patch once, a stable program key
ok 275 - patches chain: one onBeforeCompile, each patch once, a stable program key
  ---
  duration_ms: 0.567556
  type: 'test'
  ...
# Subtest: Extreme's surfaces and cloud shadows still hook into the patched terrain shader
ok 276 - Extreme's surfaces and cloud shadows still hook into the patched terrain shader
  ---
  duration_ms: 73.896994
  type: 'test'
  ...
# Subtest: ground marks: the map has them, deterministically, and they add no collider
ok 277 - ground marks: the map has them, deterministically, and they add no collider
  ---
  duration_ms: 90.432459
  type: 'test'
  ...
# Subtest: ground marks: every flat mark keeps the placement rules
ok 278 - ground marks: every flat mark keeps the placement rules
  ---
  duration_ms: 195.767744
  type: 'test'
  ...
# Subtest: ground marks: the ruts and cart tracks keep the rules along their whole length and never cross a deck
ok 279 - ground marks: the ruts and cart tracks keep the rules along their whole length and never cross a deck
  ---
  duration_ms: 40.536753
  type: 'test'
  ...
# Subtest: ground marks: puddles lie in the ruts, by the well and by each trough, never in the stream
ok 280 - ground marks: puddles lie in the ruts, by the well and by each trough, never in the stream
  ---
  duration_ms: 2.59205
  type: 'test'
  ...
# Subtest: ground marks: the bare feet walk from the body pile into the stream and never come out
ok 281 - ground marks: the bare feet walk from the body pile into the stream and never come out
  ---
  duration_ms: 1.031477
  type: 'test'
  ...
# Subtest: ground marks: prints and tracks by the barn and the smithy, straw at the barn doors and round the hay
ok 282 - ground marks: prints and tracks by the barn and the smithy, straw at the barn doors and round the hay
  ---
  duration_ms: 1.880262
  type: 'test'
  ...
# Subtest: ground marks: chips round every woodpile and block, ash by the forge, grain by the mill, soil at the new graves
ok 283 - ground marks: chips round every woodpile and block, ash by the forge, grain by the mill, soil at the new graves
  ---
  duration_ms: 1.888484
  type: 'test'
  ...
# Subtest: ground marks: leaves drift on the fieldstone walls' north sides and into building corners, litter browns only
ok 284 - ground marks: leaves drift on the fieldstone walls' north sides and into building corners, litter browns only
  ---
  duration_ms: 1.965426
  type: 'test'
  ...
# Subtest: ground marks: the raised bits keep the rules and never lie inside anything solid
ok 285 - ground marks: the raised bits keep the rules and never lie inside anything solid
  ---
  duration_ms: 55.077974
  type: 'test'
  ...
# Subtest: ground marks: draped on the drawn ground, lifted just clear of it, never over the water
ok 286 - ground marks: draped on the drawn ground, lifted just clear of it, never over the water
  ---
  duration_ms: 39.197149
  type: 'test'
  ...
# Subtest: ground marks: two draws, no shadows cast, fewer on the phone presets
ok 287 - ground marks: two draws, no shadows cast, fewer on the phone presets
  ---
  duration_ms: 133.551878
  type: 'test'
  ...
# Subtest: damage segment swells, holds, then smoothly contracts to current health
ok 288 - damage segment swells, holds, then smoothly contracts to current health
  ---
  duration_ms: 0.996772
  type: 'test'
  ...
# Subtest: repeated hits preserve the trail, pause freezes it, healing and reset clear it
ok 289 - repeated hits preserve the trail, pause freezes it, healing and reset clear it
  ---
  duration_ms: 1.309907
  type: 'test'
  ...
# Subtest: the losing segment trembles on the hit and settles once the bar catches up
ok 290 - the losing segment trembles on the hit and settles once the bar catches up
  ---
  duration_ms: 0.208204
  type: 'test'
  ...
# Subtest: a burn keeps the shake alive without re-jolting it every frame
ok 291 - a burn keeps the shake alive without re-jolting it every frame
  ---
  duration_ms: 1.637075
  type: 'test'
  ...
# Subtest: the tremble is a real wobble, not a drift, and stops dead at zero
ok 292 - the tremble is a real wobble, not a drift, and stops dead at zero
  ---
  duration_ms: 0.876921
  type: 'test'
  ...
# Subtest: the tremble timings are set where the effect is actually readable
ok 293 - the tremble timings are set where the effect is actually readable
  ---
  duration_ms: 0.160795
  type: 'test'
  ...
# Subtest: every practice target has 250 health and every dummy 300, on spawn, respawn and restart
ok 294 - every practice target has 250 health and every dummy 300, on spawn, respawn and restart
  ---
  duration_ms: 352.444359
  type: 'test'
  ...
# Subtest: the tutorial keeps its lighter targets
ok 295 - the tutorial keeps its lighter targets
  ---
  duration_ms: 2.863737
  type: 'test'
  ...
# Subtest: solo target health refills boards and dummies, without healing them on unrelated dev changes
ok 296 - solo target health refills boards and dummies, without healing them on unrelated dev changes
  ---
  duration_ms: 0.672511
  type: 'test'
  ...
# Subtest: target health survives target respawns and map resets but Normal and clearing overrides restore defaults
ok 297 - target health survives target respawns and map resets but Normal and clearing overrides restore defaults
  ---
  duration_ms: 0.806214
  type: 'test'
  ...
# Subtest: Normal restores authored tutorial health and invalid target overrides cannot create immortal targets
ok 298 - Normal restores authored tutorial health and invalid target overrides cannot create immortal targets
  ---
  duration_ms: 0.610113
  type: 'test'
  ...
# Subtest: target health ignores robot and player proxies and is not applied by online or prediction sims
ok 299 - target health ignores robot and player proxies and is not applied by online or prediction sims
  ---
  duration_ms: 0.64837
  type: 'test'
  ...
# Subtest: health values are explicit for players, targets, dummies and breakable cover
ok 300 - health values are explicit for players, targets, dummies and breakable cover
  ---
  duration_ms: 0.27858
  type: 'test'
  ...
# Subtest: dummy takes damage, breaks once with its own effect event, and respawns at 300
ok 301 - dummy takes damage, breaks once with its own effect event, and respawns at 300
  ---
  duration_ms: 18.770437
  type: 'test'
  ...
# Subtest: player rejects direct self-owned shots and tracks external damage without negative health
ok 302 - player rejects direct self-owned shots and tracks external damage without negative health
  ---
  duration_ms: 1.506595
  type: 'test'
  ...
# Subtest: own orb explosions respect falloff, cover, blast boundaries and invulnerability
ok 303 - own orb explosions respect falloff, cover, blast boundaries and invulnerability
  ---
  duration_ms: 1.406818
  type: 'test'
  ...
# Subtest: Static hex and lightning remain safe for their owner
ok 304 - Static hex and lightning remain safe for their owner
  ---
  duration_ms: 12.276692
  type: 'test'
  ...
# Subtest: health is separate from splash, which falls off for both targets and dummies
ok 305 - health is separate from splash, which falls off for both targets and dummies
  ---
  duration_ms: 0.571258
  type: 'test'
  ...
# Subtest: an unpulsed hex holds at its edge, still turning, for hexLinger before it fades; X still pulses it there
ok 306 - an unpulsed hex holds at its edge, still turning, for hexLinger before it fades; X still pulses it there
  ---
  duration_ms: 57.186194
  type: 'test'
  ...
# Subtest: inside a hex, shots from outside do nothing; from inside they land
ok 307 - inside a hex, shots from outside do nothing; from inside they land
  ---
  duration_ms: 13.160723
  type: 'test'
  ...
# Subtest: a teammate is never pushed out of your hex; an enemy is
ok 308 - a teammate is never pushed out of your hex; an enemy is
  ---
  duration_ms: 9.358183
  type: 'test'
  ...
# Subtest: hex pulse stages, falloff and zaps receive another 40 percent damage
ok 309 - hex pulse stages, falloff and zaps receive another 40 percent damage
  ---
  duration_ms: 1.583838
  type: 'test'
  ...
# Subtest: second X is ignored during formation and requires a fresh press after the delay
ok 310 - second X is ignored during formation and requires a fresh press after the delay
  ---
  duration_ms: 9.647068
  type: 'test'
  ...
# Subtest: hex costs ten ammo and reserves the spent supply, then releases capacity
ok 311 - hex costs ten ammo and reserves the spent supply, then releases capacity
  ---
  duration_ms: 8.002529
  type: 'test'
  ...
# Subtest: hex requires ten available ammo and preserves regular orbs
ok 312 - hex requires ten available ammo and preserves regular orbs
  ---
  duration_ms: 0.618039
  type: 'test'
  ...
# Subtest: hex pulses strike once before rotating edge zaps and do not damage deep center
ok 313 - hex pulses strike once before rotating edge zaps and do not damage deep center
  ---
  duration_ms: 1.061531
  type: 'test'
  ...
# Subtest: hex orbs expire electrically at range without damage and reset clears them
ok 314 - hex orbs expire electrically at range without damage and reset clears them
  ---
  duration_ms: 25.218367
  type: 'test'
  ...
# Subtest: missing vertices do not create replacement edges across the hexagon
ok 315 - missing vertices do not create replacement edges across the hexagon
  ---
  duration_ms: 6.412576
  type: 'test'
  ...
# Subtest: caster stays within all six expanding sides and is released by detonation
ok 316 - caster stays within all six expanding sides and is released by detonation
  ---
  duration_ms: 112.702033
  type: 'test'
  ...
# Subtest: remaining vertices keep the caster contained; final dissipation releases them
ok 317 - remaining vertices keep the caster contained; final dissipation releases them
  ---
  duration_ms: 16.064557
  type: 'test'
  ...
# Subtest: short zaps reach beyond pulse splash from vertices and edge midpoints, but not far targets
ok 318 - short zaps reach beyond pulse splash from vertices and edge midpoints, but not far targets
  ---
  duration_ms: 0.854713
  type: 'test'
  ...
# Subtest: hex edge connections and nearby zaps pass through scenery walls
ok 319 - hex edge connections and nearby zaps pass through scenery walls
  ---
  duration_ms: 8.397159
  type: 'test'
  ...
# Subtest: expanding hex destroys breakable scenery without spending its orbs on walls
ok 320 - expanding hex destroys breakable scenery without spending its orbs on walls
  ---
  duration_ms: 12.455004
  type: 'test'
  ...
# Subtest: expansion pushes nearby victims outward smoothly without contact damage
ok 321 - expansion pushes nearby victims outward smoothly without contact damage
  ---
  duration_ms: 2.694217
  type: 'test'
  ...
# Subtest: push respects walls and distant victims remain untouched
ok 322 - push respects walls and distant victims remain untouched
  ---
  duration_ms: 19.248537
  type: 'test'
  ...
# Subtest: pulse radius, damage and zap reach grow to a bounded ranged maximum
ok 323 - pulse radius, damage and zap reach grow to a bounded ranged maximum
  ---
  duration_ms: 8.287173
  type: 'test'
  ...
# Subtest: ten-ammo cast can coexist with two regular orbs without exceeding capacity
ok 324 - ten-ammo cast can coexist with two regular orbs without exceeding capacity
  ---
  duration_ms: 22.294695
  type: 'test'
  ...
# Subtest: six overlapping pulses apply once; normal orbs and per-side zaps remain independent
ok 325 - six overlapping pulses apply once; normal orbs and per-side zaps remain independent
  ---
  duration_ms: 4.478426
  type: 'test'
  ...
# Subtest: accurate mature hex pulses deal hefty damage with steep falloff before the rotating zaps
ok 326 - accurate mature hex pulses deal hefty damage with steep falloff before the rotating zaps
  ---
  duration_ms: 0.451324
  type: 'test'
  ...
# Subtest: hex rotates clockwise once around its frozen center and ends after one second
ok 327 - hex rotates clockwise once around its frozen center and ends after one second
  ---
  duration_ms: 67.010589
  type: 'test'
  ...
# Subtest: each rotating side deals exactly one 31.92-damage zap to each nearby victim
ok 328 - each rotating side deals exactly one 31.92-damage zap to each nearby victim
  ---
  duration_ms: 7.563823
  type: 'test'
  ...
# Subtest: 30-second cooldown starts on cast, permits detonation, and blocks recasting until ready
ok 329 - 30-second cooldown starts on cast, permits detonation, and blocks recasting until ready
  ---
  duration_ms: 41.469387
  type: 'test'
  ...
# Subtest: walking up a slope is slower and down it a little quicker; across it, no change
ok 330 - walking up a slope is slower and down it a little quicker; across it, no change
  ---
  duration_ms: 91.403235
  type: 'test'
  ...
# Subtest: retaining walls stop bodies from above and below; the ramp goes up
ok 331 - retaining walls stop bodies from above and below; the ramp goes up
  ---
  duration_ms: 44.551484
  type: 'test'
  ...
# Subtest: sight: a crest hides you from target lock, aim assist and robots
ok 332 - sight: a crest hides you from target lock, aim assist and robots
  ---
  duration_ms: 9.394973
  type: 'test'
  ...
# Subtest: rounds fly over the ground: over a crest they hit, into a retaining wall they do not, off a ledge they come down
ok 333 - rounds fly over the ground: over a crest they hit, into a retaining wall they do not, off a ledge they come down
  ---
  duration_ms: 217.8374
  type: 'test'
  ...
# Subtest: a round fired into a retaining wall ends in it; over a hill it flies on
ok 334 - a round fired into a retaining wall ends in it; over a hill it flies on
  ---
  duration_ms: 8.276166
  type: 'test'
  ...
# Subtest: blasts are measured in 3D and stop at a crest
ok 335 - blasts are measured in 3D and stop at a crest
  ---
  duration_ms: 9.221067
  type: 'test'
  ...
# Subtest: Scatter: its shells fly over the ground as rounds do: off the plateau onto bodies below, not onto one right under its wall
ok 336 - Scatter: its shells fly over the ground as rounds do: off the plateau onto bodies below, not onto one right under its wall
  ---
  duration_ms: 100.74557
  type: 'test'
  ...
# Subtest: an orb volley does not turn onto a body hidden over a crest
ok 337 - an orb volley does not turn onto a body hidden over a crest
  ---
  duration_ms: 51.171378
  type: 'test'
  ...
# Subtest: grenades: lobbed off the plateau at someone below, or up onto it, they get there
ok 338 - grenades: lobbed off the plateau at someone below, or up onto it, they get there
  ---
  duration_ms: 70.439001
  type: 'test'
  ...
# Subtest: blood thrown at a retaining wall stains it from below and flies over it from above
ok 339 - blood thrown at a retaining wall stains it from below and flies over it from above
  ---
  duration_ms: 0.975453
  type: 'test'
  ...
# Subtest: orbs stop against a retaining wall and float over the rest
ok 340 - orbs stop against a retaining wall and float over the rest
  ---
  duration_ms: 30.538848
  type: 'test'
  ...
# Subtest: Static: orbs placed at the foot of a retaining wall never go up its face
ok 341 - Static: orbs placed at the foot of a retaining wall never go up its face
  ---
  duration_ms: 376.09903
  type: 'test'
  ...
# Subtest: grenades fly over the ground, fall onto it and land at its height
ok 342 - grenades fly over the ground, fall onto it and land at its height
  ---
  duration_ms: 1.857302
  type: 'test'
  ...
# Subtest: robots: the off-screen box leans with the height between you
ok 343 - robots: the off-screen box leans with the height between you
  ---
  duration_ms: 0.234841
  type: 'test'
  ...
# Subtest: network: rounds carry their stop, the mirror keeps them short of it, and a joiner on another map is turned away
ok 344 - network: rounds carry their stop, the mirror keeps them short of it, and a joiner on another map is turned away
  ---
  duration_ms: 276.223033
  type: 'test'
  ...
# Subtest: the ground never walks forever: runaway positions return at once
ok 345 - the ground never walks forever: runaway positions return at once
  ---
  duration_ms: 3.321614
  type: 'test'
  ...
# Subtest: ten new breakable types are registered with health and sensible sizes
ok 346 - ten new breakable types are registered with health and sensible sizes
  ---
  duration_ms: 4.562661
  type: 'test'
  ...
# Subtest: Hollow Wick places 60 to 90 of them, every type, all by the rules
ok 347 - Hollow Wick places 60 to 90 of them, every type, all by the rules
  ---
  duration_ms: 135.061939
  type: 'test'
  ...
# Subtest: each type breaks in the simulation: hit, then broken, its collider gone and its event sent
ok 348 - each type breaks in the simulation: hit, then broken, its collider gone and its event sent
  ---
  duration_ms: 307.101792
  type: 'test'
  ...
# Subtest: every type comes apart in its own way; what stays is capped, and Potato gets less
ok 349 - every type comes apart in its own way; what stays is capped, and Potato gets less
  ---
  duration_ms: 174.435131
  type: 'test'
  ...
# Subtest: apples roll downhill on a slope, stop within reach and stay; the map reset clears them
ok 350 - apples roll downhill on a slope, stop within reach and stay; the map reset clears them
  ---
  duration_ms: 11.168187
  type: 'test'
  ...
# Subtest: a feather drifts down slowly and the swarm disperses
ok 351 - a feather drifts down slowly and the swarm disperses
  ---
  duration_ms: 20.258401
  type: 'test'
  ...
# Subtest: each type has its own break sound, and a dash lands the body first
ok 352 - each type has its own break sound, and a dash lands the body first
  ---
  duration_ms: 2.019716
  type: 'test'
  ...
# Subtest: crows perch on real roofs, chimneys, the belfry, stones, posts, walls and branches
ok 353 - crows perch on real roofs, chimneys, the belfry, stones, posts, walls and branches
  ---
  duration_ms: 5.560921
  type: 'test'
  ...
# Subtest: fewer crows on Potato and Performance; a preset change adds or removes them
ok 354 - fewer crows on Potato and Performance; a preset change adds or removes them
  ---
  duration_ms: 140.511436
  type: 'test'
  ...
# Subtest: a shot, blast or impact within 6 m scatters them; further off does not
ok 355 - a shot, blast or impact within 6 m scatters them; further off does not
  ---
  duration_ms: 62.154643
  type: 'test'
  ...
# Subtest: someone walking up sends them off; a crow on a roof lets you come closer
ok 356 - someone walking up sends them off; a crow on a roof lets you come closer
  ---
  duration_ms: 138.311564
  type: 'test'
  ...
# Subtest: after a death 1-3 come to the body after a while, hop and peck, and scatter when someone comes
ok 357 - after a death 1-3 come to the body after a while, hop and peck, and scatter when someone comes
  ---
  duration_ms: 68.765965
  type: 'test'
  ...
# Subtest: stage 3 review: perches follow the props, the roof over you is no perch, one visit per body and none indoors, returns glide in
ok 358 - stage 3 review: perches follow the props, the roof over you is no perch, one visit per body and none indoors, returns glide in
  ---
  duration_ms: 113.11126
  type: 'test'
  ...
# Subtest: they fall silent after gunfire, and caw now and then otherwise
ok 359 - they fall silent after gunfire, and caw now and then otherwise
  ---
  duration_ms: 91.243751
  type: 'test'
  ...
# Subtest: Hollow Wick gets its crows and soundscape; Deadwater gets neither
ok 360 - Hollow Wick gets its crows and soundscape; Deadwater gets neither
  ---
  duration_ms: 17.955922
  type: 'test'
  ...
# Subtest: audio.js hooks: Hollow Wick replaces the desert wind, ducks on gunfire, wets your steps; nothing else changes
ok 361 - audio.js hooks: Hollow Wick replaces the desert wind, ducks on gunfire, wets your steps; nothing else changes
  ---
  duration_ms: 42.213054
  type: 'test'
  ...
# Subtest: design additions: crows on the body pile, silent all at once, caws by the dead; the silences and the digging by the open grave
ok 362 - design additions: crows on the body pile, silent all at once, caws by the dead; the silences and the digging by the open grave
  ---
  duration_ms: 234.191867
  type: 'test'
  ...
# Subtest: the loose shutters slam and the tavern sign squeals where they are, stepped even out of sight; nothing stale after a pause
ok 363 - the loose shutters slam and the tavern sign squeals where they are, stepped even out of sight; nothing stale after a pause
  ---
  duration_ms: 56.185559
  type: 'test'
  ...
# Subtest: every dressing type is solid scenery with honest collider heights
ok 364 - every dressing type is solid scenery with honest collider heights
  ---
  duration_ms: 186.735226
  type: 'test'
  ...
# Subtest: the dressing is on Hollow Wick only, after the props that take their ids from their index, every id its own
ok 365 - the dressing is on Hollow Wick only, after the props that take their ids from their index, every id its own
  ---
  duration_ms: 1.098283
  type: 'test'
  ...
# Subtest: every piece keeps the placement rules
ok 366 - every piece keeps the placement rules
  ---
  duration_ms: 224.304507
  type: 'test'
  ...
# Subtest: the rules catch what they should (a piece put wrong is refused)
ok 367 - the rules catch what they should (a piece put wrong is refused)
  ---
  duration_ms: 40.04559
  type: 'test'
  ...
# Subtest: the declared exceptions are few, and each is what it says
ok 368 - the declared exceptions are few, and each is what it says
  ---
  duration_ms: 0.916387
  type: 'test'
  ...
# Subtest: what the other builders' tests hold still holds
ok 369 - what the other builders' tests hold still holds
  ---
  duration_ms: 142.724673
  type: 'test'
  ...
# Subtest: the models build: finite, plain colours only, few triangles, merged into the static batches
ok 370 - the models build: finite, plain colours only, few triangles, merged into the static batches
  ---
  duration_ms: 666.731012
  type: 'test'
  ...
# Subtest: no new draws: the dressing only joins static batches its cells already had
ok 371 - no new draws: the dressing only joins static batches its cells already had
  ---
  duration_ms: 1896.456886
  type: 'test'
  ...
# Subtest: a level round flies over every knee-high piece (lowTop) on Hollow Wick, and robots count on it (v0.980a)
ok 372 - a level round flies over every knee-high piece (lowTop) on Hollow Wick, and robots count on it (v0.980a)
  ---
  duration_ms: 22.882082
  type: 'test'
  ...
# Subtest: the types are registered: the pen and the washing posts are solid at honest heights, the rest has no collider
ok 373 - the types are registered: the pen and the washing posts are solid at honest heights, the rest has no collider
  ---
  duration_ms: 3.760554
  type: 'test'
  ...
# Subtest: every piece keeps the placement rules (doorways, paths, spawns, bases, targets, trunks, slopes, set pieces)
ok 374 - every piece keeps the placement rules (doorways, paths, spawns, bases, targets, trunks, slopes, set pieces)
  ---
  duration_ms: 37.386525
  type: 'test'
  ...
# Subtest: nobody is spawned inside the goat pen: every spot in it is within 1 m of a hurdle
ok 375 - nobody is spawned inside the goat pen: every spot in it is within 1 m of a hurdle
  ---
  duration_ms: 56.496203
  type: 'test'
  ...
# Subtest: the effigies hang along the woods track, off its walking lane, each from a real tree within a limb's reach, clear of heads
ok 376 - the effigies hang along the woods track, off its walking lane, each from a real tree within a limb's reach, clear of heads
  ---
  duration_ms: 1.045025
  type: 'test'
  ...
# Subtest: the loose shutters and the smoke are flagged on real windows and chimneys
ok 377 - the loose shutters and the smoke are flagged on real windows and chimneys
  ---
  duration_ms: 0.434621
  type: 'test'
  ...
# Subtest: the goat grazes, looks about, flicks an ear and its tail and takes a step or two, inside its pen
ok 378 - the goat grazes, looks about, flicks an ear and its tail and takes a step or two, inside its pen
  ---
  duration_ms: 66.704656
  type: 'test'
  ...
# Subtest: a player within 14 m: it stops, turns its head, then its body, to stare while they stay; then goes back to grazing
ok 379 - a player within 14 m: it stops, turns its head, then its body, to stare while they stay; then goes back to grazing
  ---
  duration_ms: 34.048143
  type: 'test'
  ...
# Subtest: the shutters swing from the wall to nearly shut and bang back now and then; the sign swings gently; the effigies turn slowly
ok 380 - the shutters swing from the wall to nearly shut and bang back now and then; the sign swings gently; the effigies turn slowly
  ---
  duration_ms: 56.728019
  type: 'test'
  ...
# Subtest: the smoke rises from the flue, leans east, grows and fades; none on Potato, fewer on Performance
ok 381 - the smoke rises from the flue, leans east, grows and fades; none on Potato, fewer on Performance
  ---
  duration_ms: 7.706361
  type: 'test'
  ...
# Subtest: the shutters and the sign step once to each time, whoever steps them first, and note their bangs and turns for the soundscape
ok 382 - the shutters and the sign step once to each time, whoever steps them first, and note their bangs and turns for the soundscape
  ---
  duration_ms: 23.883173
  type: 'test'
  ...
# Subtest: built in a view: one mesh per part of the map in the static material, the static parts merged, rewritten without allocating
ok 383 - built in a view: one mesh per part of the map in the static material, the static parts merged, rewritten without allocating
  ---
  duration_ms: 1591.953625
  type: 'test'
  ...
# Subtest: every pad has its colonial building, at the pad height
ok 384 - every pad has its colonial building, at the pad height
  ---
  duration_ms: 1.167357
  type: 'test'
  ...
# Subtest: the buildings make exactly the pads the terrain had (margin and blend kept)
ok 385 - the buildings make exactly the pads the terrain had (margin and blend kept)
  ---
  duration_ms: 1.796129
  type: 'test'
  ...
# Subtest: houses have two doors or more; heights read as the period
ok 386 - houses have two doors or more; heights read as the period
  ---
  duration_ms: 0.703807
  type: 'test'
  ...
# Subtest: every doorway opens onto 2 m of walkable, dry, open ground
ok 387 - every doorway opens onto 2 m of walkable, dry, open ground
  ---
  duration_ms: 267.441241
  type: 'test'
  ...
# Subtest: buildings keep off each other and off the paths
ok 388 - buildings keep off each other and off the paths
  ---
  duration_ms: 10.152184
  type: 'test'
  ...
# Subtest: the colonial buildings build: finite geometry, one fading roof each, merged
ok 389 - the colonial buildings build: finite geometry, one fading roof each, merged
  ---
  duration_ms: 1217.155548
  type: 'test'
  ...
# Subtest: the colonial roofs fade by whole sections (s6-roofs): every piece in one, room in the table, the right ones fade
ok 390 - the colonial roofs fade by whole sections (s6-roofs): every piece in one, room in the table, the right ones fade
  ---
  duration_ms: 384.434084
  type: 'test'
  ...
# Subtest: an eave facing north runs on less (the camera looks from the south: its strip hid whoever stood there)
ok 391 - an eave facing north runs on less (the camera looks from the south: its strip hid whoever stood there)
  ---
  duration_ms: 0.573327
  type: 'test'
  ...
# Subtest: Hollow Wick has a card: name, one short line, a picture spot over the play area
ok 392 - Hollow Wick has a card: name, one short line, a picture spot over the play area
  ---
  duration_ms: 1.221868
  type: 'test'
  ...
# Subtest: Hollow Wick's card picture ships with the game
ok 393 - Hollow Wick's card picture ships with the game
  ---
  duration_ms: 0.489348
  type: 'test'
  ...
# Subtest: the map picker shows the line; the map is in the menus (v0.990a)
ok 394 - the map picker shows the line; the map is in the menus (v0.990a)
  ---
  duration_ms: 1.741608
  type: 'test'
  ...
# Subtest: every deck is built, as one mesh, and each has its look
ok 395 - every deck is built, as one mesh, and each has its look
  ---
  duration_ms: 1.1625
  type: 'test'
  ...
# Subtest: the walk surface is exactly at the deck height, and never into the banks
ok 396 - the walk surface is exactly at the deck height, and never into the banks
  ---
  duration_ms: 8.893351
  type: 'test'
  ...
# Subtest: nothing blocks stepping off the long sides
ok 397 - nothing blocks stepping off the long sides
  ---
  duration_ms: 220.679789
  type: 'test'
  ...
# Subtest: the deck you wade under fades, all of it, and comes back
ok 398 - the deck you wade under fades, all of it, and comes back
  ---
  duration_ms: 33.59621
  type: 'test'
  ...
# Subtest: stones, dam and wheel: in the water, out of the ford lane and from under the decks
ok 399 - stones, dam and wheel: in the water, out of the ford lane and from under the decks
  ---
  duration_ms: 26.962935
  type: 'test'
  ...
# Subtest: the graveyard and its walls are on Hollow Wick, and only there
ok 400 - the graveyard and its walls are on Hollow Wick, and only there
  ---
  duration_ms: 1.35811
  type: 'test'
  ...
# Subtest: graves: counts, and every grave slot has what stands on it
ok 401 - graves: counts, and every grave slot has what stands on it
  ---
  duration_ms: 1.73749
  type: 'test'
  ...
# Subtest: graves stand in north-south ranks at least 2.5 m apart, graves along a rank clear of each other
ok 402 - graves stand in north-south ranks at least 2.5 m apart, graves along a rank clear of each other
  ---
  duration_ms: 0.855027
  type: 'test'
  ...
# Subtest: the aisles, every other path and the bank faces are clear
ok 403 - the aisles, every other path and the bank faces are clear
  ---
  duration_ms: 22.986309
  type: 'test'
  ...
# Subtest: colliders carry their heights; dressing has none
ok 404 - colliders carry their heights; dressing has none
  ---
  duration_ms: 212.526447
  type: 'test'
  ...
# Subtest: a headstone breaks like a crate and leaves its stump as low cover
ok 405 - a headstone breaks like a crate and leaves its stump as low cover
  ---
  duration_ms: 12.082882
  type: 'test'
  ...
# Subtest: about 40% of the graveyard cover is solid; hard cover near every standing spot on the treads
ok 406 - about 40% of the graveyard cover is solid; hard cover near every standing spot on the treads
  ---
  duration_ms: 109.886283
  type: 'test'
  ...
# Subtest: the field walls keep off every other prop and the stalk patches, and walls never double up (stage 4 audit)
ok 407 - the field walls keep off every other prop and the stalk patches, and walls never double up (stage 4 audit)
  ---
  duration_ms: 13.892088
  type: 'test'
  ...
# Subtest: Hollow Wick is lit as an overcast dusk from the palette, Deadwater as before
ok 408 - Hollow Wick is lit as an overcast dusk from the palette, Deadwater as before
  ---
  duration_ms: 3.031852
  type: 'test'
  ...
# Subtest: the dusk comes from the light, not darker ground: the ground dimmed to about three quarters of the old daylight
ok 409 - the dusk comes from the light, not darker ground: the ground dimmed to about three quarters of the old daylight
  ---
  duration_ms: 160.576042
  type: 'test'
  ...
# Subtest: blood, the team colours and player coats stand out on every Hollow Wick ground, in sun and shade
ok 410 - blood, the team colours and player coats stand out on every Hollow Wick ground, in sun and shade
  ---
  duration_ms: 2089.588148
  type: 'test'
  ...
# Subtest: the contrast maths: CIEDE2000 reference pairs and the tone map
ok 411 - the contrast maths: CIEDE2000 reference pairs and the tone map
  ---
  duration_ms: 0.548703
  type: 'test'
  ...
# Subtest: ...and on what lies on it: the woods carpet, the trees' drifts, the litter, the ground marks' leaves, straw, grain, chips and cinders
ok 412 - ...and on what lies on it: the woods carpet, the trees' drifts, the litter, the ground marks' leaves, straw, grain, chips and cinders
  ---
  duration_ms: 12.781853
  type: 'test'
  ...
# Subtest: every piece is a known type with a unique id, inside the fence
ok 413 - every piece is a known type with a unique id, inside the fence
  ---
  duration_ms: 3.165319
  type: 'test'
  ...
# Subtest: nothing in the water or on a deck (the body pile only partly)
ok 414 - nothing in the water or on a deck (the body pile only partly)
  ---
  duration_ms: 6.983826
  type: 'test'
  ...
# Subtest: nothing on a path: off every centre line, off the drawn roads
ok 415 - nothing on a path: off every centre line, off the drawn roads
  ---
  duration_ms: 72.68457
  type: 'test'
  ...
# Subtest: out of buildings, doorways and spawn areas
ok 416 - out of buildings, doorways and spawn areas
  ---
  duration_ms: 92.408595
  type: 'test'
  ...
# Subtest: everything stands on gentle ground; long pieces follow it
ok 417 - everything stands on gentle ground; long pieces follow it
  ---
  duration_ms: 10.612805
  type: 'test'
  ...
# Subtest: colliders carry heights: fences 1.1, woodpiles 1.2, the cart 1.4; reeds only screen
ok 418 - colliders carry heights: fences 1.1, woodpiles 1.2, the cart 1.4; reeds only screen
  ---
  duration_ms: 4.304527
  type: 'test'
  ...
# Subtest: stalk patches: 6 x 8 m, 2 m lanes, 11 m from crossing exits, 3 m from footpaths, on the field
ok 419 - stalk patches: 6 x 8 m, 2 m lanes, 11 m from crossing exits, 3 m from footpaths, on the field
  ---
  duration_ms: 11.888235
  type: 'test'
  ...
# Subtest: the field has cover: no open stretch longer than 16 m between pieces
ok 420 - the field has cover: no open stretch longer than 16 m between pieces
  ---
  duration_ms: 5.797517
  type: 'test'
  ...
# Subtest: Deadwater is untouched: its props keep their types and 1.2 / 0.5 m colliders
ok 421 - Deadwater is untouched: its props keep their types and 1.2 / 0.5 m colliders
  ---
  duration_ms: 232.838539
  type: 'test'
  ...
# Subtest: every base point and FFA point is a fair place to come in
ok 422 - every base point and FFA point is a fair place to come in
  ---
  duration_ms: 35.262623
  type: 'test'
  ...
# Subtest: nothing spawns in water, on a deck, on steep ground or in a no-spawn area
ok 423 - nothing spawns in water, on a deck, on steep ground or in a no-spawn area
  ---
  duration_ms: 71.874095
  type: 'test'
  ...
# Subtest: FFA points: about 20, spread over the map, most a screen from most others
ok 424 - FFA points: about 20, spread over the map, most a screen from most others
  ---
  duration_ms: 0.801743
  type: 'test'
  ...
# Subtest: ffaSpot: a screen from everyone, hidden by the ground when it can be
ok 425 - ffaSpot: a screen from everyone, hidden by the ground when it can be
  ---
  duration_ms: 60.337206
  type: 'test'
  ...
# Subtest: team modes: 2V2 and 3V3 at A and C, 2V2V2 at A, B and C
ok 426 - team modes: 2V2 and 3V3 at A and C, 2V2V2 at A, B and C
  ---
  duration_ms: 653.856576
  type: 'test'
  ...
# Subtest: FFA: everyone comes in at a scattered point, a screen apart
ok 427 - FFA: everyone comes in at a scattered point, a screen apart
  ---
  duration_ms: 167.717869
  type: 'test'
  ...
# Subtest: robots can walk from every base to the others and to the summit
ok 428 - robots can walk from every base to the others and to the summit
  ---
  duration_ms: 214.818057
  type: 'test'
  ...
# Subtest: practice targets: 6, 10, 14 and 20 m from the green, one 2.5 m above and one below a standing spot
ok 429 - practice targets: 6, 10, 14 and 20 m from the green, one 2.5 m above and one below a standing spot
  ---
  duration_ms: 0.654406
  type: 'test'
  ...
# Subtest: Hollow Wick is playable in every mode and offered from every map (released in v0.990a)
ok 430 - Hollow Wick is playable in every mode and offered from every map (released in v0.990a)
  ---
  duration_ms: 0.559088
  type: 'test'
  ...
# Subtest: SOLO on Hollow Wick: 2V2 sides at their bases, 1V1 scattered
ok 431 - SOLO on Hollow Wick: 2V2 sides at their bases, 1V1 scattered
  ---
  duration_ms: 160.679371
  type: 'test'
  ...
# Subtest: a 2V2 of robots on Hollow Wick runs 60 simulated seconds: they move and fight
ok 432 - a 2V2 of robots on Hollow Wick runs 60 simulated seconds: they move and fight
  ---
  duration_ms: 4768.41133
  type: 'test'
  ...
# Subtest: stage 4 audit: a respawn at a base keeps out of a living enemy's sight; FFA respawns spread out
ok 433 - stage 4 audit: a respawn at a base keeps out of a living enemy's sight; FFA respawns spread out
  ---
  duration_ms: 195.129521
  type: 'test'
  ...
# Subtest: each wood has about as many trees as the design asks, inside its outline
ok 434 - each wood has about as many trees as the design asks, inside its outline
  ---
  duration_ms: 1.472441
  type: 'test'
  ...
# Subtest: trees are staggered like real woods: never closer than 2.4 m, never on a grid
ok 435 - trees are staggered like real woods: never closer than 2.4 m, never on a grid
  ---
  duration_ms: 6.356264
  type: 'test'
  ...
# Subtest: nothing on paths, in the water, on pads, decks, bases, steep ground or near the hanging tree
ok 436 - nothing on paths, in the water, on pads, decks, bases, steep ground or near the hanging tree
  ---
  duration_ms: 197.15599
  type: 'test'
  ...
# Subtest: every trunk, stump and log collides; canopies do not
ok 437 - every trunk, stump and log collides; canopies do not
  ---
  duration_ms: 156.744585
  type: 'test'
  ...
# Subtest: rounds pass over a stump or thin log and meet a big log
ok 438 - rounds pass over a stump or thin log and meet a big log
  ---
  duration_ms: 1.103737
  type: 'test'
  ...
# Subtest: robots still get through the woods
ok 439 - robots still get through the woods
  ---
  duration_ms: 250.350668
  type: 'test'
  ...
# Subtest: blood fills gradually after a hit and repeated hits redirect without jumps or overshoot
ok 440 - blood fills gradually after a hit and repeated hits redirect without jumps or overshoot
  ---
  duration_ms: 1.480498
  type: 'test'
  ...
# Subtest: blood motion freezes with simulation time and resets cleanly with a fresh life or map
ok 441 - blood motion freezes with simulation time and resets cleanly with a fresh life or map
  ---
  duration_ms: 0.213312
  type: 'test'
  ...
# Subtest: blood motion is independent of render frame rate and eases through decay
ok 442 - blood motion is independent of render frame rate and eases through decay
  ---
  duration_ms: 0.255688
  type: 'test'
  ...
# Subtest: above 90 blood restores six per second, caps at health and pauses for all Frenzy ticks
ok 443 - above 90 blood restores six per second, caps at health and pauses for all Frenzy ticks
  ---
  duration_ms: 19.458254
  type: 'test'
  ...
# Subtest: quick successful cuts gain at most 21 percent extra blood, multiple victims do not advance the streak
ok 444 - quick successful cuts gain at most 21 percent extra blood, multiple victims do not advance the streak
  ---
  duration_ms: 9.200242
  type: 'test'
  ...
# Subtest: base sequence starts from previous finishing side, varies guards and occasionally spins
ok 445 - base sequence starts from previous finishing side, varies guards and occasionally spins
  ---
  duration_ms: 77.536544
  type: 'test'
  ...
# Subtest: slashing slows ordinary movement slightly while keeping WASD control
ok 446 - slashing slows ordinary movement slightly while keeping WASD control
  ---
  duration_ms: 1.002212
  type: 'test'
  ...
# Subtest: timed deflection needs an active crossing and a front-facing ordinary bullet
ok 447 - timed deflection needs an active crossing and a front-facing ordinary bullet
  ---
  duration_ms: 5.770992
  type: 'test'
  ...
# Subtest: a deflected live Nominal bullet is consumed without damage, blood or hit credit
ok 448 - a deflected live Nominal bullet is consumed without damage, blood or hit credit
  ---
  duration_ms: 3.529689
  type: 'test'
  ...
# Subtest: host and bot proxies share the defender recovery so simultaneous attackers cannot each parry
ok 449 - host and bot proxies share the defender recovery so simultaneous attackers cannot each parry
  ---
  duration_ms: 35.692152
  type: 'test'
  ...
# Subtest: slash geometry follows rising ground and preserves lower bridge level and depth testing
ok 450 - slash geometry follows rising ground and preserves lower bridge level and depth testing
  ---
  duration_ms: 31.899263
  type: 'test'
  ...
# Subtest: Frenzy detail and ricochet effects stay capped and clear without persistent geometry
ok 451 - Frenzy detail and ricochet effects stay capped and clear without persistent geometry
  ---
  duration_ms: 44.969171
  type: 'test'
  ...
# Subtest: full blood saturates existing avatar faces, preserves shared assets and tracks 24 wet steps
ok 452 - full blood saturates existing avatar faces, preserves shared assets and tracks 24 wet steps
  ---
  duration_ms: 11.191502
  type: 'test'
  ...
# Subtest: new soaked footprints keep their below-bridge level and reset their batch
ok 453 - new soaked footprints keep their below-bridge level and reset their batch
  ---
  duration_ms: 0.887597
  type: 'test'
  ...
# Subtest: a soaked corpse owns its blood colours after the living avatar resets and releases them on cleanup
ok 454 - a soaked corpse owns its blood colours after the living avatar resets and releases them on cleanup
  ---
  duration_ms: 5.235019
  type: 'test'
  ...
# Subtest: a bloody missed cut sheds blood along the blade, never more while paused, and settles with bounded cleanup
ok 455 - a bloody missed cut sheds blood along the blade, never more while paused, and settles with bounded cleanup
  ---
  duration_ms: 31.361077
  type: 'test'
  ...
# Subtest: bloodier player contacts create a larger spray while robot contacts remain bloodless
ok 456 - bloodier player contacts create a larger spray while robot contacts remain bloodless
  ---
  duration_ms: 20.619293
  type: 'test'
  ...
# Subtest: normal blade reach is slightly shorter, with the existing dash extension retained
ok 457 - normal blade reach is slightly shorter, with the existing dash extension retained
  ---
  duration_ms: 5.044197
  type: 'test'
  ...
# Subtest: E needs at least half blood, does not spend blood, and recharges in six seconds
ok 458 - E needs at least half blood, does not spend blood, and recharges in six seconds
  ---
  duration_ms: 7.344511
  type: 'test'
  ...
# Subtest: slash wakes and shed blood stay on the near side of solid cover
ok 459 - slash wakes and shed blood stay on the near side of solid cover
  ---
  duration_ms: 6.185153
  type: 'test'
  ...
# Subtest: held guard shows a solid white spark and catches spark on the blade even on Potato, then clears
ok 460 - held guard shows a solid white spark and catches spark on the blade even on Potato, then clears
  ---
  duration_ms: 10.365013
  type: 'test'
  ...
# Subtest: holding RMB or Shift raises the sword without enabling aim-in, blocks attacks and serializes its pose
ok 461 - holding RMB or Shift raises the sword without enabling aim-in, blocks attacks and serializes its pose
  ---
  duration_ms: 12.081512
  type: 'test'
  ...
# Subtest: each fresh guard charge rolls 40–60 capacity once; smaller bullets spend it and a large shot breaks through
ok 462 - each fresh guard charge rolls 40–60 capacity once; smaller bullets spend it and a large shot breaks through
  ---
  duration_ms: 33.406105
  type: 'test'
  ...
# Subtest: only guard exhaustion starts twenty seconds, held input cannot re-arm, full blood does not speed this cooldown
ok 463 - only guard exhaustion starts twenty seconds, held input cannot re-arm, full blood does not speed this cooldown
  ---
  duration_ms: 16.440827
  type: 'test'
  ...
# Subtest: Omen spends the shared damage capacity; curses, blasts, electricity and back shots bypass it
ok 464 - Omen spends the shared damage capacity; curses, blasts, electricity and back shots bypass it
  ---
  duration_ms: 0.612401
  type: 'test'
  ...
# Subtest: a deflected primed Omen projectile never applies its curse
ok 465 - a deflected primed Omen projectile never applies its curse
  ---
  duration_ms: 12.069128
  type: 'test'
  ...
# Subtest: Ballast catches individual pellets and leaves the remainder of the same shell damaging
ok 466 - Ballast catches individual pellets and leaves the remainder of the same shell damaging
  ---
  duration_ms: 5.805947
  type: 'test'
  ...
# Subtest: multiple collision proxies share one guard budget, and regular blocked shots produce no damage credit
ok 467 - multiple collision proxies share one guard budget, and regular blocked shots produce no damage credit
  ---
  duration_ms: 0.361429
  type: 'test'
  ...
# Subtest: E and X lower the guard; raising it can cancel a cut or Frenzy without refunding X
ok 468 - E and X lower the guard; raising it can cancel a cut or Frenzy without refunding X
  ---
  duration_ms: 1.411496
  type: 'test'
  ...
# Subtest: blade blood is flush with both steel faces at every fill level and high guard keeps hands attached
ok 469 - blade blood is flush with both steel faces at every fill level and high guard keeps hands attached
  ---
  duration_ms: 27.477133
  type: 'test'
  ...
# Subtest: normal cuts, Frenzy and E break gravestones above low stumps, but walls still protect breakables
ok 470 - normal cuts, Frenzy and E break gravestones above low stumps, but walls still protect breakables
  ---
  duration_ms: 7.627946
  type: 'test'
  ...
# Subtest: soaking an animated katana reuses its flush coating and never makes floating gun patches
ok 471 - soaking an animated katana reuses its flush coating and never makes floating gun patches
  ---
  duration_ms: 6.825475
  type: 'test'
  ...
# Subtest: a rotated solid cart protects people and breakables from normal cuts and Frenzy
ok 472 - a rotated solid cart protects people and breakables from normal cuts and Frenzy
  ---
  duration_ms: 4.936427
  type: 'test'
  ...
# Subtest: breaking front cover does not damage a second breakable through it on the same cut
ok 473 - breaking front cover does not damage a second breakable through it on the same cut
  ---
  duration_ms: 0.926563
  type: 'test'
  ...
# Subtest: holding guard has no time limit, slows walking ten percent, and releasing preserves the same remaining charge
ok 474 - holding guard has no time limit, slows walking ten percent, and releasing preserves the same remaining charge
  ---
  duration_ms: 47.241701
  type: 'test'
  ...
# Subtest: direct player projectile path applies only the damage left after guard absorption
ok 475 - direct player projectile path applies only the damage left after guard absorption
  ---
  duration_ms: 0.605842
  type: 'test'
  ...
# Subtest: releasing and re-raising never rerolls or refills a partly spent charge; only exhaustion starts cooldown
ok 476 - releasing and re-raising never rerolls or refills a partly spent charge; only exhaustion starts cooldown
  ---
  duration_ms: 23.21621
  type: 'test'
  ...
# Subtest: base slash contact is delayed, tap lands once, and holding repeats the same forms
ok 477 - base slash contact is delayed, tap lands once, and holding repeats the same forms
  ---
  duration_ms: 23.673309
  type: 'test'
  ...
# Subtest: Frenzy lands twelve timed hits across 2.4 seconds, snapshots damage, costs 80 and never heals
ok 478 - Frenzy lands twelve timed hits across 2.4 seconds, snapshots damage, costs 80 and never heals
  ---
  duration_ms: 9.368584
  type: 'test'
  ...
# Subtest: Frenzy has light collateral, never heals and stops at one health
ok 479 - Frenzy has light collateral, never heals and stops at one health
  ---
  duration_ms: 8.669317
  type: 'test'
  ...
# Subtest: cuts respect solid cover, height and friends
ok 480 - cuts respect solid cover, height and friends
  ---
  duration_ms: 11.052918
  type: 'test'
  ...
# Subtest: E is a growing travelling wave, one roll per target, never a hitscan or repeated tick
ok 481 - E is a growing travelling wave, one roll per target, never a hitscan or repeated tick
  ---
  duration_ms: 3.243915
  type: 'test'
  ...
# Subtest: max blood leaves a cosmetic human trail, robots never drip, no DOT
ok 482 - max blood leaves a cosmetic human trail, robots never drip, no DOT
  ---
  duration_ms: 130.738472
  type: 'test'
  ...
# Subtest: blood builds only on hits, decays after idle, death and map reset clean active attacks
ok 483 - blood builds only on hits, decays after idle, death and map reset clean active attacks
  ---
  duration_ms: 39.02492
  type: 'test'
  ...
# Subtest: Ichor has two slightly slower dashes, no aiming/reloading, serializable loadout and explicit deaths
ok 484 - Ichor has two slightly slower dashes, no aiming/reloading, serializable loadout and explicit deaths
  ---
  duration_ms: 1.235819
  type: 'test'
  ...
# Subtest: human practice bots use player damage and avatar slots, ordinary robots remain metal
ok 485 - human practice bots use player damage and avatar slots, ordinary robots remain metal
  ---
  duration_ms: 334.865092
  type: 'test'
  ...
# Subtest: katana grip stays within natural arm lengths during every cut and spin
ok 486 - katana grip stays within natural arm lengths during every cut and spin
  ---
  duration_ms: 31.286901
  type: 'test'
  ...
# Subtest: Ichor deaths carry organs, keep the dropped blade and dispose all temporary geometry
ok 487 - Ichor deaths carry organs, keep the dropped blade and dispose all temporary geometry
  ---
  duration_ms: 91.649113
  type: 'test'
  ...
# Subtest: colored robot sparks exist on Potato and effect reset clears their instances
ok 488 - colored robot sparks exist on Potato and effect reset clears their instances
  ---
  duration_ms: 8.864317
  type: 'test'
  ...
# Subtest: Ichor wave mirror keeps unique IDs and host-applied deaths preserve their type
ok 489 - Ichor wave mirror keeps unique IDs and host-applied deaths preserve their type
  ---
  duration_ms: 3.738695
  type: 'test'
  ...
# Subtest: every base attack is a cross-body slash and opposite sweeps reverse blood direction
ok 490 - every base attack is a cross-body slash and opposite sweeps reverse blood direction
  ---
  duration_ms: 3.933347
  type: 'test'
  ...
# Subtest: slash ribbons stay finite and capped, then fully disappear on expiry and reset
ok 491 - slash ribbons stay finite and capped, then fully disappear on expiry and reset
  ---
  duration_ms: 24.828006
  type: 'test'
  ...
# Subtest: dash slash works during a dodge or the short landing window, adds 15 percent, then expires
ok 492 - dash slash works during a dodge or the short landing window, adds 15 percent, then expires
  ---
  duration_ms: 1.826822
  type: 'test'
  ...
# Subtest: full blood speeds only E/X recharge, grants five percent movement and stacks with passive trails
ok 493 - full blood speeds only E/X recharge, grants five percent movement and stacks with passive trails
  ---
  duration_ms: 2.572428
  type: 'test'
  ...
# Subtest: Frenzy follows WASD faster without forcing movement when no direction is held
ok 494 - Frenzy follows WASD faster without forcing movement when no direction is held
  ---
  duration_ms: 4.49795
  type: 'test'
  ...
# Subtest: both palms stay on the grip through movement, reversals, spins and dash cuts
ok 495 - both palms stay on the grip through movement, reversals, spins and dash cuts
  ---
  duration_ms: 17.93371
  type: 'test'
  ...
# Subtest: blood arc spray stays on its bridge level, is bounded, expires and clears
ok 496 - blood arc spray stays on its bridge level, is bounded, expires and clears
  ---
  duration_ms: 9.007377
  type: 'test'
  ...
# Subtest: blood gain varies within slower bounds, requires contact and caps at full
ok 497 - blood gain varies within slower bounds, requires contact and caps at full
  ---
  duration_ms: 5.01074
  type: 'test'
  ...
# Subtest: a device is only called touch-first when it has no hover
ok 498 - a device is only called touch-first when it has no hover
  ---
  duration_ms: 0.895454
  type: 'test'
  ...
# Subtest: the on-screen controls stay put once a device has been touched
ok 499 - the on-screen controls stay put once a device has been touched
  ---
  duration_ms: 0.268186
  type: 'test'
  ...
# Subtest: prompts still follow whichever input was used last
ok 500 - prompts still follow whichever input was used last
  ---
  duration_ms: 0.230758
  type: 'test'
  ...
# Subtest: an explicit choice in the menu outranks anything detected
ok 501 - an explicit choice in the menu outranks anything detected
  ---
  duration_ms: 1.077812
  type: 'test'
  ...
# Subtest: noticing the input in use never discards what is being held
ok 502 - noticing the input in use never discards what is being held
  ---
  duration_ms: 0.919247
  type: 'test'
  ...
# Subtest: the room camera fit is memoised per room and aspect
ok 503 - the room camera fit is memoised per room and aspect
  ---
  duration_ms: 1.249973
  type: 'test'
  ...
# Subtest: the interior mask rebuild is capped rather than running every frame
ok 504 - the interior mask rebuild is capped rather than running every frame
  ---
  duration_ms: 0.407898
  type: 'test'
  ...
# Subtest: the interior shroud costs less the lower the preset goes
ok 505 - the interior shroud costs less the lower the preset goes
  ---
  duration_ms: 2.096837
  type: 'test'
  ...
# Subtest: the shroud never goes back to an asynchronously decoded mask
ok 506 - the shroud never goes back to an asynchronously decoded mask
  ---
  duration_ms: 1.799163
  type: 'test'
  ...
# Subtest: soot is a rolling window, not a permanent record
ok 507 - soot is a rolling window, not a permanent record
  ---
  duration_ms: 0.32082
  type: 'test'
  ...
# Subtest: every room supports clear outward aim through each doorway
ok 508 - every room supports clear outward aim through each doorway
  ---
  duration_ms: 281.81252
  type: 'test'
  ...
# Subtest: gray-area launches converge on the near wall rather than exploding at the remote click
ok 509 - gray-area launches converge on the near wall rather than exploding at the remote click
  ---
  duration_ms: 21.243288
  type: 'test'
  ...
# Subtest: splash is blocked by walls but crosses an open doorway, including angled buildings
ok 510 - splash is blocked by walls but crosses an open doorway, including angled buildings
  ---
  duration_ms: 7.92901
  type: 'test'
  ...
# Subtest: the road-facing saloon window passes bullets but blocks walking
ok 511 - the road-facing saloon window passes bullets but blocks walking
  ---
  duration_ms: 25.192656
  type: 'test'
  ...
# Subtest: moving inside changes which exterior positions are reachable through openings
ok 512 - moving inside changes which exterior positions are reachable through openings
  ---
  duration_ms: 7.350603
  type: 'test'
  ...
# Subtest: rotated rectangular interior membership uses local building coordinates
ok 513 - rotated rectangular interior membership uses local building coordinates
  ---
  duration_ms: 0.211652
  type: 'test'
  ...
# Subtest: spread orbs converge together on an angled wall and splash cannot reach the other side
ok 514 - spread orbs converge together on an angled wall and splash cannot reach the other side
  ---
  duration_ms: 8.001727
  type: 'test'
  ...
# Subtest: Omen controls and touch layout offer no aim-in action
ok 515 - Omen controls and touch layout offer no aim-in action
  ---
  duration_ms: 0.994953
  type: 'test'
  ...
# Subtest: every item has a unique id, and weapons and skins stay separate
ok 516 - every item has a unique id, and weapons and skins stay separate
  ---
  duration_ms: 1.320295
  type: 'test'
  ...
# Subtest: ownership comes from the authority and unknown ids are dropped
ok 517 - ownership comes from the authority and unknown ids are dropped
  ---
  duration_ms: 0.296571
  type: 'test'
  ...
# Subtest: menus, HUD and tutorial read their weapon names from the registry
ok 518 - menus, HUD and tutorial read their weapon names from the registry
  ---
  duration_ms: 0.13066
  type: 'test'
  ...
# Subtest: arrow aim eases identically for every weapon, including focused fire
ok 519 - arrow aim eases identically for every weapon, including focused fire
  ---
  duration_ms: 18.179292
  type: 'test'
  ...
# Subtest: digital aim takes the short arc across angle wrap and remains valid on reversal
ok 520 - digital aim takes the short arc across angle wrap and remains valid on reversal
  ---
  duration_ms: 0.539159
  type: 'test'
  ...
# Subtest: mouse aim keeps its response and Static stream retains its turn limit
ok 521 - mouse aim keeps its response and Static stream retains its turn limit
  ---
  duration_ms: 0.621665
  type: 'test'
  ...
# Subtest: ArrowLeft + ArrowUp permits all weapons and abilities
ok 522 - ArrowLeft + ArrowUp permits all weapons and abilities
  ---
  duration_ms: 21.797382
  type: 'test'
  ...
# Subtest: ArrowLeft + ArrowDown permits all weapons and abilities
ok 523 - ArrowLeft + ArrowDown permits all weapons and abilities
  ---
  duration_ms: 10.192505
  type: 'test'
  ...
# Subtest: ArrowRight + ArrowUp permits all weapons and abilities
ok 524 - ArrowRight + ArrowUp permits all weapons and abilities
  ---
  duration_ms: 6.795858
  type: 'test'
  ...
# Subtest: ArrowRight + ArrowDown permits all weapons and abilities
ok 525 - ArrowRight + ArrowDown permits all weapons and abilities
  ---
  duration_ms: 8.137459
  type: 'test'
  ...
# Subtest: Ballast on the keyboard: Space or the left button fires, E is the double, Shift only aims
ok 526 - Ballast on the keyboard: Space or the left button fires, E is the double, Shift only aims
  ---
  duration_ms: 1.223735
  type: 'test'
  ...
# Subtest: a tap part way through a turn leaves the aim in between: taps give the angles between the keys
ok 527 - a tap part way through a turn leaves the aim in between: taps give the angles between the keys
  ---
  duration_ms: 0.716327
  type: 'test'
  ...
# Subtest: a dodge pressed just before the last one ends still happens (input buffer)
ok 528 - a dodge pressed just before the last one ends still happens (input buffer)
  ---
  duration_ms: 1.36247
  type: 'test'
  ...
# Subtest: open-country landmarks build finite geometry with the real renderer helpers
ok 529 - open-country landmarks build finite geometry with the real renderer helpers
  ---
  duration_ms: 11.654697
  type: 'test'
  ...
# Subtest: Ballast launch smashes crates, barrels and rotated cacti without losing travel
ok 530 - Ballast launch smashes crates, barrels and rotated cacti without losing travel
  ---
  duration_ms: 12.596156
  type: 'test'
  ...
# Subtest: walking into a prop and being blasted into one do not smash it
ok 531 - walking into a prop and being blasted into one do not smash it
  ---
  duration_ms: 5.15325
  type: 'test'
  ...
# Subtest: dodging through a breakable takes it with you, thrown along the dash
ok 532 - dodging through a breakable takes it with you, thrown along the dash
  ---
  duration_ms: 1.206133
  type: 'test'
  ...
# Subtest: a dodge break is flagged as a dash and thrown along the dash direction
ok 533 - a dodge break is flagged as a dash and thrown along the dash direction
  ---
  duration_ms: 0.653113
  type: 'test'
  ...
# Subtest: a solid wall still stops a dodge dead
ok 534 - a solid wall still stops a dodge dead
  ---
  duration_ms: 1.019208
  type: 'test'
  ...
# Subtest: solid barriers stop launch and protect props behind them
ok 535 - solid barriers stop launch and protect props behind them
  ---
  duration_ms: 4.742727
  type: 'test'
  ...
# Subtest: a shot break and a dash break are distinguishable, and only the dash is flagged
ok 536 - a shot break and a dash break are distinguishable, and only the dash is flagged
  ---
  duration_ms: 1.986717
  type: 'test'
  ...
# Subtest: a dodge only breaks what it actually reaches
ok 537 - a dodge only breaks what it actually reaches
  ---
  duration_ms: 0.832206
  type: 'test'
  ...
# Subtest: a dodge clears a line of breakables rather than only the first
ok 538 - a dodge clears a line of breakables rather than only the first
  ---
  duration_ms: 1.147306
  type: 'test'
  ...
# Subtest: a grenade takes a volley id of its own, never a bullet's
ok 539 - a grenade takes a volley id of its own, never a bullet's
  ---
  duration_ms: 6.205489
  type: 'test'
  ...
# Subtest: floor clutter breaks underfoot, and solid scenery still needs a dash
ok 540 - floor clutter breaks underfoot, and solid scenery still needs a dash
  ---
  duration_ms: 1.519357
  type: 'test'
  ...
# Subtest: a walked break is not reported as a dash, and is thrown the way you were going
ok 541 - a walked break is not reported as a dash, and is thrown the way you were going
  ---
  duration_ms: 0.498442
  type: 'test'
  ...
# Subtest: standing still on clutter does not break it, and a corpse breaks nothing
ok 542 - standing still on clutter does not break it, and a corpse breaks nothing
  ---
  duration_ms: 1.229231
  type: 'test'
  ...
# Subtest: the carpet lies only in and at the edge of the woods, off the paths, in ground colours
ok 543 - the carpet lies only in and at the edge of the woods, off the paths, in ground colours
  ---
  duration_ms: 41.24157
  type: 'test'
  ...
# Subtest: the carpet is thickest under the canopies, thins out at the woods edges and lies thin on the tracks
ok 544 - the carpet is thickest under the canopies, thins out at the woods edges and lies thin on the tracks
  ---
  duration_ms: 189.300978
  type: 'test'
  ...
# Subtest: each preset draws more of the carpet, sparse on Potato, all of it on Extreme
ok 545 - each preset draws more of the carpet, sparse on Potato, all of it on Extreme
  ---
  duration_ms: 380.36449
  type: 'test'
  ...
# Subtest: leaves fall from the canopies near the camera on every preset but Potato, within their pools
ok 546 - leaves fall from the canopies near the camera on every preset but Potato, within their pools
  ---
  duration_ms: 380.7993
  type: 'test'
  ...
# Subtest: red and rust fall but are gone before they lie on the ground
ok 547 - red and rust fall but are gone before they lie on the ground
  ---
  duration_ms: 83.262913
  type: 'test'
  ...
# Subtest: walking and dodging through litter kick leaves up; none on open ground or paths
ok 548 - walking and dodging through litter kick leaves up; none on open ground or paths
  ---
  duration_ms: 326.334158
  type: 'test'
  ...
# Subtest: a blast in the woods throws a burst of leaves, in town none; pools per preset
ok 549 - a blast in the woods throws a burst of leaves, in town none; pools per preset
  ---
  duration_ms: 376.676172
  type: 'test'
  ...
# Subtest: the pools are cleared with the map, and a preset drop trims them
ok 550 - the pools are cleared with the map, and a preset drop trims them
  ---
  duration_ms: 52.003061
  type: 'test'
  ...
# Subtest: standing still never refills ammo during the C stream
ok 551 - standing still never refills ammo during the C stream
  ---
  duration_ms: 2.097225
  type: 'test'
  ...
# Subtest: stream windup warns without damage or spending ammo
ok 552 - stream windup warns without damage or spending ammo
  ---
  duration_ms: 6.545503
  type: 'test'
  ...
# Subtest: each ammo provides exactly RULES.sprayAmmoTime of stream (12 of them at full ammo), with no recharge during firing
ok 553 - each ammo provides exactly RULES.sprayAmmoTime of stream (12 of them at full ammo), with no recharge during firing
  ---
  duration_ms: 11.003267
  type: 'test'
  ...
# Subtest: stream ramps per victim, caps, and resets after a miss, cover or release
ok 554 - stream ramps per victim, caps, and resets after a miss, cover or release
  ---
  duration_ms: 1.343774
  type: 'test'
  ...
# Subtest: inner cone is stronger, outer cone weaker, outside and covered targets safe
ok 555 - inner cone is stronger, outer cone weaker, outside and covered targets safe
  ---
  duration_ms: 1.891696
  type: 'test'
  ...
# Subtest: recoil pushes an idle caster backward and slows forward movement
ok 556 - recoil pushes an idle caster backward and slows forward movement
  ---
  duration_ms: 8.417362
  type: 'test'
  ...
# Subtest: stream turning is limited and dodge cancels it; reset clears all channel state
ok 557 - stream turning is limited and dodge cancels it; reset clears all channel state
  ---
  duration_ms: 0.870168
  type: 'test'
  ...
# Subtest: backward channeling adds only a small recoil boost, including diagonal retreat
ok 558 - backward channeling adds only a small recoil boost, including diagonal retreat
  ---
  duration_ms: 8.069841
  type: 'test'
  ...
# Subtest: stream does not use deployed orb reserves or damage the caster
ok 559 - stream does not use deployed orb reserves or damage the caster
  ---
  duration_ms: 9.688247
  type: 'test'
  ...
# Subtest: two windows of one browser connect over the local channel and trade JSON messages
ok 560 - two windows of one browser connect over the local channel and trade JSON messages
  ---
  duration_ms: 162.391806
  type: 'test'
  ...
# Subtest: a knock with no host in this browser gives up quickly
ok 561 - a knock with no host in this browser gives up quickly
  ---
  duration_ms: 50.586441
  type: 'test'
  ...
# Subtest: expanded map has three times the area, varied interiors and single-entry small houses
ok 562 - expanded map has three times the area, varied interiors and single-entry small houses
  ---
  duration_ms: 1.278095
  type: 'test'
  ...
# Subtest: all interiors and farm entrances are reachable from spawn without crossing cover
ok 563 - all interiors and farm entrances are reachable from spawn without crossing cover
  ---
  duration_ms: 6152.249681
  type: 'test'
  ...
# Subtest: boarded windows have real walls and never provide firing cones
ok 564 - boarded windows have real walls and never provide firing cones
  ---
  duration_ms: 1.465179
  type: 'test'
  ...
# Subtest: a map with no look block is lit exactly as before
ok 565 - a map with no look block is lit exactly as before
  ---
  duration_ms: 1.000979
  type: 'test'
  ...
# Subtest: warmth pushes light and haze toward amber without much change in brightness
ok 566 - warmth pushes light and haze toward amber without much change in brightness
  ---
  duration_ms: 0.4584
  type: 'test'
  ...
# Subtest: every shipped map is a bit warmer than the base light, and a map can override any of it
ok 567 - every shipped map is a bit warmer than the base light, and a map can override any of it
  ---
  duration_ms: 0.434094
  type: 'test'
  ...
# Subtest: the direct merge matches clone, transform and mergeGeometries
ok 568 - the direct merge matches clone, transform and mergeGeometries
  ---
  duration_ms: 251.20437
  type: 'test'
  ...
# Subtest: it declines what it cannot merge, so the caller can fall back
ok 569 - it declines what it cannot merge, so the caller can fall back
  ---
  duration_ms: 9.371864
  type: 'test'
  ...
# Subtest: every mode can be started
ok 570 - every mode can be started
  ---
  duration_ms: 2037.368396
  type: 'test'
  ...
# Subtest: robots fill the seats a mode needs, on sides dealt round-robin
ok 571 - robots fill the seats a mode needs, on sides dealt round-robin
  ---
  duration_ms: 978.641858
  type: 'test'
  ...
# Subtest: FFA fills to four; with robots off a fixed-size mode refuses to start short
ok 572 - FFA fills to four; with robots off a fixed-size mode refuses to start short
  ---
  duration_ms: 198.959693
  type: 'test'
  ...
# Subtest: no friendly fire: a teammate standing in the line of fire is not hurt
ok 573 - no friendly fire: a teammate standing in the line of fire is not hurt
  ---
  duration_ms: 120.883902
  type: 'test'
  ...
# Subtest: robots fight: in a 3V3 of robots and a host, damage is dealt and kills count for sides
ok 574 - robots fight: in a 3V3 of robots and a host, damage is dealt and kills count for sides
  ---
  duration_ms: 5952.415763
  type: 'test'
  ...
# Subtest: a player joining a full team round takes a robot's seat and side
ok 575 - a player joining a full team round takes a robot's seat and side
  ---
  duration_ms: 239.74785
  type: 'test'
  ...
# Subtest: results name the winning side
ok 576 - results name the winning side
  ---
  duration_ms: 92.651164
  type: 'test'
  ...
# Subtest: friendly fire (on by default): a teammate stands in your targets and takes half; off: not at all
ok 577 - friendly fire (on by default): a teammate stands in your targets and takes half; off: not at all
  ---
  duration_ms: 180.043233
  type: 'test'
  ...
# Subtest: players pick their side in the lobby (full sides refuse); with "with team" each side spawns together, apart from the others
ok 578 - players pick their side in the lobby (full sides refuse); with "with team" each side spawns together, apart from the others
  ---
  duration_ms: 108.651615
  type: 'test'
  ...
# Subtest: a side keeps its kills when a player leaves or a robot steps aside; a refused restart changes nothing
ok 579 - a side keeps its kills when a player leaves or a robot steps aside; a refused restart changes nothing
  ---
  duration_ms: 72.044974
  type: 'test'
  ...
# Subtest: robot setups: TUNE changes one robot, APPLY TO ALL every robot and the ones added after; its weapon is used
ok 580 - robot setups: TUNE changes one robot, APPLY TO ALL every robot and the ones added after; its weapon is used
  ---
  duration_ms: 94.483425
  type: 'test'
  ...
# Subtest: unticking ROBOTS in the lobby takes the added robots out
ok 581 - unticking ROBOTS in the lobby takes the added robots out
  ---
  duration_ms: 64.547827
  type: 'test'
  ...
# Subtest: kill feed: killers and victims by name, pink for others and blue for you, several victims on one line
ok 582 - kill feed: killers and victims by name, pink for others and blue for you, several victims on one line
  ---
  duration_ms: 1.084161
  type: 'test'
  ...
# Subtest: scoreboard rows: rank, colour and name, kills, deaths, damage, time, most used weapon, ping; you in blue, away players dimmed
ok 583 - scoreboard rows: rank, colour and name, kills, deaths, damage, time, most used weapon, ping; you in blue, away players dimmed
  ---
  duration_ms: 0.604958
  type: 'test'
  ...
# Subtest: a joiner primes, marks and ruptures with Omen through host authority
ok 584 - a joiner primes, marks and ruptures with Omen through host authority
  ---
  duration_ms: 505.162736
  type: 'test'
  ...
# Subtest: a joiner receives the hit and curse bearings from the host for its damage arc
ok 585 - a joiner receives the hit and curse bearings from the host for its damage arc
  ---
  duration_ms: 198.08309
  type: 'test'
  ...
# Subtest: room codes are short, readable and forgiving to type
ok 586 - room codes are short, readable and forgiving to type
  ---
  duration_ms: 0.564641
  type: 'test'
  ...
# Subtest: multiplayer is switched on and called Multiplayer in the game modes
ok 587 - multiplayer is switched on and called Multiplayer in the game modes
  ---
  duration_ms: 1.902845
  type: 'test'
  ...
# Subtest: players join with a username and the room code alone, and names stay unique
ok 588 - players join with a username and the room code alone, and names stay unique
  ---
  duration_ms: 225.10071
  type: 'test'
  ...
# Subtest: nobody is in the world until they pick a weapon, and then they appear inside a building
ok 589 - nobody is in the world until they pick a weapon, and then they appear inside a building
  ---
  duration_ms: 109.351663
  type: 'test'
  ...
# Subtest: every spawn point is inside a real room and clear of furniture
ok 590 - every spawn point is inside a real room and clear of furniture
  ---
  duration_ms: 50.589907
  type: 'test'
  ...
# Subtest: a client moves instantly and the host agrees where it ended up
ok 591 - a client moves instantly and the host agrees where it ended up
  ---
  duration_ms: 254.144987
  type: 'test'
  ...
# Subtest: inputs are cleaned: presses stay presses, points stay on the map, nothing else gets through
ok 592 - inputs are cleaned: presses stay presses, points stay on the map, nothing else gets through
  ---
  duration_ms: 5.699045
  type: 'test'
  ...
# Subtest: the host shoots a joiner dead: damage, a kill-feed line, the scoreboard, and a respawn after the wait
ok 593 - the host shoots a joiner dead: damage, a kill-feed line, the scoreboard, and a respawn after the wait
  ---
  duration_ms: 662.925003
  type: 'test'
  ...
# Subtest: one blast that kills two players is one kill-feed line naming both
ok 594 - one blast that kills two players is one kill-feed line naming both
  ---
  duration_ms: 250.906651
  type: 'test'
  ...
# Subtest: your own blast can kill you, and it counts as a death, not a kill
ok 595 - your own blast can kill you, and it counts as a death, not a kill
  ---
  duration_ms: 128.322455
  type: 'test'
  ...
# Subtest: time in game stops while picking a weapon again, and the most used weapon wins the column
ok 596 - time in game stops while picking a weapon again, and the most used weapon wins the column
  ---
  duration_ms: 530.485621
  type: 'test'
  ...
# Subtest: props broken by one player are broken for everyone, joiners included
ok 597 - props broken by one player are broken for everyone, joiners included
  ---
  duration_ms: 50.637415
  type: 'test'
  ...
# Subtest: lost snapshots lose no events: they are resent until acknowledged
ok 598 - lost snapshots lose no events: they are resent until acknowledged
  ---
  duration_ms: 77.174533
  type: 'test'
  ...
# Subtest: the room fills up, turns away other versions and notices when players leave
ok 599 - the room fills up, turns away other versions and notices when players leave
  ---
  duration_ms: 174.78769
  type: 'test'
  ...
# Subtest: a silent player times out; a vanished host ends the client game
ok 600 - a silent player times out; a vanished host ends the client game
  ---
  duration_ms: 434.416686
  type: 'test'
  ...
# Subtest: a joiner still loading is not dropped, and a stall on our own side is forgiven
ok 601 - a joiner still loading is not dropped, and a stall on our own side is forgiven
  ---
  duration_ms: 199.604505
  type: 'test'
  ...
# Subtest: developer overrides online are the host's only: joiners are forced off
ok 602 - developer overrides online are the host's only: joiners are forced off
  ---
  duration_ms: 63.70926
  type: 'test'
  ...
# Subtest: players are solid to each other: walking into someone stops you at their edge
ok 603 - players are solid to each other: walking into someone stops you at their edge
  ---
  duration_ms: 138.633725
  type: 'test'
  ...
# Subtest: offline play has no other players to bump into and owns its own world
ok 604 - offline play has no other players to bump into and owns its own world
  ---
  duration_ms: 6.460364
  type: 'test'
  ...
# Subtest: everyone gets the lobby (players, colour slots, spawn setting) and a ping for each joiner
ok 605 - everyone gets the lobby (players, colour slots, spawn setting) and a ping for each joiner
  ---
  duration_ms: 176.133866
  type: 'test'
  ...
# Subtest: spawns are scattered, nobody within a screen of anyone else; nobody can spawn everyone together any more
ok 606 - spawns are scattered, nobody within a screen of anyone else; nobody can spawn everyone together any more
  ---
  duration_ms: 183.844728
  type: 'test'
  ...
# Subtest: the host resets the map: every prop stands again, crops regrow, and every screen is told
ok 607 - the host resets the map: every prop stands again, crops regrow, and every screen is told
  ---
  duration_ms: 120.867842
  type: 'test'
  ...
# Subtest: an ffa round lasts ten minutes, then the results, then everyone back in the lobby; the next round starts fresh
ok 608 - an ffa round lasts ten minutes, then the results, then everyone back in the lobby; the next round starts fresh
  ---
  duration_ms: 317.80582
  type: 'test'
  ...
# Subtest: a room opens in the lobby: nobody in the world, the host picks the mode and settings
ok 609 - a room opens in the lobby: nobody in the world, the host picks the mode and settings
  ---
  duration_ms: 63.268109
  type: 'test'
  ...
# Subtest: the weapon pick: GO goes in at once; at zero you go in with your pick, or a random weapon
ok 610 - the weapon pick: GO goes in at once; at zero you go in with your pick, or a random weapon
  ---
  duration_ms: 534.34816
  type: 'test'
  ...
# Subtest: weapons change only after dying
ok 611 - weapons change only after dying
  ---
  duration_ms: 424.005602
  type: 'test'
  ...
# Subtest: practice: the weapon can be changed any time; the player leaves the world while picking
ok 612 - practice: the weapon can be changed any time; the player leaves the world while picking
  ---
  duration_ms: 66.439867
  type: 'test'
  ...
# Subtest: practice: the map targets are out and shared; players can hit each other but nothing counts; respawn is instant
ok 613 - practice: the map targets are out and shared; players can hit each other but nothing counts; respawn is instant
  ---
  duration_ms: 150.911794
  type: 'test'
  ...
# Subtest: the kill limit ends an ffa round; the health setting is what everyone spawns with
ok 614 - the kill limit ends an ffa round; the health setting is what everyone spawns with
  ---
  duration_ms: 81.289289
  type: 'test'
  ...
# Subtest: nobody spawns inside the ground the weapon-pick camera shows; a mid-round joiner goes to the pick
ok 615 - nobody spawns inside the ground the weapon-pick camera shows; a mid-round joiner goes to the pick
  ---
  duration_ms: 129.487509
  type: 'test'
  ...
# Subtest: from full health to dead in one hit reads "one shot" in the kill feed and on the death screen
ok 616 - from full health to dead in one hit reads "one shot" in the kill feed and on the death screen
  ---
  duration_ms: 265.550666
  type: 'test'
  ...
# Subtest: a Static stream on a slow link never outgrows one message, and the joiner catches up after
ok 617 - a Static stream on a slow link never outgrows one message, and the joiner catches up after
  ---
  duration_ms: 594.941462
  type: 'test'
  ...
# Subtest: syphon (FFA, on by default): a kill gives the killer back half the health they had lost
ok 618 - syphon (FFA, on by default): a kill gives the killer back half the health they had lost
  ---
  duration_ms: 48.647267
  type: 'test'
  ...
# Subtest: Omen ignores aim-in inputs without changing walking speed or shot spread
ok 619 - Omen ignores aim-in inputs without changing walking speed or shot spread
  ---
  duration_ms: 11.960474
  type: 'test'
  ...
# Subtest: E and X curse clicks recur once a second at the target, stop at expiry and reach other screens
ok 620 - E and X curse clicks recur once a second at the target, stop at expiry and reach other screens
  ---
  duration_ms: 22.343946
  type: 'test'
  ...
# Subtest: curse sound stops on detonation, target death and caster death
ok 621 - curse sound stops on detonation, target death and caster death
  ---
  duration_ms: 21.462475
  type: 'test'
  ...
# Subtest: Omen fires straight travelling diamonds at its cadence, reloads and never invokes other weapons
ok 622 - Omen fires straight travelling diamonds at its cadence, reloads and never invokes other weapons
  ---
  duration_ms: 13.133429
  type: 'test'
  ...
# Subtest: E cooldown starts when the primed shot fires, including a miss
ok 623 - E cooldown starts when the primed shot fires, including a miss
  ---
  duration_ms: 5.390051
  type: 'test'
  ...
# Subtest: E primes then ruptures only after impact; early presses and C cannot detonate
ok 624 - E primes then ruptures only after impact; early presses and C cannot detonate
  ---
  duration_ms: 3.799433
  type: 'test'
  ...
# Subtest: E rolls 9–12.6 per tick and ±13.5 per direct blast, with all damage reduced by ten percent
ok 625 - E rolls 9–12.6 per tick and ±13.5 per direct blast, with all damage reduced by ten percent
  ---
  duration_ms: 9.232164
  type: 'test'
  ...
# Subtest: the curse ticks seven times, expires at 3.5 s and cannot detonate at the endpoint
ok 626 - the curse ticks seven times, expires at 3.5 s and cannot detonate at the endpoint
  ---
  duration_ms: 3.014596
  type: 'test'
  ...
# Subtest: rupture increases only in the last second, direct damage has no own splash
ok 627 - rupture increases only in the last second, direct damage has no own splash
  ---
  duration_ms: 0.575276
  type: 'test'
  ...
# Subtest: a wall blocks diamonds and shelters bystanders from rupture
ok 628 - a wall blocks diamonds and shelters bystanders from rupture
  ---
  duration_ms: 1.274129
  type: 'test'
  ...
# Subtest: X sends exactly three, distributes 2 + 1 and excludes allies and off-screen targets
ok 629 - X sends exactly three, distributes 2 + 1 and excludes allies and off-screen targets
  ---
  duration_ms: 3.510325
  type: 'test'
  ...
# Subtest: three X impacts on one enemy do not stack or refresh tick damage
ok 630 - three X impacts on one enemy do not stack or refresh tick damage
  ---
  duration_ms: 9.817566
  type: 'test'
  ...
# Subtest: moving across a homing diamond can evade every impact; it cannot loop back
ok 631 - moving across a homing diamond can evade every impact; it cannot loop back
  ---
  duration_ms: 7.846205
  type: 'test'
  ...
# Subtest: X overlap is capped and all X effects end at four seconds or caster death
ok 632 - X overlap is capped and all X effects end at four seconds or caster death
  ---
  duration_ms: 0.932438
  type: 'test'
  ...
# Subtest: shielded hits cannot curse and dead targets cannot keep or pass on marks
ok 633 - shielded hits cannot curse and dead targets cannot keep or pass on marks
  ---
  duration_ms: 0.940725
  type: 'test'
  ...
# Subtest: new damage types survive hits, ticks and lethal ruptures
ok 634 - new damage types survive hits, ticks and lethal ruptures
  ---
  duration_ms: 7.497734
  type: 'test'
  ...
# Subtest: network inputs, loadout and projectile mirrors preserve Omen and expire stale marks
ok 635 - network inputs, loadout and projectile mirrors preserve Omen and expire stale marks
  ---
  duration_ms: 5.708661
  type: 'test'
  ...
# Subtest: arena proxy replacement retains the curse and delivers typed lethal damage
ok 636 - arena proxy replacement retains the curse and delivers typed lethal damage
  ---
  duration_ms: 2.824735
  type: 'test'
  ...
# Subtest: on hills diamonds carry finite flight heights and a curse keeps the below-deck stance
ok 637 - on hills diamonds carry finite flight heights and a curse keeps the below-deck stance
  ---
  duration_ms: 239.152278
  type: 'test'
  ...
# Subtest: the pooled visual batches dissolve fully; the one-hand model keeps a heart and arm aura
ok 638 - the pooled visual batches dissolve fully; the one-hand model keeps a heart and arm aura
  ---
  duration_ms: 70.588388
  type: 'test'
  ...
# Subtest: each Omen death reaction preserves its dropped relic and cleans up the corpse or scatter
ok 639 - each Omen death reaction preserves its dropped relic and cleans up the corpse or scatter
  ---
  duration_ms: 178.739999
  type: 'test'
  ...
# Subtest: sigil tendrils reach different lengths and wave independently while their roots stay on the circle
ok 640 - sigil tendrils reach different lengths and wave independently while their roots stay on the circle
  ---
  duration_ms: 0.495899
  type: 'test'
  ...
# Subtest: the larger victim curse keeps a red outer circle and its existing damage radius
ok 641 - the larger victim curse keeps a red outer circle and its existing damage radius
  ---
  duration_ms: 32.988185
  type: 'test'
  ...
# Subtest: a red wake keeps the curved flight and height, outlives impact briefly, then returns its pool
ok 642 - a red wake keeps the curved flight and height, outlives impact briefly, then returns its pool
  ---
  duration_ms: 48.572708
  type: 'test'
  ...
# Subtest: priming puts a purple seal with a red inner circle under the moving caster and clears it after firing or death
ok 643 - priming puts a purple seal with a red inner circle under the moving caster and clears it after firing or death
  ---
  duration_ms: 41.492412
  type: 'test'
  ...
# Subtest: prime energy flows inward from purple to red on every preset without growing its render pools
ok 644 - prime energy flows inward from purple to red on every preset without growing its render pools
  ---
  duration_ms: 169.69956
  type: 'test'
  ...
# Subtest: all presets keep shot detail and higher presets enrich it without adding batches or materials
ok 645 - all presets keep shot detail and higher presets enrich it without adding batches or materials
  ---
  duration_ms: 149.740828
  type: 'test'
  ...
# Subtest: the remote prime seal follows snapshots and disappears on fire, death, or a stale connection
ok 646 - the remote prime seal follows snapshots and disappears on fire, death, or a stale connection
  ---
  duration_ms: 5.249597
  type: 'test'
  ...
# Subtest: E expires at five seconds, spends exactly one round and cannot fire a late curse
ok 647 - E expires at five seconds, spends exactly one round and cannot fire a late curse
  ---
  duration_ms: 46.360905
  type: 'test'
  ...
# Subtest: firing just before prime expiry spends one round and HUD/cursor read the same phase clocks
ok 648 - firing just before prime expiry spends one round and HUD/cursor read the same phase clocks
  ---
  duration_ms: 10.347769
  type: 'test'
  ...
# Subtest: the detonation cue marks only the final second of a landed, still-active E or X curse
ok 649 - the detonation cue marks only the final second of a landed, still-active E or X curse
  ---
  duration_ms: 0.524971
  type: 'test'
  ...
# Subtest: curse ticks are explicitly cursed damage and never request an electric aftershock
ok 650 - curse ticks are explicitly cursed damage and never request an electric aftershock
  ---
  duration_ms: 41.572321
  type: 'test'
  ...
# Subtest: rupture has a brief contraction, then smoke on every preset, with complete expiry and reset
ok 651 - rupture has a brief contraction, then smoke on every preset, with complete expiry and reset
  ---
  duration_ms: 122.53088
  type: 'test'
  ...
# Subtest: small volleys scale down proportionally and quick shot stays unchanged
ok 652 - small volleys scale down proportionally and quick shot stays unchanged
  ---
  duration_ms: 19.27743
  type: 'test'
  ...
# Subtest: launch accelerates rapidly with a modest terminal speed and synchronized distance curve
ok 653 - launch accelerates rapidly with a modest terminal speed and synchronized distance curve
  ---
  duration_ms: 0.239747
  type: 'test'
  ...
# Subtest: small volley sizes retain their capped range bonus
ok 654 - small volley sizes retain their capped range bonus
  ---
  duration_ms: 0.134022
  type: 'test'
  ...
# Subtest: combined volley budgets ramp after three and full hits vary from 335 to 355
ok 655 - combined volley budgets ramp after three and full hits vary from 335 to 355
  ---
  duration_ms: 33.648196
  type: 'test'
  ...
# Subtest: aiming far past a nearby victim cannot grant the distance bonus
ok 656 - aiming far past a nearby victim cannot grant the distance bonus
  ---
  duration_ms: 0.688574
  type: 'test'
  ...
# Subtest: orbs converge an overshoot past the aim point, on the same ray
ok 657 - orbs converge an overshoot past the aim point, on the same ray
  ---
  duration_ms: 3.076309
  type: 'test'
  ...
# Subtest: the overshoot never carries an orb into solid cover behind the target
ok 658 - the overshoot never carries an orb into solid cover behind the target
  ---
  duration_ms: 1.153268
  type: 'test'
  ...
# Subtest: a launched orb breaks scenery and carries on through it
ok 659 - a launched orb breaks scenery and carries on through it
  ---
  duration_ms: 10.231165
  type: 'test'
  ...
# Subtest: every breakable type falls to a single orb
ok 660 - every breakable type falls to a single orb
  ---
  duration_ms: 33.007132
  type: 'test'
  ...
# Subtest: drifting orbs still respect scenery; only launched ones pass through
ok 661 - drifting orbs still respect scenery; only launched ones pass through
  ---
  duration_ms: 1.524438
  type: 'test'
  ...
# Subtest: a stray orb is worth one orb, whatever the volley behind it was
ok 662 - a stray orb is worth one orb, whatever the volley behind it was
  ---
  duration_ms: 10.938908
  type: 'test'
  ...
# Subtest: a volley thrown just past a target converges on it instead of clipping it
ok 663 - a volley thrown just past a target converges on it instead of clipping it
  ---
  duration_ms: 10.504731
  type: 'test'
  ...
# Subtest: the nearest crossing wins when two targets lie along the path
ok 664 - the nearest crossing wins when two targets lie along the path
  ---
  duration_ms: 0.38403
  type: 'test'
  ...
# Subtest: a target behind solid cover is never intercepted onto
ok 665 - a target behind solid cover is never intercepted onto
  ---
  duration_ms: 0.650438
  type: 'test'
  ...
# Subtest: a volley aimed directly at a target is left alone
ok 666 - a volley aimed directly at a target is left alone
  ---
  duration_ms: 0.4768
  type: 'test'
  ...
# Subtest: the volley is worth what lands, not what was fired
ok 667 - the volley is worth what lands, not what was fired
  ---
  duration_ms: 7.609169
  type: 'test'
  ...
# Subtest: an unobstructed volley is still worth its full launched value
ok 668 - an unobstructed volley is still worth its full launched value
  ---
  duration_ms: 10.497564
  type: 'test'
  ...
# Subtest: a single orb never produces a blast
ok 669 - a single orb never produces a blast
  ---
  duration_ms: 4.095254
  type: 'test'
  ...
# Subtest: an orb pays for what it breaks and carries on lighter
ok 670 - an orb pays for what it breaks and carries on lighter
  ---
  duration_ms: 2.152318
  type: 'test'
  ...
# Subtest: a breakable it cannot pay for in full takes the remainder and stops it
ok 671 - a breakable it cannot pay for in full takes the remainder and stops it
  ---
  duration_ms: 8.346412
  type: 'test'
  ...
# Subtest: the budget is spent nearest first, in the order the orb meets them
ok 672 - the budget is spent nearest first, in the order the orb meets them
  ---
  duration_ms: 1.65246
  type: 'test'
  ...
# Subtest: the budget does not come out of what the target receives
ok 673 - the budget does not come out of what the target receives
  ---
  duration_ms: 13.424192
  type: 'test'
  ...
# Subtest: one orb can only ever clear one full crate
ok 674 - one orb can only ever clear one full crate
  ---
  duration_ms: 3.365714
  type: 'test'
  ...
# Subtest: orbs parked around a target do not drag the volley onto it
ok 675 - orbs parked around a target do not drag the volley onto it
  ---
  duration_ms: 6.415235
  type: 'test'
  ...
# Subtest: a target off the line of fire is never intercepted onto
ok 676 - a target off the line of fire is never intercepted onto
  ---
  duration_ms: 0.250813
  type: 'test'
  ...
# Subtest: a target behind the aim point is not intercepted onto either
ok 677 - a target behind the aim point is not intercepted onto either
  ---
  duration_ms: 0.199741
  type: 'test'
  ...
# Subtest: aimed well past a target, the volley goes where the cursor is (owner, v0.9b)
ok 678 - aimed well past a target, the volley goes where the cursor is (owner, v0.9b)
  ---
  duration_ms: 0.166883
  type: 'test'
  ...
# Subtest: a target standing in the way is still intercepted onto
ok 679 - a target standing in the way is still intercepted onto
  ---
  duration_ms: 0.133248
  type: 'test'
  ...
# Subtest: orb blasts look bigger with every orb: small at 2-3, medium 4-7, full size around 10
ok 680 - orb blasts look bigger with every orb: small at 2-3, medium 4-7, full size around 10
  ---
  duration_ms: 1.082889
  type: 'test'
  ...
# Subtest: rapid placement produces separated drifting orbs
ok 681 - rapid placement produces separated drifting orbs
  ---
  duration_ms: 21.191319
  type: 'test'
  ...
# Subtest: overlapping orbs separate deterministically without damaging nearby cover
ok 682 - overlapping orbs separate deterministically without damaging nearby cover
  ---
  duration_ms: 1.131749
  type: 'test'
  ...
# Subtest: separated orbs still arrive at one exact point after launch
ok 683 - separated orbs still arrive at one exact point after launch
  ---
  duration_ms: 25.942132
  type: 'test'
  ...
# Subtest: one-shot kill distinguishes a fresh lethal attack from follow-up or sustained damage
ok 684 - one-shot kill distinguishes a fresh lethal attack from follow-up or sustained damage
  ---
  duration_ms: 2.787415
  type: 'test'
  ...
# Subtest: outgoing totals accumulate per entity, preserve subtotals and periodically move to the latest hit
ok 685 - outgoing totals accumulate per entity, preserve subtotals and periodically move to the latest hit
  ---
  duration_ms: 2.612637
  type: 'test'
  ...
# Subtest: every weapon keeps its running damage total while following successive moving-target hit positions
ok 686 - every weapon keeps its running damage total while following successive moving-target hit positions
  ---
  duration_ms: 4.545398
  type: 'test'
  ...
# Subtest: rapid same-volley ticks use the latest position on the next beat and keep targets independent
ok 687 - rapid same-volley ticks use the latest position on the next beat and keep targets independent
  ---
  duration_ms: 1.222512
  type: 'test'
  ...
# Subtest: green feedback uses strictly below 25 percent of each entity maximum health
ok 688 - green feedback uses strictly below 25 percent of each entity maximum health
  ---
  duration_ms: 2.965882
  type: 'test'
  ...
# Subtest: one-shot sound extends the normal kill chime and hit ding remains restrained
ok 689 - one-shot sound extends the normal kill chime and hit ding remains restrained
  ---
  duration_ms: 0.885999
  type: 'test'
  ...
# Subtest: outgoing numbers report the health actually lost, and never show for destructible props
ok 690 - outgoing numbers report the health actually lost, and never show for destructible props
  ---
  duration_ms: 0.643513
  type: 'test'
  ...
# Subtest: Deadwater's (and Dry Creek's) overhead map is exactly as before
ok 691 - Deadwater's (and Dry Creek's) overhead map is exactly as before
  ---
  duration_ms: 2.693573
  type: 'test'
  ...
# Subtest: Hollow Wick's overhead map shows the stream, paths, decks, buildings, fence and woods
ok 692 - Hollow Wick's overhead map shows the stream, paths, decks, buildings, fence and woods
  ---
  duration_ms: 60.736485
  type: 'test'
  ...
# Subtest: a channel outline is as wide as the water at every point
ok 693 - a channel outline is as wide as the water at every point
  ---
  duration_ms: 0.306305
  type: 'test'
  ...
# Subtest: readouts format as fixed-width figures with a placeholder when unknown
ok 694 - readouts format as fixed-width figures with a placeholder when unknown
  ---
  duration_ms: 0.888786
  type: 'test'
  ...
# Subtest: grades colour the number without changing it
ok 695 - grades colour the number without changing it
  ---
  duration_ms: 0.225577
  type: 'test'
  ...
# Subtest: the monitor probes on its own interval, never concurrently
ok 696 - the monitor probes on its own interval, never concurrently
  ---
  duration_ms: 5.397039
  type: 'test'
  ...
# Subtest: a failed probe reads as unknown rather than a stale number
ok 697 - a failed probe reads as unknown rather than a stale number
  ---
  duration_ms: 3.955459
  type: 'test'
  ...
# Subtest: a non-numeric probe result is treated as unknown
ok 698 - a non-numeric probe result is treated as unknown
  ---
  duration_ms: 1.130787
  type: 'test'
  ...
# Subtest: the element only touches the DOM when its text changes
ok 699 - the element only touches the DOM when its text changes
  ---
  duration_ms: 1.552531
  type: 'test'
  ...
# Subtest: the readout is decorative, not announced
ok 700 - the readout is decorative, not announced
  ---
  duration_ms: 1.378355
  type: 'test'
  ...
# Subtest: cached DOM writes skip repeats and still write changes
ok 701 - cached DOM writes skip repeats and still write changes
  ---
  duration_ms: 1.007423
  type: 'test'
  ...
# Subtest: haptics only buzz on touch, when enabled, and not faster than every 120 ms
ok 702 - haptics only buzz on touch, when enabled, and not faster than every 120 ms
  ---
  duration_ms: 5.07357
  type: 'test'
  ...
# Subtest: a dragged touch control settles on a screen edge when close to it
ok 703 - a dragged touch control settles on a screen edge when close to it
  ---
  duration_ms: 0.201903
  type: 'test'
  ...
# Subtest: builds use relative asset paths, so the game loads from a GitHub Pages subfolder
ok 704 - builds use relative asset paths, so the game loads from a GitHub Pages subfolder
  ---
  duration_ms: 1.842658
  type: 'test'
  ...
# Subtest: Deadwater excludes empty districts while preserving buildings, routes and targets
ok 705 - Deadwater excludes empty districts while preserving buildings, routes and targets
  ---
  duration_ms: 21.247103
  type: 'test'
  ...
# Subtest: perimeter bends are gradual rather than sharp corners
ok 706 - perimeter bends are gradual rather than sharp corners
  ---
  duration_ms: 0.419277
  type: 'test'
  ...
# Subtest: fast movement cannot cross any segment of the concave perimeter
ok 707 - fast movement cannot cross any segment of the concave perimeter
  ---
  duration_ms: 702.418131
  type: 'test'
  ...
# Subtest: overhead outline clips map details to playable ground with a transparent exterior
ok 708 - overhead outline clips map details to playable ground with a transparent exterior
  ---
  duration_ms: 1.423006
  type: 'test'
  ...
# Subtest: depot targets are clear of scenery and the cargo cars only expose their one entrance
ok 709 - depot targets are clear of scenery and the cargo cars only expose their one entrance
  ---
  duration_ms: 264.280964
  type: 'test'
  ...
# Subtest: large depot interiors use close follow framing, small rooms retain fitted framing
ok 710 - large depot interiors use close follow framing, small rooms retain fitted framing
  ---
  duration_ms: 0.430929
  type: 'test'
  ...
# Subtest: rail geometry is finite and permanent train cover has physical collision
ok 711 - rail geometry is finite and permanent train cover has physical collision
  ---
  duration_ms: 413.804033
  type: 'test'
  ...
# Subtest: unioned rail junction faces do not overlap
ok 712 - unioned rail junction faces do not overlap
  ---
  duration_ms: 6.853242
  type: 'test'
  ...
# Subtest: every weapon entry is complete
ok 713 - every weapon entry is complete
  ---
  duration_ms: 1.021926
  type: 'test'
  ...
# Subtest: unknown weapons fall back to the default everywhere
ok 714 - unknown weapons fall back to the default everywhere
  ---
  duration_ms: 0.410839
  type: 'test'
  ...
# Subtest: every map says where it can be played, and the menus read that
ok 715 - every map says where it can be played, and the menus read that
  ---
  duration_ms: 1.454432
  type: 'test'
  ...
# Subtest: spatial batches preserve all triangles and world bounds while separating distant detail
ok 716 - spatial batches preserve all triangles and world bounds while separating distant detail
  ---
  duration_ms: 4.68302
  type: 'test'
  ...
# Subtest: expanded interiors have real rotated cover and a clear passage to the storage room
ok 717 - expanded interiors have real rotated cover and a clear passage to the storage room
  ---
  duration_ms: 62.91712
  type: 'test'
  ...
# Subtest: the roof fade only re-enables the meshes that were built as casters
ok 718 - the roof fade only re-enables the meshes that were built as casters
  ---
  duration_ms: 14.269727
  type: 'test'
  ...
# Subtest: shadowBySize only ever removes casters, never restores them
ok 719 - shadowBySize only ever removes casters, never restores them
  ---
  duration_ms: 0.95595
  type: 'test'
  ...
# Subtest: plain coloured parts bake into one draw with their colours kept per vertex
ok 720 - plain coloured parts bake into one draw with their colours kept per vertex
  ---
  duration_ms: 11.483368
  type: 'test'
  ...
# Subtest: the static batches: casting and non-casting parts share a mesh, and the shadow pass draws just the casters (v0.980a)
ok 721 - the static batches: casting and non-casting parts share a mesh, and the shadow pass draws just the casters (v0.980a)
  ---
  duration_ms: 11.607315
  type: 'test'
  ...
# Subtest: 45 fps persists and adaptive resolution respects capped frame pacing
ok 722 - 45 fps persists and adaptive resolution respects capped frame pacing
  ---
  duration_ms: 4.050828
  type: 'test'
  ...
# Subtest: adaptive resolution lowers sustained overload, recovers slowly, and strains only at its floor
ok 723 - adaptive resolution lowers sustained overload, recovers slowly, and strains only at its floor
  ---
  duration_ms: 0.942005
  type: 'test'
  ...
# Subtest: every graphics tier bounds pixel work on phones and large high-DPI monitors
ok 724 - every graphics tier bounds pixel work on phones and large high-DPI monitors
  ---
  duration_ms: 0.329005
  type: 'test'
  ...
# Subtest: recycled particle instances lose previous dust tints and idle pools skip buffer uploads
ok 725 - recycled particle instances lose previous dust tints and idle pools skip buffer uploads
  ---
  duration_ms: 1.46268
  type: 'test'
  ...
# Subtest: grenade renderer does not hide Ballast supporting hand or show a held grenade on it
ok 726 - grenade renderer does not hide Ballast supporting hand or show a held grenade on it
  ---
  duration_ms: 3.356828
  type: 'test'
  ...
# Subtest: a frame held back while the GPU is busy still counts toward the next one
ok 727 - a frame held back while the GPU is busy still counts toward the next one
  ---
  duration_ms: 0.218287
  type: 'test'
  ...
# Subtest: the shader patches apply to this three.js and are installed
ok 728 - the shader patches apply to this three.js and are installed
  ---
  duration_ms: 0.835614
  type: 'test'
  ...
# Subtest: shadow early-out keeps every tap of both filters for the edge case
ok 729 - shadow early-out keeps every tap of both filters for the edge case
  ---
  duration_ms: 0.388152
  type: 'test'
  ...
# Subtest: the effects light is skipped only while it is dark
ok 730 - the effects light is skipped only while it is dark
  ---
  duration_ms: 0.186343
  type: 'test'
  ...
# Subtest: bakeColors merges plain parts into one draw with their colours per vertex
ok 731 - bakeColors merges plain parts into one draw with their colours per vertex
  ---
  duration_ms: 4.011135
  type: 'test'
  ...
# Subtest: held weapons draw once per rigid part
ok 732 - held weapons draw once per rigid part
  ---
  duration_ms: 36.185957
  type: 'test'
  ...
# Subtest: another player's stream arcs start at their gun and stay there
ok 733 - another player's stream arcs start at their gun and stay there
  ---
  duration_ms: 191.527192
  type: 'test'
  ...
# Subtest: shader warm-up runs after the tier is applied, and again on a tier change
ok 734 - shader warm-up runs after the tier is applied, and again on a tier change
  ---
  duration_ms: 2.379256
  type: 'test'
  ...
# Subtest: the effects light is dimmed, never hidden, during play
ok 735 - the effects light is dimmed, never hidden, during play
  ---
  duration_ms: 1.344213
  type: 'test'
  ...
# Subtest: instanced effects allocate per-instance colour before the warm-up
ok 736 - instanced effects allocate per-instance colour before the warm-up
  ---
  duration_ms: 0.775245
  type: 'test'
  ...
# Subtest: the near plane is as far out as the closest camera allows
ok 737 - the near plane is as far out as the closest camera allows
  ---
  duration_ms: 1.479145
  type: 'test'
  ...
# Subtest: a fading roof tells three its shader has to change
ok 738 - a fading roof tells three its shader has to change
  ---
  duration_ms: 1.068765
  type: 'test'
  ...
# Subtest: Omen has no Shift or right-button aim mode
ok 739 - Omen has no Shift or right-button aim mode
  ---
  duration_ms: 0.880976
  type: 'test'
  ...
# Subtest: Shift aims in on every weapon, and releases independently of the pointer
ok 740 - Shift aims in on every weapon, and releases independently of the pointer
  ---
  duration_ms: 1.855255
  type: 'test'
  ...
# Subtest: aim and fire work in either mouse-button order and release independently
ok 741 - aim and fire work in either mouse-button order and release independently
  ---
  duration_ms: 2.056063
  type: 'test'
  ...
# Subtest: right click requests charge storage once on press while preserving aim state
ok 742 - right click requests charge storage once on press while preserving aim state
  ---
  duration_ms: 0.336369
  type: 'test'
  ...
# Subtest: hip-fire recoil knocks the cone slightly, builds over a burst, stays capped
ok 743 - hip-fire recoil knocks the cone slightly, builds over a burst, stays capped
  ---
  duration_ms: 1.000784
  type: 'test'
  ...
# Subtest: casings remain batched and expire at 30 simulation seconds even with sparse renders
ok 744 - casings remain batched and expire at 30 simulation seconds even with sparse renders
  ---
  duration_ms: 29.102014
  type: 'test'
  ...
# Subtest: both hands track rifle grips; off hand releases to throw and re-grips afterwards
ok 745 - both hands track rifle grips; off hand releases to throw and re-grips afterwards
  ---
  duration_ms: 14.438227
  type: 'test'
  ...
# Subtest: all presets keep projectiles and casings while scaling model and cosmetic budgets
ok 746 - all presets keep projectiles and casings while scaling model and cosmetic budgets
  ---
  duration_ms: 65.885542
  type: 'test'
  ...
# Subtest: rifle fires once on tap, repeats at cadence, and stops at empty magazine
ok 747 - rifle fires once on tap, repeats at cadence, and stops at empty magazine
  ---
  duration_ms: 25.369517
  type: 'test'
  ...
# Subtest: manual reload blocks firing for the reload time and magazines expire at 30 seconds
ok 748 - manual reload blocks firing for the reload time and magazines expire at 30 seconds
  ---
  duration_ms: 32.246842
  type: 'test'
  ...
# Subtest: rifle damage and accuracy improve predictably with range, stance and aim
ok 749 - rifle damage and accuracy improve predictably with range, stance and aim
  ---
  duration_ms: 1.62248
  type: 'test'
  ...
# Subtest: a clean shot passes through what the crosshair is over, from the muzzle
ok 750 - a clean shot passes through what the crosshair is over, from the muzzle
  ---
  duration_ms: 1.754457
  type: 'test'
  ...
# Subtest: cursor depth changes where the barrel is laid, never how tight the group is
ok 751 - cursor depth changes where the barrel is laid, never how tight the group is
  ---
  duration_ms: 0.538019
  type: 'test'
  ...
# Subtest: the body turns so the barrel line, not the body centre, runs through the cursor
ok 752 - the body turns so the barrel line, not the body centre, runs through the cursor
  ---
  duration_ms: 1.277555
  type: 'test'
  ...
# Subtest: shots favor both sides equally without widening bloom or excluding center shots
ok 753 - shots favor both sides equally without widening bloom or excluding center shots
  ---
  duration_ms: 5.499564
  type: 'test'
  ...
# Subtest: side-weighted shots keep a straight heading and the same spread at any cursor depth
ok 754 - side-weighted shots keep a straight heading and the same spread at any cursor depth
  ---
  duration_ms: 0.78309
  type: 'test'
  ...
# Subtest: cover intercepts bullets and Static abilities do not activate for rifle
ok 755 - cover intercepts bullets and Static abilities do not activate for rifle
  ---
  duration_ms: 1.310043
  type: 'test'
  ...
# Subtest: shared ammo override supports rifle; Static orb override does not refill it
ok 756 - shared ammo override supports rifle; Static orb override does not refill it
  ---
  duration_ms: 28.13959
  type: 'test'
  ...
# Subtest: empty rifle trigger starts one normal reload and held fire resumes afterwards
ok 757 - empty rifle trigger starts one normal reload and held fire resumes afterwards
  ---
  duration_ms: 19.350868
  type: 'test'
  ...
# Subtest: rifle aiming slows walking smoothly without reducing dodge travel
ok 758 - rifle aiming slows walking smoothly without reducing dodge travel
  ---
  duration_ms: 20.664373
  type: 'test'
  ...
# Subtest: Nominal and Static have one dodge, Ballast two
ok 759 - Nominal and Static have one dodge, Ballast two
  ---
  duration_ms: 16.454995
  type: 'test'
  ...
# Subtest: Nominal: a 28-round magazine and a slightly longer reload
ok 760 - Nominal: a 28-round magazine and a slightly longer reload
  ---
  duration_ms: 6.682726
  type: 'test'
  ...
# Subtest: Surge: two seconds of power-up, then five of 2x bullets that use no ammo and never reload, then a full magazine and the cooldown
ok 761 - Surge: two seconds of power-up, then five of 2x bullets that use no ammo and never reload, then a full magazine and the cooldown
  ---
  duration_ms: 10.415565
  type: 'test'
  ...
# Subtest: Surge moves you faster, breaks the breakables round you as the beams arrive, and powers up grenades
ok 762 - Surge moves you faster, breaks the breakables round you as the beams arrive, and powers up grenades
  ---
  duration_ms: 23.993731
  type: 'test'
  ...
# Subtest: roadside landmarks and outdoor cover have finite geometry and solid cover pieces
ok 763 - roadside landmarks and outdoor cover have finite geometry and solid cover pieces
  ---
  duration_ms: 105.217603
  type: 'test'
  ...
# Subtest: interior camera fits every rotated room and its surroundings on landscape and portrait displays
ok 764 - interior camera fits every rotated room and its surroundings on landscape and portrait displays
  ---
  duration_ms: 4.455047
  type: 'test'
  ...
# Subtest: dynamic concealment uploads door/window regions and clears when leaving the room
ok 765 - dynamic concealment uploads door/window regions and clears when leaving the room
  ---
  duration_ms: 225.522106
  type: 'test'
  ...
# Subtest: outdoor cover hides entities behind it and reveals them around its open flank
ok 766 - outdoor cover hides entities behind it and reveals them around its open flank
  ---
  duration_ms: 1.035198
  type: 'test'
  ...
# Subtest: a body edge remains visible when only the center sightline clips outdoor cover
ok 767 - a body edge remains visible when only the center sightline clips outdoor cover
  ---
  duration_ms: 0.557086
  type: 'test'
  ...
# Subtest: entity concealment clips fragments without altering shared scenery materials
ok 768 - entity concealment clips fragments without altering shared scenery materials
  ---
  duration_ms: 2.194036
  type: 'test'
  ...
# Subtest: entity shadows use the same fragment concealment as their visible bodies
ok 769 - entity shadows use the same fragment concealment as their visible bodies
  ---
  duration_ms: 0.668738
  type: 'test'
  ...
# Subtest: outdoor rendering does not conceal visible entities with ground-level sight rays
ok 770 - outdoor rendering does not conceal visible entities with ground-level sight rays
  ---
  duration_ms: 0.632934
  type: 'test'
  ...
# Subtest: robots come in well away from you and apart from each other
ok 771 - robots come in well away from you and apart from each other
  ---
  duration_ms: 334.156807
  type: 'test'
  ...
# Subtest: nobody is a dead shot: every skill misses now and then, the best rarely
ok 772 - nobody is a dead shot: every skill misses now and then, the best rarely
  ---
  duration_ms: 0.166204
  type: 'test'
  ...
# Subtest: a robot does not see what is behind it past a few metres
ok 773 - a robot does not see what is behind it past a few metres
  ---
  duration_ms: 44.684626
  type: 'test'
  ...
# Subtest: a target others are already on is less tempting
ok 774 - a target others are already on is less tempting
  ---
  duration_ms: 31.191071
  type: 'test'
  ...
# Subtest: practice spawns: a random open spot in the playable area
ok 775 - practice spawns: a random open spot in the playable area
  ---
  duration_ms: 18.117996
  type: 'test'
  ...
# Subtest: robot armour comes off in order as health falls
ok 776 - robot armour comes off in order as health falls
  ---
  duration_ms: 1.598557
  type: 'test'
  ...
# Subtest: the walking grid matches the playable area, and a broken prop updates it exactly as a rebuild would
ok 777 - the walking grid matches the playable area, and a broken prop updates it exactly as a rebuild would
  ---
  duration_ms: 367.268047
  type: 'test'
  ...
# Subtest: paths are walkable end to end and pulled tight
ok 778 - paths are walkable end to end and pulled tight
  ---
  duration_ms: 89.692626
  type: 'test'
  ...
# Subtest: robots are hit like players, never bleed-kind targets, and pass damage both ways
ok 779 - robots are hit like players, never bleed-kind targets, and pass damage both ways
  ---
  duration_ms: 50.590318
  type: 'test'
  ...
# Subtest: a robot left to itself moves, aims and fights with its weapon
ok 780 - a robot left to itself moves, aims and fights with its weapon
  ---
  duration_ms: 1923.506844
  type: 'test'
  ...
# Subtest: a clear shot is blocked by walls
ok 781 - a clear shot is blocked by walls
  ---
  duration_ms: 5.684496
  type: 'test'
  ...
# Subtest: robots spend most of a fight fighting, not hiding, and never crash with nothing to aim at
ok 782 - robots spend most of a fight fighting, not hiding, and never crash with nothing to aim at
  ---
  duration_ms: 2603.446817
  type: 'test'
  ...
# Subtest: allies are on your side: never your targets, never hurt you, and an escort keeps near you as you walk
ok 783 - allies are on your side: never your targets, never hurt you, and an escort keeps near you as you walk
  ---
  duration_ms: 361.840511
  type: 'test'
  ...
# Subtest: an ally fights enemy robots, and a dead enemy is forgotten (no chasing ghosts)
ok 784 - an ally fights enemy robots, and a dead enemy is forgotten (no chasing ghosts)
  ---
  duration_ms: 732.01255
  type: 'test'
  ...
# Subtest: no two robots in a game share a make, each keeps its make for the session, and never an ally-green visor
ok 785 - no two robots in a game share a make, each keeps its make for the session, and never an ally-green visor
  ---
  duration_ms: 244.220179
  type: 'test'
  ...
# Subtest: robots have their own skill and style: as asked, or at random, and never two quite alike
ok 786 - robots have their own skill and style: as asked, or at random, and never two quite alike
  ---
  duration_ms: 49.446843
  type: 'test'
  ...
# Subtest: robots use the real shape of your screen: a phone or tablet tightens the box, 16:9 never changes it (owner, 2026-09-25)
ok 787 - robots use the real shape of your screen: a phone or tablet tightens the box, 16:9 never changes it (owner, 2026-09-25)
  ---
  duration_ms: 81.438673
  type: 'test'
  ...
# Subtest: robots never open fire from off your screen, including just below its bottom edge (owner, 2026-09-25)
ok 788 - robots never open fire from off your screen, including just below its bottom edge (owner, 2026-09-25)
  ---
  duration_ms: 31.08402
  type: 'test'
  ...
# Subtest: the fade list: characters outside every building, packed from the first slot, the rest off
ok 789 - the fade list: characters outside every building, packed from the first slot, the rest off
  ---
  duration_ms: 3.66902
  type: 'test'
  ...
# Subtest: the shader reads the count and stops at it; every material shares one list and one count; the patch is cut clean, not dithered
ok 790 - the shader reads the count and stops at it; every material shares one list and one count; the patch is cut clean, not dithered
  ---
  duration_ms: 1.726727
  type: 'test'
  ...
# Subtest: a blended copy shows only while someone is near its mesh, and never while it is told to stay hidden
ok 791 - a blended copy shows only while someone is near its mesh, and never while it is told to stay hidden
  ---
  duration_ms: 2.129043
  type: 'test'
  ...
# Subtest: a whole tree fades: its clumps by instance, its limbs easing back to solid toward the trunk
ok 792 - a whole tree fades: its clumps by instance, its limbs easing back to solid toward the trunk
  ---
  duration_ms: 1.2336
  type: 'test'
  ...
# Subtest: the roof meshes update the list with no wrapper of their own (nothing allocated a frame)
ok 793 - the roof meshes update the list with no wrapper of their own (nothing allocated a frame)
  ---
  duration_ms: 0.929816
  type: 'test'
  ...
# Subtest: the colonial walls open too: from the waist up, and only on the camera's side of the body
ok 794 - the colonial walls open too: from the waist up, and only on the camera's side of the body
  ---
  duration_ms: 0.519359
  type: 'test'
  ...
# Subtest: a colonial roof fades by whole sections: one shared table, a section per vertex, dropped from the opaque draw, drawn by the blended copy
ok 795 - a colonial roof fades by whole sections: one shared table, a section per vertex, dropped from the opaque draw, drawn by the blended copy
  ---
  duration_ms: 0.719502
  type: 'test'
  ...
# Subtest: a section fades for someone standing under it or hidden by it from the camera, not for someone beside it
ok 796 - a section fades for someone standing under it or hidden by it from the camera, not for someone beside it
  ---
  duration_ms: 1.60341
  type: 'test'
  ...
# Subtest: sections ease in and out (smoothstep, fadeIn / fadeOut seconds), into the shared table
ok 797 - sections ease in and out (smoothstep, fadeIn / fadeOut seconds), into the shared table
  ---
  duration_ms: 1.138378
  type: 'test'
  ...
# Subtest: a roof's blended copy shows while any of its sections is faded or fading, never while the roof fades as a whole
ok 798 - a roof's blended copy shows while any of its sections is faded or fading, never while the roof fades as a whole
  ---
  duration_ms: 3.25341
  type: 'test'
  ...
# Subtest: nobody inside a closed building shows through its faded roof: only to someone inside it or in its doorway (gameplay guard)
ok 799 - nobody inside a closed building shows through its faded roof: only to someone inside it or in its doorway (gameplay guard)
  ---
  duration_ms: 0.40825
  type: 'test'
  ...
# Subtest: angled cover uses its true thin outline for shots and occupancy
ok 800 - angled cover uses its true thin outline for shots and occupancy
  ---
  duration_ms: 1.054109
  type: 'test'
  ...
# Subtest: movement slides along a rotated wall without crossing or teleporting
ok 801 - movement slides along a rotated wall without crossing or teleporting
  ---
  duration_ms: 22.858489
  type: 'test'
  ...
# Subtest: prop rotations are stable and retain both aligned and diagonal placements
ok 802 - prop rotations are stable and retain both aligned and diagonal placements
  ---
  duration_ms: 7.282712
  type: 'test'
  ...
# Subtest: Scatter: X readies it, X again fires five big red shells; 40 s cooldown; no shells used
ok 803 - Scatter: X readies it, X again fires five big red shells; 40 s cooldown; no shells used
  ---
  duration_ms: 11.472757
  type: 'test'
  ...
# Subtest: each big shell splits into four that each end in a little explosion
ok 804 - each big shell splits into four that each end in a little explosion
  ---
  duration_ms: 4.833664
  type: 'test'
  ...
# Subtest: damage: moderate from big shells, decent from the small ones, stacking splash, capped
ok 805 - damage: moderate from big shells, decent from the small ones, stacking splash, capped
  ---
  duration_ms: 11.182738
  type: 'test'
  ...
# Subtest: walls shelter from the little explosions, and a readied Scatter is dropped when you come back
ok 806 - walls shelter from the little explosions, and a readied Scatter is dropped when you come back
  ---
  duration_ms: 2.463957
  type: 'test'
  ...
# Subtest: Scatter bursts set crops alight
ok 807 - Scatter bursts set crops alight
  ---
  duration_ms: 1.808566
  type: 'test'
  ...
# Subtest: scope shading: only the listed children are shaded; with no list, the whole root as before
ok 808 - scope shading: only the listed children are shaded; with no list, the whole root as before
  ---
  duration_ms: 1.959325
  type: 'test'
  ...
# Subtest: the warm-up hands the scope shading the world as it stood before staging
ok 809 - the warm-up hands the scope shading the world as it stood before staging
  ---
  duration_ms: 1.590686
  type: 'test'
  ...
# Subtest: the old fixed 42 x 30 m box missed part of a plain 16:9 screen on Deadwater
ok 810 - the old fixed 42 x 30 m box missed part of a plain 16:9 screen on Deadwater
  ---
  duration_ms: 22.654044
  type: 'test'
  ...
# Subtest: flat ground: every screen shape, both suns, fully covered and about as sharp as before
ok 811 - flat ground: every screen shape, both suns, fully covered and about as sharp as before
  ---
  duration_ms: 86.498542
  type: 'test'
  ...
# Subtest: hills: Hollow Wick at its named spots, every screen shape, both suns
ok 812 - hills: Hollow Wick at its named spots, every screen shape, both suns
  ---
  duration_ms: 940.190543
  type: 'test'
  ...
# Subtest: a lower camera (a room, the death camera) gets a smaller, sharper box; the pick view a bigger one
ok 813 - a lower camera (a room, the death camera) gets a smaller, sharper box; the pick view a bigger one
  ---
  duration_ms: 25.04309
  type: 'test'
  ...
# Subtest: the box holds still: flat ground never changes it, a walk over the hills rarely does
ok 814 - the box holds still: flat ground never changes it, a walk over the hills rarely does
  ---
  duration_ms: 35.268029
  type: 'test'
  ...
# Subtest: settling: edges on whole metres, grows at once, shrinks only when far too big
ok 815 - settling: edges on whole metres, grows at once, shrinks only when far too big
  ---
  duration_ms: 2.216537
  type: 'test'
  ...
# Subtest: the rolled light frame is what three.js builds from the up vector it is given
ok 816 - the rolled light frame is what three.js builds from the up vector it is given
  ---
  duration_ms: 1.131435
  type: 'test'
  ...
# Subtest: the depth bias stays a few millimetres whatever the box depth
ok 817 - the depth bias stays a few millimetres whatever the box depth
  ---
  duration_ms: 0.266021
  type: 'test'
  ...
# Subtest: the renderer fits the box before snapping to its texels, and rolls it with the screen
ok 818 - the renderer fits the box before snapping to its texels, and rolls it with the screen
  ---
  duration_ms: 3.20991
  type: 'test'
  ...
# Subtest: the light basis is orthonormal and square to the light
ok 819 - the light basis is orthonormal and square to the light
  ---
  duration_ms: 0.961607
  type: 'test'
  ...
# Subtest: a snapped focus lands exactly on the texel grid, never more than a texel away
ok 820 - a snapped focus lands exactly on the texel grid, never more than a texel away
  ---
  duration_ms: 4.460596
  type: 'test'
  ...
# Subtest: small camera drift no longer moves the shadow map at all
ok 821 - small camera drift no longer moves the shadow map at all
  ---
  duration_ms: 0.718372
  type: 'test'
  ...
# Subtest: a readied Scatter vents steam both ways with bounded quality budgets, and it clears once fired
ok 822 - a readied Scatter vents steam both ways with bounded quality budgets, and it clears once fired
  ---
  duration_ms: 32.415485
  type: 'test'
  ...
# Subtest: no charging: a press fires one shell, holding does not fire again, E fires both
ok 823 - no charging: a press fires one shell, holding does not fire again, E fires both
  ---
  duration_ms: 11.26656
  type: 'test'
  ...
# Subtest: first inserted shell can fire and cancels the remaining reload for LMB, tap and E
ok 824 - first inserted shell can fire and cancels the remaining reload for LMB, tap and E
  ---
  duration_ms: 23.064672
  type: 'test'
  ...
# Subtest: recoil: every shot launches you the same, beyond a dash; aiming in narrows the cone
ok 825 - recoil: every shot launches you the same, beyond a dash; aiming in narrows the cone
  ---
  duration_ms: 2.680553
  type: 'test'
  ...
# Subtest: damage: shellDamage + bonus point blank on the first shell, shellDamage on the second; mid-range still counts
ok 826 - damage: shellDamage + bonus point blank on the first shell, shellDamage on the second; mid-range still counts
  ---
  duration_ms: 9.830665
  type: 'test'
  ...
# Subtest: E aimed in, point blank, can still one-shot a full-health player
ok 827 - E aimed in, point blank, can still one-shot a full-health player
  ---
  duration_ms: 2.001203
  type: 'test'
  ...
# Subtest: cover blocks pellets and stops recoil at walls
ok 828 - cover blocks pellets and stops recoil at walls
  ---
  duration_ms: 2.014894
  type: 'test'
  ...
# Subtest: empty Ballast firing inputs reload once; holding fire after E empties both does not
ok 829 - empty Ballast firing inputs reload once; holding fire after E empties both does not
  ---
  duration_ms: 12.403166
  type: 'test'
  ...
# Subtest: double recoil begins lightly and kicks together after 50 ms
ok 830 - double recoil begins lightly and kicks together after 50 ms
  ---
  duration_ms: 3.804119
  type: 'test'
  ...
# Subtest: normal trigger is manual; standalone rolls 28–32 without changing Sightline backup
ok 831 - normal trigger is manual; standalone rolls 28–32 without changing Sightline backup
  ---
  duration_ms: 10.904129
  type: 'test'
  ...
# Subtest: travelled bullets damage targets and retain their bullet death type
ok 832 - travelled bullets damage targets and retain their bullet death type
  ---
  duration_ms: 1.868285
  type: 'test'
  ...
# Subtest: solid cover stops bullets
ok 833 - solid cover stops bullets
  ---
  duration_ms: 1.421392
  type: 'test'
  ...
# Subtest: two mines can be placed back-to-back; only the second starts the 30 second refill
ok 834 - two mines can be placed back-to-back; only the second starts the 30 second refill
  ---
  duration_ms: 77.298583
  type: 'test'
  ...
# Subtest: refill keeps old mines alive; the first new placement removes either one or both survivors
ok 835 - refill keeps old mines alive; the first new placement removes either one or both survivors
  ---
  duration_ms: 33.023162
  type: 'test'
  ...
# Subtest: mine triggers never bypass refill; respawn keeps remaining charges or cooldown
ok 836 - mine triggers never bypass refill; respawn keeps remaining charges or cooldown
  ---
  duration_ms: 1.193517
  type: 'test'
  ...
# Subtest: arming delay, green allies do not trigger and triggering damage is 200 at midpoint
ok 837 - arming delay, green allies do not trigger and triggering damage is 200 at midpoint
  ---
  duration_ms: 1.460373
  type: 'test'
  ...
# Subtest: mine damage rolls endpoints once for the blast and falls off to its edge
ok 838 - mine damage rolls endpoints once for the blast and falls off to its edge
  ---
  duration_ms: 0.609017
  type: 'test'
  ...
# Subtest: a wall prevents a mine trigger through it
ok 839 - a wall prevents a mine trigger through it
  ---
  duration_ms: 0.514979
  type: 'test'
  ...
# Subtest: mine cannot hit a body standing on another deck level
ok 840 - mine cannot hit a body standing on another deck level
  ---
  duration_ms: 0.527532
  type: 'test'
  ...
# Subtest: Rush summons before firing, alternates hands and fires at 1.75 times the base rate
ok 841 - Rush summons before firing, alternates hands and fires at 1.75 times the base rate
  ---
  duration_ms: 3.318685
  type: 'test'
  ...
# Subtest: Rush lasts eight seconds, blocks repeat activation and expires to manual fire
ok 842 - Rush lasts eight seconds, blocks repeat activation and expires to manual fire
  ---
  duration_ms: 14.694704
  type: 'test'
  ...
# Subtest: Rush moves 20 percent faster and ends on death or loadout reset
ok 843 - Rush moves 20 percent faster and ends on death or loadout reset
  ---
  duration_ms: 7.893078
  type: 'test'
  ...
# Subtest: Rush fires throughout eight seconds even with an empty magazine and ignores reload
ok 844 - Rush fires throughout eight seconds even with an empty magazine and ignores reload
  ---
  duration_ms: 16.579634
  type: 'test'
  ...
# Subtest: Rush preserves partially spent ammo, then returns to manual magazine use
ok 845 - Rush preserves partially spent ammo, then returns to manual magazine use
  ---
  duration_ms: 12.858946
  type: 'test'
  ...
# Subtest: network input and loadout preserve Rush, magazine state, mine allegiance and projectile origin
ok 846 - network input and loadout preserve Rush, magazine state, mine allegiance and projectile origin
  ---
  duration_ms: 2.521898
  type: 'test'
  ...
# Subtest: second gun reaches forward before white silhouette appears, then becomes coloured
ok 847 - second gun reaches forward before white silhouette appears, then becomes coloured
  ---
  duration_ms: 15.961455
  type: 'test'
  ...
# Subtest: dual arms remain normal length while reaching, firing and reloading
ok 848 - dual arms remain normal length while reaching, firing and reloading
  ---
  duration_ms: 16.997162
  type: 'test'
  ...
# Subtest: mine/echo/shot batches clear on reset and no echo leaks from a concealed body
ok 849 - mine/echo/shot batches clear on reset and no echo leaks from a concealed body
  ---
  duration_ms: 12.756154
  type: 'test'
  ...
# Subtest: Sidekick tutorial has short actionable steps and credits its own weapon events
ok 850 - Sidekick tutorial has short actionable steps and credits its own weapon events
  ---
  duration_ms: 0.257069
  type: 'test'
  ...
# Subtest: both Sidekick deaths drop the held weapon and clean up the corpse/blast
ok 851 - both Sidekick deaths drop the held weapon and clean up the corpse/blast
  ---
  duration_ms: 66.440265
  type: 'test'
  ...
# Subtest: host resolves a lethal mine with its owner and damage type, including allied immunity
ok 852 - host resolves a lethal mine with its owner and damage type, including allied immunity
  ---
  duration_ms: 2.463991
  type: 'test'
  ...
# Subtest: bots tap normally, hold during Rush and request only normal mine/X inputs
ok 853 - bots tap normally, hold during Rush and request only normal mine/X inputs
  ---
  duration_ms: 0.8063
  type: 'test'
  ...
# Subtest: map reset, respawn and a death discard planted mines and Rush state
ok 854 - map reset, respawn and a death discard planted mines and Rush state
  ---
  duration_ms: 1.629093
  type: 'test'
  ...
# Subtest: manual Sidekick fires 25 damage at the middle roll once per press, ten rounds, with a 0.28 second cap
ok 855 - manual Sidekick fires 25 damage at the middle roll once per press, ten rounds, with a 0.28 second cap
  ---
  duration_ms: 18.467355
  type: 'test'
  ...
# Subtest: only E crouches, halts movement, keeps regular camera until ADS, and permits rifle reload
ok 856 - only E crouches, halts movement, keeps regular camera until ADS, and permits rifle reload
  ---
  duration_ms: 10.687069
  type: 'test'
  ...
# Subtest: standing X loads while moving, then automatically returns to Sidekick with rifle armed
ok 857 - standing X loads while moving, then automatically returns to Sidekick with rifle armed
  ---
  duration_ms: 3.685415
  type: 'test'
  ...
# Subtest: crouched X stays crouched, fires with second X or LMB and starts exactly 50 seconds cooldown
ok 858 - crouched X stays crouched, fires with second X or LMB and starts exactly 50 seconds cooldown
  ---
  duration_ms: 10.612069
  type: 'test'
  ...
# Subtest: a committed path stays locked when aim changes and takes time to hit
ok 859 - a committed path stays locked when aim changes and takes time to hit
  ---
  duration_ms: 3.067258
  type: 'test'
  ...
# Subtest: rifle damage rolls include 493 and 505, with explicit lethal reactions
ok 860 - rifle damage rolls include 493 and 505, with explicit lethal reactions
  ---
  duration_ms: 5.230552
  type: 'test'
  ...
# Subtest: sniper penetrates multiple props but stops at unbreakable cover
ok 861 - sniper penetrates multiple props but stops at unbreakable cover
  ---
  duration_ms: 10.352842
  type: 'test'
  ...
# Subtest: a target can cross the committed path and evade all rifle damage
ok 862 - a target can cross the committed path and evade all rifle damage
  ---
  duration_ms: 2.875058
  type: 'test'
  ...
# Subtest: fast Sightline still lets a player dodge across its committed path
ok 863 - fast Sightline still lets a player dodge across its committed path
  ---
  duration_ms: 6.453134
  type: 'test'
  ...
# Subtest: aimed Breach detonates at the cursor on flat ground, slopes and the Hollow Wick bridge approach
ok 864 - aimed Breach detonates at the cursor on flat ground, slopes and the Hollow Wick bridge approach
  ---
  duration_ms: 153.708733
  type: 'test'
  ...
# Subtest: solid cover can stop cursor-placed Breach early
ok 865 - solid cover can stop cursor-placed Breach early
  ---
  duration_ms: 8.103253
  type: 'test'
  ...
# Subtest: X combines direct damage and blast once, nearby splash falls off and respects cover
ok 866 - X combines direct damage and blast once, nearby splash falls off and respects cover
  ---
  duration_ms: 3.594535
  type: 'test'
  ...
# Subtest: death cancels chambering and pending shot but launched rounds keep flying
ok 867 - death cancels chambering and pending shot but launched rounds keep flying
  ---
  duration_ms: 8.459723
  type: 'test'
  ...
# Subtest: 45 degree view turns slowly while mouse and keyboard shots aim independently
ok 868 - 45 degree view turns slowly while mouse and keyboard shots aim independently
  ---
  duration_ms: 11.497091
  type: 'test'
  ...
# Subtest: blind aimed fire has the same range; hip fire lands near cursor distance
ok 869 - blind aimed fire has the same range; hip fire lands near cursor distance
  ---
  duration_ms: 4.610826
  type: 'test'
  ...
# Subtest: loadout/input/player and projectile wire data preserve state without client damage authority
ok 870 - loadout/input/player and projectile wire data preserve state without client damage authority
  ---
  duration_ms: 7.930372
  type: 'test'
  ...
# Subtest: held and slung rifle are long, diagonal and visibly amber; Sidekick fits the holster
ok 871 - held and slung rifle are long, diagonal and visibly amber; Sidekick fits the holster
  ---
  duration_ms: 44.055251
  type: 'test'
  ...
# Subtest: hill shots carry flight and under-deck starting height
ok 872 - hill shots carry flight and under-deck starting height
  ---
  duration_ms: 69.263472
  type: 'test'
  ...
# Subtest: all three death reactions keep both weapons in the dropped loadout and clean up
ok 873 - all three death reactions keep both weapons in the dropped loadout and clean up
  ---
  duration_ms: 139.582054
  type: 'test'
  ...
# Subtest: Sidekick rolls 23–27 per shot and carries the same roll into targets, props and host players
ok 874 - Sidekick rolls 23–27 per shot and carries the same roll into targets, props and host players
  ---
  duration_ms: 14.008318
  type: 'test'
  ...
# Subtest: host resolves a direct special round once and preserves its typed lethal hit
ok 875 - host resolves a direct special round once and preserves its typed lethal hit
  ---
  duration_ms: 1.665678
  type: 'test'
  ...
# Subtest: each tutorial lesson responds to its matching weapon action
ok 876 - each tutorial lesson responds to its matching weapon action
  ---
  duration_ms: 0.742229
  type: 'test'
  ...
# Subtest: robots notice a visible aimed rifle but do not infer its laser through a wall
ok 877 - robots notice a visible aimed rifle but do not infer its laser through a wall
  ---
  duration_ms: 0.910667
  type: 'test'
  ...
# Subtest: a sniper bot completes its rifle reload even if it wants cover
ok 878 - a sniper bot completes its rifle reload even if it wants cover
  ---
  duration_ms: 4.353529
  type: 'test'
  ...
# Subtest: setup is 1.5 times faster, still blocks fire, and E cancels immediately
ok 879 - setup is 1.5 times faster, still blocks fire, and E cancels immediately
  ---
  duration_ms: 2.468782
  type: 'test'
  ...
# Subtest: reload exits scope while aim stays held and requires a fresh aim press afterward
ok 880 - reload exits scope while aim stays held and requires a fresh aim press afterward
  ---
  duration_ms: 9.534089
  type: 'test'
  ...
# Subtest: Breach muzzle and landing blasts spare their shooter but hurt nearby opponents with blast reactions
ok 881 - Breach muzzle and landing blasts spare their shooter but hurt nearby opponents with blast reactions
  ---
  duration_ms: 8.385966
  type: 'test'
  ...
# Subtest: muzzle blast respects cover
ok 882 - muzzle blast respects cover
  ---
  duration_ms: 18.517329
  type: 'test'
  ...
# Subtest: scope places the player at the rear edge in every direction and adds at most six percent for height
ok 883 - scope places the player at the rear edge in every direction and adds at most six percent for height
  ---
  duration_ms: 1.947923
  type: 'test'
  ...
# Subtest: scope shading is uniform driven, prewarmable and updates without touching materials
ok 884 - scope shading is uniform driven, prewarmable and updates without touching materials
  ---
  duration_ms: 6.656898
  type: 'test'
  ...
# Subtest: rifle draws swiftly while crouch and bipod settle over the setup; clones remain poseable
ok 885 - rifle draws swiftly while crouch and bipod settle over the setup; clones remain poseable
  ---
  duration_ms: 39.112554
  type: 'test'
  ...
# Subtest: both ammo rows preserve their counts across stance, X loading and reload
ok 886 - both ammo rows preserve their counts across stance, X loading and reload
  ---
  duration_ms: 0.345251
  type: 'test'
  ...
# Subtest: scope edge calculation matches the visible ground across screen shapes and aim angles
ok 887 - scope edge calculation matches the visible ground across screen shapes and aim angles
  ---
  duration_ms: 0.975268
  type: 'test'
  ...
# Subtest: aim revives a warmup-hidden laser, reuses its path, and follows changing cover before cleaning up
ok 888 - aim revives a warmup-hidden laser, reuses its path, and follows changing cover before cleaning up
  ---
  duration_ms: 25.797632
  type: 'test'
  ...
# Subtest: Sightline and Sidekick share two dashes with a five percent shorter recharge
ok 889 - Sightline and Sidekick share two dashes with a five percent shorter recharge
  ---
  duration_ms: 7.097879
  type: 'test'
  ...
# Subtest: X replaces an unfinished ordinary Sightline reload with a full Breach reload when ready
ok 890 - X replaces an unfinished ordinary Sightline reload with a full Breach reload when ready
  ---
  duration_ms: 17.612487
  type: 'test'
  ...
# Subtest: scope and precise laser aim are disabled inside buildings and standing crops
ok 891 - scope and precise laser aim are disabled inside buildings and standing crops
  ---
  duration_ms: 1.854754
  type: 'test'
  ...
# Subtest: Sightline clears low rocks and debris while Sidekick and tall cover retain their stops
ok 892 - Sightline clears low rocks and debris while Sidekick and tall cover retain their stops
  ---
  duration_ms: 25.258994
  type: 'test'
  ...
# Subtest: straight laser and shot clear a bridge above its deck and stay below it from underneath
ok 893 - straight laser and shot clear a bridge above its deck and stay below it from underneath
  ---
  duration_ms: 0.67341
  type: 'test'
  ...
# Subtest: laser ignores pierceable cover, shares the elevated shot height, and refreshes cursor distance
ok 894 - laser ignores pierceable cover, shares the elevated shot height, and refreshes cursor distance
  ---
  duration_ms: 33.991655
  type: 'test'
  ...
# Subtest: Breach yellow crackles animate in the existing batches and clear after the blast
ok 895 - Breach yellow crackles animate in the existing batches and clear after the blast
  ---
  duration_ms: 23.27025
  type: 'test'
  ...
# Subtest: own guide remains visible outside the lagging view without revealing other beams
ok 896 - own guide remains visible outside the lagging view without revealing other beams
  ---
  duration_ms: 1.581422
  type: 'test'
  ...
# Subtest: draw, return and both reload animations keep the long Sightline clear of body and hat
ok 897 - draw, return and both reload animations keep the long Sightline clear of body and hat
  ---
  duration_ms: 108.24887
  type: 'test'
  ...
# Subtest: the actual Hollow Wick bridge is cleared by a high bank shot and its public guide
ok 898 - the actual Hollow Wick bridge is cleared by a high bank shot and its public guide
  ---
  duration_ms: 28.291881
  type: 'test'
  ...
# Subtest: bloom corners share a firing plane across bridge edges instead of twisting with terrain
ok 899 - bloom corners share a firing plane across bridge edges instead of twisting with terrain
  ---
  duration_ms: 5.229271
  type: 'test'
  ...
# Subtest: Sightline arms keep natural fixed lengths in stance, setup, return and both reloads
ok 900 - Sightline arms keep natural fixed lengths in stance, setup, return and both reloads
  ---
  duration_ms: 26.55551
  type: 'test'
  ...
# Subtest: swift draw deploys the bipod during the remaining setup and folds it for Sidekick
ok 901 - swift draw deploys the bipod during the remaining setup and folds it for Sidekick
  ---
  duration_ms: 17.409939
  type: 'test'
  ...
# Subtest: holding aim indoors uses sniper bloom and cursor range, with no local or remote laser
ok 902 - holding aim indoors uses sniper bloom and cursor range, with no local or remote laser
  ---
  duration_ms: 22.248844
  type: 'test'
  ...
# Subtest: cursor unprojection, muzzle bearing and laser endpoint align on flat ground and bridge banks
ok 903 - cursor unprojection, muzzle bearing and laser endpoint align on flat ground and bridge banks
  ---
  duration_ms: 45.669657
  type: 'test'
  ...
# Subtest: normal and Breach guide cores stay attached to the visible muzzle throughout setup
ok 904 - normal and Breach guide cores stay attached to the visible muzzle throughout setup
  ---
  duration_ms: 25.766595
  type: 'test'
  ...
# Subtest: local and remote empty Sightlines hide their laser, and ammo survives player snapshots
ok 905 - local and remote empty Sightlines hide their laser, and ammo survives player snapshots
  ---
  duration_ms: 32.126005
  type: 'test'
  ...
# Subtest: the placement guide draws past fog without depth holes and still stops at solid cover
ok 906 - the placement guide draws past fog without depth holes and still stops at solid cover
  ---
  duration_ms: 21.273397
  type: 'test'
  ...
# Subtest: first refill after spending ammo is 40 percent faster, then returns to normal
ok 907 - first refill after spending ammo is 40 percent faster, then returns to normal
  ---
  duration_ms: 4.676507
  type: 'test'
  ...
# Subtest: all twelve stationary refills are 18 percent faster than the prior stationary rate
ok 908 - all twelve stationary refills are 18 percent faster than the prior stationary rate
  ---
  duration_ms: 0.534305
  type: 'test'
  ...
# Subtest: movement accelerates and diagonal transitions preserve inertia
ok 909 - movement accelerates and diagonal transitions preserve inertia
  ---
  duration_ms: 6.808217
  type: 'test'
  ...
# Subtest: diagonal movement is no faster than cardinal movement
ok 910 - diagonal movement is no faster than cardinal movement
  ---
  duration_ms: 1.771107
  type: 'test'
  ...
# Subtest: releasing input brings motion smoothly to rest
ok 911 - releasing input brings motion smoothly to rest
  ---
  duration_ms: 2.2152
  type: 'test'
  ...
# Subtest: walls block movement while allowing tangential sliding
ok 912 - walls block movement while allowing tangential sliding
  ---
  duration_ms: 1.518262
  type: 'test'
  ...
# Subtest: seed capacity is bounded and seeded shots drift slowly
ok 913 - seed capacity is bounded and seeded shots drift slowly
  ---
  duration_ms: 12.665401
  type: 'test'
  ...
# Subtest: each orb travels straight from its position to the captured cursor point
ok 914 - each orb travels straight from its position to the captured cursor point
  ---
  duration_ms: 2.313469
  type: 'test'
  ...
# Subtest: empty launch only cocks the gun without creating a volley or changing ammo and recharge
ok 915 - empty launch only cocks the gun without creating a volley or changing ammo and recharge
  ---
  duration_ms: 1.787149
  type: 'test'
  ...
# Subtest: unlaunched seeds expire and never damage targets
ok 916 - unlaunched seeds expire and never damage targets
  ---
  duration_ms: 7.358841
  type: 'test'
  ...
# Subtest: continuous collision detects thin walls and small targets
ok 917 - continuous collision detects thin walls and small targets
  ---
  duration_ms: 0.302151
  type: 'test'
  ...
# Subtest: a launched orb clears breakable cover and carries on to the target
ok 918 - a launched orb clears breakable cover and carries on to the target
  ---
  duration_ms: 1.976901
  type: 'test'
  ...
# Subtest: solid cover still stops a launched orb dead
ok 919 - solid cover still stops a launched orb dead
  ---
  duration_ms: 0.850955
  type: 'test'
  ...
# Subtest: a volley can destroy a target, score once, and target respawns
ok 920 - a volley can destroy a target, score once, and target respawns
  ---
  duration_ms: 8.192979
  type: 'test'
  ...
# Subtest: seeding next to a wall does not spawn through it
ok 921 - seeding next to a wall does not spawn through it
  ---
  duration_ms: 0.249723
  type: 'test'
  ...
# Subtest: roof entry follows footprint through the real doorway
ok 922 - roof entry follows footprint through the real doorway
  ---
  duration_ms: 192.008936
  type: 'test'
  ...
# Subtest: different maps load independent dimensions, colliders and targets
ok 923 - different maps load independent dimensions, colliders and targets
  ---
  duration_ms: 13.568147
  type: 'test'
  ...
# Subtest: reset restores targets, player, projectiles and scores
ok 924 - reset restores targets, player, projectiles and scores
  ---
  duration_ms: 59.622375
  type: 'test'
  ...
# Subtest: fixed input replay yields identical simulation state
ok 925 - fixed input replay yields identical simulation state
  ---
  duration_ms: 186.197218
  type: 'test'
  ...
# Subtest: nothing solid stands in a doorway or across the walkway from a door to the centre
ok 926 - nothing solid stands in a doorway or across the walkway from a door to the centre
  ---
  duration_ms: 143.33519
  type: 'test'
  ...
# Subtest: the doors furniture used to block are clear
ok 927 - the doors furniture used to block are clear
  ---
  duration_ms: 0.402128
  type: 'test'
  ...
# Subtest: a body walks from every door to the room centre and on to every other door
ok 928 - a body walks from every door to the room centre and on to every other door
  ---
  duration_ms: 401.503838
  type: 'test'
  ...
# Subtest: no pockets: every bit of floor a robot fits on is reachable from a door, and so is every spawn
ok 929 - no pockets: every bit of floor a robot fits on is reachable from a door, and so is every spawn
  ---
  duration_ms: 2079.740194
  type: 'test'
  ...
# Subtest: robots route through the saloon and the workshop
ok 930 - robots route through the saloon and the workshop
  ---
  duration_ms: 87.340807
  type: 'test'
  ...
# Subtest: every piece of furniture has a collider of its footprint and height; clutter stays walk-over
ok 931 - every piece of furniture has a collider of its footprint and height; clutter stays walk-over
  ---
  duration_ms: 42.912854
  type: 'test'
  ...
# Subtest: one list: the renderer draws the furniture from the list the colliders come from
ok 932 - one list: the renderer draws the furniture from the list the colliders come from
  ---
  duration_ms: 1.183724
  type: 'test'
  ...
# Subtest: roles mix escort / support / roam and change; sides sometimes group, usually split
ok 933 - roles mix escort / support / roam and change; sides sometimes group, usually split
  ---
  duration_ms: 14.730294
  type: 'test'
  ...
# Subtest: a supporter goes to a teammate in a fight far off; a roamer only to one close by; an escort stays
ok 934 - a supporter goes to a teammate in a fight far off; a roamer only to one close by; an escort stays
  ---
  duration_ms: 1.542051
  type: 'test'
  ...
# Subtest: splash is measured to the edge of a body, and crates do not shelter from it
ok 935 - splash is measured to the edge of a body, and crates do not shelter from it
  ---
  duration_ms: 3.820246
  type: 'test'
  ...
# Subtest: a mouse volley is drawn onto a target near the cursor; others land where pointed
ok 936 - a mouse volley is drawn onto a target near the cursor; others land where pointed
  ---
  duration_ms: 2.678611
  type: 'test'
  ...
# Subtest: the hex ring spreads faster, and Nominal holds 28
ok 937 - the hex ring spreads faster, and Nominal holds 28
  ---
  duration_ms: 0.131956
  type: 'test'
  ...
# Subtest: a kill reads KILL, or ONE SHOT
ok 938 - a kill reads KILL, or ONE SHOT
  ---
  duration_ms: 0.121041
  type: 'test'
  ...
# Subtest: renaming preserves settings, controls, weapon tutorials and cached thumbnail without overwriting new saves
ok 939 - renaming preserves settings, controls, weapon tutorials and cached thumbnail without overwriting new saves
  ---
  duration_ms: 0.901533
  type: 'test'
  ...
# Subtest: unavailable browser storage does not block startup
ok 940 - unavailable browser storage does not block startup
  ---
  duration_ms: 0.429511
  type: 'test'
  ...
# Subtest: scorch queue spreads radial work over frames and clearing cancels pending work
ok 941 - scorch queue spreads radial work over frames and clearing cancels pending work
  ---
  duration_ms: 2.812789
  type: 'test'
  ...
# Subtest: cosmetic impact queue has a bounded backlog
ok 942 - cosmetic impact queue has a bounded backlog
  ---
  duration_ms: 0.302775
  type: 'test'
  ...
# Subtest: target blocks walking and dashing, disappears on death, returns on respawn
ok 943 - target blocks walking and dashing, disappears on death, returns on respawn
  ---
  duration_ms: 13.9837
  type: 'test'
  ...
# Subtest: dummy blocks walking and dashing, disappears on death, returns on respawn
ok 944 - dummy blocks walking and dashing, disappears on death, returns on respawn
  ---
  duration_ms: 1.48636
  type: 'test'
  ...
# Subtest: glancing movement slides around a dummy without a long correction
ok 945 - glancing movement slides around a dummy without a long correction
  ---
  duration_ms: 2.985132
  type: 'test'
  ...
# Subtest: bullet holes only from bullets; any damage breaks it; new stages report debris
ok 946 - bullet holes only from bullets; any damage breaks it; new stages report debris
  ---
  duration_ms: 47.599447
  type: 'test'
  ...
# Subtest: the sim counts bullet hits only for real bullets, and forgets them on respawn
ok 947 - the sim counts bullet hits only for real bullets, and forgets them on respawn
  ---
  duration_ms: 1.695387
  type: 'test'
  ...
# Subtest: targets face within about 60 degrees of the camera, never away
ok 948 - targets face within about 60 degrees of the camera, never away
  ---
  duration_ms: 0.625725
  type: 'test'
  ...
# Subtest: idle by default: nothing is locked until an arrow or flick picks a target
ok 949 - idle by default: nothing is locked until an arrow or flick picks a target
  ---
  duration_ms: 1.244092
  type: 'test'
  ...
# Subtest: the aim glides onto the picked target
ok 950 - the aim glides onto the picked target
  ---
  duration_ms: 0.380416
  type: 'test'
  ...
# Subtest: locked, arrows move to the next target that way; none that way goes idle
ok 951 - locked, arrows move to the next target that way; none that way goes idle
  ---
  duration_ms: 1.871382
  type: 'test'
  ...
# Subtest: a target that dies or leaves hands over to the nearest other one, or goes idle
ok 952 - a target that dies or leaves hands over to the nearest other one, or goes idle
  ---
  duration_ms: 0.326032
  type: 'test'
  ...
# Subtest: only targets the player can see count: not under a roof, and from indoors only through openings
ok 953 - only targets the player can see count: not under a roof, and from indoors only through openings
  ---
  duration_ms: 172.410346
  type: 'test'
  ...
# Subtest: aim assist ignores targets the player cannot see
ok 954 - aim assist ignores targets the player cannot see
  ---
  duration_ms: 7.947556
  type: 'test'
  ...
# Subtest: a moment out of sight keeps the lock; a longer one or a death lets it go
ok 955 - a moment out of sight keeps the lock; a longer one or a death lets it go
  ---
  duration_ms: 0.420335
  type: 'test'
  ...
# Subtest: Test Hill gets every kind, the same pieces on every load
ok 956 - Test Hill gets every kind, the same pieces on every load
  ---
  duration_ms: 135.14557
  type: 'test'
  ...
# Subtest: the presets build up: sparse, then medium, then dense
ok 957 - the presets build up: sparse, then medium, then dense
  ---
  duration_ms: 8.760738
  type: 'test'
  ...
# Subtest: litter stays brown: no red on the ground
ok 958 - litter stays brown: no red on the ground
  ---
  duration_ms: 9.625862
  type: 'test'
  ...
# Subtest: pieces keep off paths, water, fords, decks, pads, walls, buildings, props and steep ground
ok 959 - pieces keep off paths, water, fords, decks, pads, walls, buildings, props and steep ground
  ---
  duration_ms: 47.897808
  type: 'test'
  ...
# Subtest: map data: regions thicken a kind, and groundDetail: false turns the layer off
ok 960 - map data: regions thicken a kind, and groundDetail: false turns the layer off
  ---
  duration_ms: 8.378937
  type: 'test'
  ...
# Subtest: pieces sit on the drawn ground: flat ones on it, upright ones rooted in it, on every preset mesh
ok 961 - pieces sit on the drawn ground: flat ones on it, upright ones rooted in it, on every preset mesh
  ---
  duration_ms: 421.730245
  type: 'test'
  ...
# Subtest: the renderer cost: one instanced draw per kind per group, no shadows, and quick to build
ok 962 - the renderer cost: one instanced draw per kind per group, no shadows, and quick to build
  ---
  duration_ms: 14.891351
  type: 'test'
  ...
# Subtest: the map view builds the layer on terrain maps (world-build.js makeHillTerrain)
ok 963 - the map view builds the layer on terrain maps (world-build.js makeHillTerrain)
  ---
  duration_ms: 0.432645
  type: 'test'
  ...
# \# per mark (node): bullet 2.025 -> 0.005 ms, 8 m burn 0.830 -> 0.096 ms
# Subtest: a burn is draped over the ground: across tile edges, down into the hollow, over the hill
ok 964 - a burn is draped over the ground: across tile edges, down into the hollow, over the hill
  ---
  duration_ms: 23.866609
  type: 'test'
  ...
# Subtest: a burn against a retaining wall leaves out the drop, so no sheet hangs off the top
ok 965 - a burn against a retaining wall leaves out the drop, so no sheet hangs off the top
  ---
  duration_ms: 5.725263
  type: 'test'
  ...
# Subtest: small marks are quads on the slope; big ones are burns; both pools recycle per preset
ok 966 - small marks are quads on the slope; big ones are burns; both pools recycle per preset
  ---
  duration_ms: 51.103276
  type: 'test'
  ...
# Subtest: SurfaceMarks sends ground hits on a terrain map to the pools, and keeps decals for what stands on it
ok 967 - SurfaceMarks sends ground hits on a terrain map to the pools, and keeps decals for what stands on it
  ---
  duration_ms: 122.215961
  type: 'test'
  ...
# Subtest: a ground mark costs a small fraction of a DecalGeometry over the RTIN tiles
ok 968 - a ground mark costs a small fraction of a DecalGeometry over the RTIN tiles
  ---
  duration_ms: 224.410744
  type: 'test'
  ...
# Subtest: named and x,z spots resolve; unknown names throw
ok 969 - named and x,z spots resolve; unknown names throw
  ---
  duration_ms: 2.894558
  type: 'test'
  ...
# Subtest: Test Hill spots sit inside the terrain
ok 970 - Test Hill spots sit inside the terrain
  ---
  duration_ms: 0.247927
  type: 'test'
  ...
# Subtest: flags parse with a space or =
ok 971 - flags parse with a space or =
  ---
  duration_ms: 0.208556
  type: 'test'
  ...
# Subtest: the walk judge catches NaN, sinking and getting stuck
ok 972 - the walk judge catches NaN, sinking and getting stuck
  ---
  duration_ms: 0.458059
  type: 'test'
  ...
# Subtest: a map without terrain is exactly flat, and gets no terrain colliders
ok 973 - a map without terrain is exactly flat, and gets no terrain colliders
  ---
  duration_ms: 125.365918
  type: 'test'
  ...
# Subtest: every terrain map ships an up-to-date bake (else: node tools/bake-terrain.mjs)
ok 974 - every terrain map ships an up-to-date bake (else: node tools/bake-terrain.mjs)
  ---
  duration_ms: 668.857221
  type: 'test'
  ...
# Subtest: the grid text form round-trips any heights
ok 975 - the grid text form round-trips any heights
  ---
  duration_ms: 1.40605
  type: 'test'
  ...
# Subtest: buildings stand on flat pads at their baseY
ok 976 - buildings stand on flat pads at their baseY
  ---
  duration_ms: 13.518287
  type: 'test'
  ...
# Subtest: gradientAt is the slope of heightAt
ok 977 - gradientAt is the slope of heightAt
  ---
  duration_ms: 1.421605
  type: 'test'
  ...
# Subtest: sight over the ground is mutual, blocked by a crest and clear over open ground
ok 978 - sight over the ground is mutual, blocked by a crest and clear over open ground
  ---
  duration_ms: 30.714235
  type: 'test'
  ...
# Subtest: a round flies over the ground: never into it before its stop, never steeper than 1:1, and stopped only by walls
ok 979 - a round flies over the ground: never into it before its stop, never steeper than 1:1, and stopped only by walls
  ---
  duration_ms: 274.468123
  type: 'test'
  ...
# Subtest: a round holds its height across a narrow hollow, comes down a slope with the ground, and goes over or under a deck
ok 980 - a round holds its height across a narrow hollow, comes down a slope with the ground, and goes over or under a deck
  ---
  duration_ms: 1.2635
  type: 'test'
  ...
# Subtest: decks are ground to stand on but are not drawn
ok 981 - decks are ground to stand on but are not drawn
  ---
  duration_ms: 3.070239
  type: 'test'
  ...
# Subtest: steep edges are walls; nowhere a body can stand is steeper than 1:1
ok 982 - steep edges are walls; nowhere a body can stand is steeper than 1:1
  ---
  duration_ms: 2807.497292
  type: 'test'
  ...
# Subtest: open ground: never steeper than an orb climbs, nor steeper than 30% for more than 8 m
ok 983 - open ground: never steeper than an orb climbs, nor steeper than 30% for more than 8 m
  ---
  duration_ms: 6769.314218
  type: 'test'
  ...
# Subtest: map fingerprints: engine-independent (every number to the micrometre, far from a tie)
ok 984 - map fingerprints: engine-independent (every number to the micrometre, far from a tie)
  ---
  duration_ms: 870.557962
  type: 'test'
  ...
# Subtest: an edge collider covers its edge
ok 985 - an edge collider covers its edge
  ---
  duration_ms: 0.279251
  type: 'test'
  ...
# Subtest: the title is the main menu home page, with the blood installed on it
ok 986 - the title is the main menu home page, with the blood installed on it
  ---
  duration_ms: 1.973439
  type: 'test'
  ...
# Subtest: the dev tools link asks for the code until the tools are unlocked
ok 987 - the dev tools link asks for the code until the tools are unlocked
  ---
  duration_ms: 0.665571
  type: 'test'
  ...
# Subtest: title blood: the game's colours, flat, clipped to the letters, bowls filled, buttons followed
ok 988 - title blood: the game's colours, flat, clipped to the letters, bowls filled, buttons followed
  ---
  duration_ms: 0.937733
  type: 'test'
  ...
# Subtest: secondary touches activate every action independently while move and aim stay held
ok 989 - secondary touches activate every action independently while move and aim stay held
  ---
  duration_ms: 2.931599
  type: 'test'
  ...
# Subtest: cancellation, pause reset and accessibility activation leave no held action
ok 990 - cancellation, pause reset and accessibility activation leave no held action
  ---
  duration_ms: 1.669195
  type: 'test'
  ...
# Subtest: portrait and landscape keep independent saved controls
ok 991 - portrait and landscape keep independent saved controls
  ---
  duration_ms: 2.343463
  type: 'test'
  ...
# Subtest: controls stay below the reserved quarter and inside portrait and landscape screens
ok 992 - controls stay below the reserved quarter and inside portrait and landscape screens
  ---
  duration_ms: 1.432259
  type: 'test'
  ...
# Subtest: saved layouts validate coordinates and retain shared action positions
ok 993 - saved layouts validate coordinates and retain shared action positions
  ---
  duration_ms: 0.305891
  type: 'test'
  ...
# Subtest: putting one control back forgets only that control, so it rejoins the corner cluster
ok 994 - putting one control back forgets only that control, so it rejoins the corner cluster
  ---
  duration_ms: 0.31551
  type: 'test'
  ...
# Subtest: the layout editor also opens from the menus, over a still frame of the map with no HUD
ok 995 - the layout editor also opens from the menus, over a still frame of the map with no HUD
  ---
  duration_ms: 2.247495
  type: 'test'
  ...
# Subtest: the tutorial weapon list is titled "tutorial weapons"
ok 996 - the tutorial weapon list is titled "tutorial weapons"
  ---
  duration_ms: 0.308175
  type: 'test'
  ...
# Subtest: only a finished course is saved, and basics is tracked apart from the weapons
ok 997 - only a finished course is saved, and basics is tracked apart from the weapons
  ---
  duration_ms: 1.156042
  type: 'test'
  ...
# Subtest: Ballast tutorial targets and dummies have 400 health including respawns without changing other tutorials
ok 998 - Ballast tutorial targets and dummies have 400 health including respawns without changing other tutorials
  ---
  duration_ms: 16.15047
  type: 'test'
  ...
# Subtest: the range is enclosed and clear: five targets in a row and a few breakable crates
ok 999 - the range is enclosed and clear: five targets in a row and a few breakable crates
  ---
  duration_ms: 0.422226
  type: 'test'
  ...
# Subtest: lessons start on their own and move on on their own: no begin or continue
ok 1000 - lessons start on their own and move on on their own: no begin or continue
  ---
  duration_ms: 2.345995
  type: 'test'
  ...
# Subtest: the arrow points at the zone, then at the nearest standing crate
ok 1001 - the arrow points at the zone, then at the nearest standing crate
  ---
  duration_ms: 0.503793
  type: 'test'
  ...
# Subtest: dashing through crates counts, shooting them does not, and they come back
ok 1002 - dashing through crates counts, shooting them does not, and they come back
  ---
  duration_ms: 7.317162
  type: 'test'
  ...
# Subtest: a crate never respawns on top of the player
ok 1003 - a crate never respawns on top of the player
  ---
  duration_ms: 0.962379
  type: 'test'
  ...
# Subtest: basics then map finishes the course; weapon courses teach only their weapon
ok 1004 - basics then map finishes the course; weapon courses teach only their weapon
  ---
  duration_ms: 6.27991
  type: 'test'
  ...
# Subtest: Nominal course: taps, held fire, aimed hits, reloads, grenades and the surge
ok 1005 - Nominal course: taps, held fire, aimed hits, reloads, grenades and the surge
  ---
  duration_ms: 0.374499
  type: 'test'
  ...
# Subtest: Static and Ballast courses credit their own actions
ok 1006 - Static and Ballast courses credit their own actions
  ---
  duration_ms: 0.776647
  type: 'test'
  ...
# Subtest: copy is lowercase and plain, with key names as capital keycaps
ok 1007 - copy is lowercase and plain, with key names as capital keycaps
  ---
  duration_ms: 1.671738
  type: 'test'
  ...
# Subtest: Omen teaches six lessons without aim-in and credits late timing rather than a lucky damage roll
ok 1008 - Omen teaches six lessons without aim-in and credits late timing rather than a lucky damage roll
  ---
  duration_ms: 0.338178
  type: 'test'
  ...
# Subtest: Omen range cooldown help preserves active prime, flight and curse timers and stays out of other courses
ok 1009 - Omen range cooldown help preserves active prime, flight and curse timers and stays out of other courses
  ---
  duration_ms: 0.400302
  type: 'test'
  ...
# Subtest: two full loads: two Nominal magazines and 4 Ballast shells
ok 1010 - two full loads: two Nominal magazines and 4 Ballast shells
  ---
  duration_ms: 0.219706
  type: 'test'
  ...
# Subtest: the no-mouse lesson is skipped on a touchscreen
ok 1011 - the no-mouse lesson is skipped on a touchscreen
  ---
  duration_ms: 0.16071
  type: 'test'
  ...
# Subtest: left-click prompts name E too wherever E does the same (E shoots, Q is the weapon's other action)
ok 1012 - left-click prompts name E too wherever E does the same (E shoots, Q is the weapon's other action)
  ---
  duration_ms: 0.494248
  type: 'test'
  ...
# Subtest: touch players learn to aim with the right thumb while walking; keyboard players skip it
ok 1013 - touch players learn to aim with the right thumb while walking; keyboard players skip it
  ---
  duration_ms: 0.577084
  type: 'test'
  ...
# Subtest: the X abilities go by their names everywhere: hex, nova, blast
ok 1014 - the X abilities go by their names everywhere: hex, nova, blast
  ---
  duration_ms: 0.437451
  type: 'test'
  ...
# Subtest: the screen size is cached until something resizes
ok 1015 - the screen size is cached until something resizes
  ---
  duration_ms: 1.968169
  type: 'test'
  ...
# Subtest: moving near every room corner never mirrors vision across the camera
ok 1016 - moving near every room corner never mirrors vision across the camera
  ---
  duration_ms: 96.814266
  type: 'test'
  ...
# Subtest: edge-on doorways produce no degenerate visibility polygon
ok 1017 - edge-on doorways produce no degenerate visibility polygon
  ---
  duration_ms: 0.187816
  type: 'test'
  ...
# Subtest: the shroud never greys the room you are in: its box, floor to eaves, walls and trim, is clear on screen
ok 1018 - the shroud never greys the room you are in: its box, floor to eaves, walls and trim, is clear on screen
  ---
  duration_ms: 23.419965
  type: 'test'
  ...
# Subtest: the stream: no barriers, and its depth varies along it
ok 1019 - the stream: no barriers, and its depth varies along it
  ---
  duration_ms: 264.35521
  type: 'test'
  ...
# Subtest: wading: slower against the current (east), quicker with it (west), a little slower across
ok 1020 - wading: slower against the current (east), quicker with it (west), a little slower across
  ---
  duration_ms: 65.097816
  type: 'test'
  ...
# Subtest: wading: a dodge goes shorter, and stamina refills slower
ok 1021 - wading: a dodge goes shorter, and stamina refills slower
  ---
  duration_ms: 61.792168
  type: 'test'
  ...
# Subtest: decks: onto them from their ends, under them from the water, off their sides into it
ok 1022 - decks: onto them from their ends, under them from the water, off their sides into it
  ---
  duration_ms: 140.31498
  type: 'test'
  ...
# Subtest: network: a player under a deck says so
ok 1023 - network: a player under a deck says so
  ---
  duration_ms: 22.001042
  type: 'test'
  ...
# Subtest: online: a body wading under a deck is hit along the stream, not from the deck top, and is listed under it
ok 1024 - online: a body wading under a deck is hit along the stream, not from the deck top, and is listed under it
  ---
  duration_ms: 170.427101
  type: 'test'
  ...
# Subtest: a body pushed into a deck's outline from the water stays under it; orbs are not stopped by decks
ok 1025 - a body pushed into a deck's outline from the water stays under it; orbs are not stopped by decks
  ---
  duration_ms: 18.772733
  type: 'test'
  ...
# Subtest: what a wader makes under a deck is drawn under it with them, and nobody else is
ok 1026 - what a wader makes under a deck is drawn under it with them, and nobody else is
  ---
  duration_ms: 89.315855
  type: 'test'
  ...
# Subtest: a body that falls wading under a deck lies in the water there, not on the planks
ok 1027 - a body that falls wading under a deck lies in the water there, not on the planks
  ---
  duration_ms: 18.14174
  type: 'test'
  ...
# Subtest: under any deck, both ends are shut: you go no further than its abutments and leave from a side
ok 1028 - under any deck, both ends are shut: you go no further than its abutments and leave from a side
  ---
  duration_ms: 232.252593
  type: 'test'
  ...
# Subtest: the field: shallow at the ford, deep in the channel, dry on a deck and the bank; it flows west, fastest mid-stream
ok 1029 - the field: shallow at the ford, deep in the channel, dry on a deck and the bank; it flows west, fastest mid-stream
  ---
  duration_ms: 2.132052
  type: 'test'
  ...
# Subtest: the field's depth: over the ground you would stand on, as the simulation reads it; nothing on a flat map
ok 1030 - the field's depth: over the ground you would stand on, as the simulation reads it; nothing on a flat map
  ---
  duration_ms: 0.49186
  type: 'test'
  ...
# Subtest: the water mesh: a denser ribbon with depth and flow per vertex, see-through, the ford tinted toward its pebbles, rings round the stones
ok 1031 - the water mesh: a denser ribbon with depth and flow per vertex, see-through, the ford tinted toward its pebbles, rings round the stones
  ---
  duration_ms: 54.618466
  type: 'test'
  ...
# Subtest: no water, nothing made: a flat map gets no water mesh and no water effects
ok 1032 - no water, nothing made: a flat map gets no water mesh and no water effects
  ---
  duration_ms: 0.259024
  type: 'test'
  ...
# Subtest: the ladder: every pool is in the scene before the warm-up; Extreme never less than Quality; one program for every preset
ok 1033 - the ladder: every pool is in the scene before the warm-up; Extreme never less than Quality; one program for every preset
  ---
  duration_ms: 68.144037
  type: 'test'
  ...
# Subtest: shots and blasts in the water splash instead of kicking up dust; a grenade throws up a spout
ok 1034 - shots and blasts in the water splash instead of kicking up dust; a grenade throws up a spout
  ---
  duration_ms: 123.614255
  type: 'test'
  ...
# Subtest: wading: any body where the ground is under the water ripples and splashes, you, other players and robots alike
ok 1035 - wading: any body where the ground is under the water ripples and splashes, you, other players and robots alike
  ---
  duration_ms: 37.671047
  type: 'test'
  ...
# Subtest: blood in the water spreads thin; Quality and up it drifts downstream; a body in the stream bleeds into it
ok 1036 - blood in the water spreads thin; Quality and up it drifts downstream; a body in the stream bleeds into it
  ---
  duration_ms: 77.907776
  type: 'test'
  ...
# Subtest: later stages: a waterwheel drips, the body pile tints the water, a body drifts until the shallows
ok 1037 - later stages: a waterwheel drips, the body pile tints the water, a body drifts until the shallows
  ---
  duration_ms: 14.273808
  type: 'test'
  ...
# Subtest: the view hands the stream its events, blood, dust colour and frames
ok 1038 - the view hands the stream its events, blood, dust colour and frames
  ---
  duration_ms: 1.866123
  type: 'test'
  ...
# Subtest: orbs surrounding a point meet exactly there and never form a separate projectile
ok 1039 - orbs surrounding a point meet exactly there and never form a separate projectile
  ---
  duration_ms: 11.992155
  type: 'test'
  ...
# Subtest: orbs hit the same selected point inside a target
ok 1040 - orbs hit the same selected point inside a target
  ---
  duration_ms: 2.571076
  type: 'test'
  ...
# Subtest: one orb launches immediately and deals less damage per orb than a full volley
ok 1041 - one orb launches immediately and deals less damage per orb than a full volley
  ---
  duration_ms: 0.279211
  type: 'test'
  ...
# Subtest: active seeds reserve the supply, so waiting before launch cannot bank a second full volley
ok 1042 - active seeds reserve the supply, so waiting before launch cannot bank a second full volley
  ---
  duration_ms: 28.772472
  type: 'test'
  ...
# Subtest: small volleys leave reserve ammunition immediately available
ok 1043 - small volleys leave reserve ammunition immediately available
  ---
  duration_ms: 0.817372
  type: 'test'
  ...
# Subtest: ammo never exceeds capacity while seeding, launching, expiring and refilling
ok 1044 - ammo never exceeds capacity while seeding, launching, expiring and refilling
  ---
  duration_ms: 42.573936
  type: 'test'
  ...
# Subtest: brushing the long range fence never teleports the player along it
ok 1045 - brushing the long range fence never teleports the player along it
  ---
  duration_ms: 197.669416
  type: 'test'
  ...
# Subtest: fence corners allow sliding without crossing or long-distance correction
ok 1046 - fence corners allow sliding without crossing or long-distance correction
  ---
  duration_ms: 1.745092
  type: 'test'
  ...
# Subtest: render caps produce the requested frame count independently of simulation ticks
ok 1047 - render caps produce the requested frame count independently of simulation ticks
  ---
  duration_ms: 4.938897
  type: 'test'
  ...
# Subtest: graphics tiers change resolution, shadow work, texture detail and effect budgets
ok 1048 - graphics tiers change resolution, shadow work, texture detail and effect budgets
  ---
  duration_ms: 2.08021
  type: 'test'
  ...
# Subtest: mobile opacity accepts saved presets and rejects invalid values
ok 1049 - mobile opacity accepts saved presets and rejects invalid values
  ---
  duration_ms: 0.69598
  type: 'test'
  ...
# Subtest: first launch defaults to Performance on mobile and Balanced on PC, preserving saved choices
ok 1050 - first launch defaults to Performance on mobile and Balanced on PC, preserving saved choices
  ---
  duration_ms: 0.21092
  type: 'test'
  ...
# Subtest: full screen while playing is a saved choice, on unless turned off
ok 1051 - full screen while playing is a saved choice, on unless turned off
  ---
  duration_ms: 0.129163
  type: 'test'
  ...
# Subtest: the phone page is set up as a game, not a document
ok 1052 - the phone page is set up as a game, not a document
  ---
  duration_ms: 2.416672
  type: 'test'
  ...
# Subtest: weapon grids list random then every weapon in the registry, with pictures
ok 1053 - weapon grids list random then every weapon in the registry, with pictures
  ---
  duration_ms: 2.512952
  type: 'test'
  ...
# Subtest: every weapon-choosing menu uses the grid
ok 1054 - every weapon-choosing menu uses the grid
  ---
  duration_ms: 0.248746
  type: 'test'
  ...
# Subtest: Ballast reload fills both shell slots gradually after opening the breech
ok 1055 - Ballast reload fills both shell slots gradually after opening the breech
  ---
  duration_ms: 2.171948
  type: 'test'
  ...
# Subtest: reload display drains old rounds, changes empty capacity, then fills the incoming magazine
ok 1056 - reload display drains old rounds, changes empty capacity, then fills the incoming magazine
  ---
  duration_ms: 0.458266
  type: 'test'
  ...
# Subtest: X ability colour states: red recharging, pink ready, yellow charging, blue in use
ok 1057 - X ability colour states: red recharging, pink ready, yellow charging, blue in use
  ---
  duration_ms: 1.930767
  type: 'test'
  ...
1..1057
# tests 1057
# suites 0
# pass 1057
# fail 0
# cancelled 0
# skipped 0
# todo 0
# duration_ms 150472.161396
